Microchip MPLAB XC8 Compiler V1.42 ()

Linker command line:

-W-3 --edf=C:\Program Files (x86)\Microchip\xc8\v1.42\dat\en_msgs.txt -cs \
  -h+dist/default/production\Usart.X.production.sym \
  --cmf=dist/default/production\Usart.X.production.cmf -z -Q16F1937 \
  -oC:\Users\Anamaria\AppData\Local\Temp\s9uc.2 \
  -Mdist/default/production/Usart.X.production.map -E1 -ver=XC8 \
  -ASTACK=0218Bh-021efh -pstack=STACK -ACODE=00h-07FFhx4 \
  -ASTRCODE=00h-01FFFh -ASTRING=00h-0FFhx32 -ACONST=00h-0FFhx32 \
  -AENTRY=00h-0FFhx32 -ACOMMON=070h-07Fh -ABANK0=020h-06Fh \
  -ABANK1=0A0h-0EFh -ABANK2=0120h-016Fh -ABANK3=01A0h-01EFh \
  -ABANK4=0220h-026Fh -ABANK5=02A0h-02EFh -ABANK6=0320h-032Fh \
  -ABIGRAM=02000h-021EFh \
  -ARAM=020h-06Fh,0A0h-0EFh,0120h-016Fh,01A0h-01EFh,0220h-026Fh,02A0h-02EFh,0320h-032Fh \
  -AABS1=020h-07Fh,0A0h-0EFh,0120h-016Fh,01A0h-01EFh,0220h-026Fh,02A0h-02EFh,0320h-032Fh \
  -ASFR0=00h-01Fh -ASFR1=080h-09Fh -ASFR2=0100h-011Fh -ASFR3=0180h-019Fh \
  -ASFR4=0200h-021Fh -ASFR5=0280h-029Fh -ASFR6=0300h-031Fh \
  -ASFR7=0380h-03EFh -ASFR8=0400h-046Fh -ASFR9=0480h-04EFh \
  -ASFR10=0500h-056Fh -ASFR11=0580h-05EFh -ASFR12=0600h-066Fh \
  -ASFR13=0680h-06EFh -ASFR14=0700h-076Fh -ASFR15=0780h-07EFh \
  -ASFR16=0800h-086Fh -ASFR17=0880h-08EFh -ASFR18=0900h-096Fh \
  -ASFR19=0980h-09EFh -ASFR20=0A00h-0A6Fh -ASFR21=0A80h-0AEFh \
  -ASFR22=0B00h-0B6Fh -ASFR23=0B80h-0BEFh -ASFR24=0C00h-0C6Fh \
  -ASFR25=0C80h-0CEFh -ASFR26=0D00h-0D6Fh -ASFR27=0D80h-0DEFh \
  -ASFR28=0E00h-0E6Fh -ASFR29=0E80h-0EEFh -ASFR30=0F00h-0F6Fh \
  -ASFR31=0F80h-0FEFh -preset_vec=00h,intentry=04h,init,end_init \
  -ppowerup=CODE -pcinit=CODE -pfunctab=CODE -ACONFIG=08007h-08008h \
  -pconfig=CONFIG -DCONFIG=2 -AIDLOC=08000h-08003h -pidloc=IDLOC -DIDLOC=2 \
  -AEEDATA=00h-0FFh/0F000h -peeprom_data=EEDATA -DEEDATA=2 -DCODE=2 \
  -DSTRCODE=2 -DSTRING=2 -DCONST=2 -DENTRY=2 -k \
  C:\Users\Anamaria\AppData\Local\Temp\s9uc.obj \
  dist/default/production\Usart.X.production.obj 

Object code version is 3.11

Machine type is 16F1937



                Name                               Link     Load   Length Selector   Space Scale
C:\Users\Anamaria\AppData\Local\Temp\s9uc.obj
                end_init                             3C       3C        2        8       0
                reset_vec                             0        0        2        0       0
                config                             8007     8007        2    1000E       0
dist/default/production\Usart.X.production.obj
                cinit                                3E       3E       40        8       0
                intentry                              4        4       38        8       0
                text54                              997      997       1C     132E       0
                text53                              8E3      8E3        A     11C6       0
                text52                              C98      C98       4A     1930       0
                text51                              A25      A25       20     144A       0
                text50                              7FF      7FF        1        8       0
                text49                              D34      D34       54     1A68       0
                text48                              9B3      9B3       1C     1366       0
                text46                              8A2      8A2        3     1144       0
                text45                              968      968       17     12D0       0
                text44                              B16      B16       38     162C       0
                text43                              DED      DED       69     1BDA       0
                text42                              B8A      B8A       41     1714       0
                text41                              C0C      C0C       46     1818       0
                text40                              CE2      CE2       52     19C4       0
                text39                              C52      C52       46     18A4       0
                text38                              EDD      EDD       91     1DBA       0
                text37                              BCB      BCB       41     1796       0
                text36                              8C8      8C8        9     1190       0
                text35                              9EB      9EB       1D     13D6       0
                text34                              8B2      8B2        5     1164       0
                text33                              A67      A67       23     14CE       0
                text32                              8D1      8D1        9     11A2       0
                text31                              8A5      8A5        3     114A       0
                text30                              97F      97F       18     12FE       0
                text29                              8AE      8AE        4     115C       0
                text28                              905      905       12     120A       0
                text27                              929      929       14     1252       0
                text26                              8A8      8A8        3     1150       0
                text25                              8AB      8AB        3     1156       0
                text24                              E56      E56       87     1CAC       0
                text23                              AE1      AE1       35     15C2       0
                text22                              AB4      AB4       2D     1568       0
                text21                              7D8      7D8       27        8       0
                text20                              8B7      8B7        5     116E       0
                text19                              228      228      132        8       0
                text18                              952      952       16     12A4       0
                text17                              A08      A08       1D     1410       0
                text16                              73E      73E       9A        8       0
                text15                              8ED      8ED        C     11DA       0
                text14                              52B      52B       B6        8       0
                text13                              8F9      8F9        C     11F2       0
                text12                              D88      D88       65     1B10       0
                text11                              A45      A45       22     148A       0
                text10                              917      917       12     122E       0
                text9                               35A      35A       F6        8       0
                text8                               695      695       A9        8       0
                text7                               B4E      B4E       3C     169C       0
                text6                               5E1      5E1       B4        8       0
                text5                               8DA      8DA        9     11B4       0
                text4                               93D      93D       15     127A       0
                text3                               9CF      9CF       1C     139E       0
                text2                                7E       7E      1AA        8       0
                text1                               F6E      F6E       92     1EDC       0
                maintext                            450      450       DB        8       0
                cstackBANK0                          20       20       43       20       1
                cstackCOMMON                         70       70        A       70       1
                cstackBANK1                          A0       A0       4D       A0       1
                cstackBANK2                         120      120       2A      120       1
                clrtext                             8BC      8BC        6     1178       0
                inittext                            8C2      8C2        6     1184       0
                bssBANK4                            220      220       4B      220       1
                dataBANK3                           1A0      1A0       2A      1A0       1
                bssBANK3                            1CA      1CA       1D      1A0       1
                dataBANK2                           16E      16E        2      120       1
                bssBANK2                            14A      14A       21      120       1
                bssBANK1                             ED       ED        3       A0       1
                bssBANK0                             63       63        B       20       1
                bssCOMMON                            7A       7A        4       70       1
                stringtext11                       108C     108C        3     2000       0
                stringtext10                       1084     1084        8     2000       0
                stringtext9                        107A     107A        A     2000       0
                stringtext8                        1070     1070        A     2000       0
                stringtext7                        1058     1058        E     2000       0
                stringtext6                        1049     1049        F     2000       0
                stringtext5                        1038     1038       11     2000       0
                stringtext4                        1027     1027       11     2000       0
                stringtext3                        1015     1015       12     2000       0
                stringtext2                        1000     1000       15     2000       0
                nvBANK3                             1E7      1E7        2      1A0       1
                nvBANK2                             16B      16B        3      120       1
                nvBANK0                              6E       6E        2       20       1
                stringtext1                        1066     1066        A     2000       0
                idataBANK3                          A8A      A8A       2A     1514       0
                idataBANK2                            2        2        2        0       0

TOTAL           Name                               Link     Load   Length     Space
        CLASS   STACK          

        CLASS   CODE           
                end_init                             3C       3C        2         0
                cinit                                3E       3E       40         0
                intentry                              4        4       38         0
                reset_vec                             0        0        2         0
                text54                              997      997       1C         0
                text53                              8E3      8E3        A         0
                text52                              C98      C98       4A         0
                text51                              A25      A25       20         0
                text50                              7FF      7FF        1         0
                text49                              D34      D34       54         0
                text48                              9B3      9B3       1C         0
                text46                              8A2      8A2        3         0
                text45                              968      968       17         0
                text44                              B16      B16       38         0
                text43                              DED      DED       69         0
                text42                              B8A      B8A       41         0
                text41                              C0C      C0C       46         0
                text40                              CE2      CE2       52         0
                text39                              C52      C52       46         0
                text38                              EDD      EDD       91         0
                text37                              BCB      BCB       41         0
                text36                              8C8      8C8        9         0
                text35                              9EB      9EB       1D         0
                text34                              8B2      8B2        5         0
                text33                              A67      A67       23         0
                text32                              8D1      8D1        9         0
                text31                              8A5      8A5        3         0
                text30                              97F      97F       18         0
                text29                              8AE      8AE        4         0
                text28                              905      905       12         0
                text27                              929      929       14         0
                text26                              8A8      8A8        3         0
                text25                              8AB      8AB        3         0
                text24                              E56      E56       87         0
                text23                              AE1      AE1       35         0
                text22                              AB4      AB4       2D         0
                text21                              7D8      7D8       27         0
                text20                              8B7      8B7        5         0
                text19                              228      228      132         0
                text18                              952      952       16         0
                text17                              A08      A08       1D         0
                text16                              73E      73E       9A         0
                text15                              8ED      8ED        C         0
                text14                              52B      52B       B6         0
                text13                              8F9      8F9        C         0
                text12                              D88      D88       65         0
                text11                              A45      A45       22         0
                text10                              917      917       12         0
                text9                               35A      35A       F6         0
                text8                               695      695       A9         0
                text7                               B4E      B4E       3C         0
                text6                               5E1      5E1       B4         0
                text5                               8DA      8DA        9         0
                text4                               93D      93D       15         0
                text3                               9CF      9CF       1C         0
                text2                                7E       7E      1AA         0
                text1                               F6E      F6E       92         0
                maintext                            450      450       DB         0
                clrtext                             8BC      8BC        6         0
                inittext                            8C2      8C2        6         0
                idataBANK3                          A8A      A8A       2A         0
                idataBANK2                            2        2        2         0

        CLASS   STRCODE        
                stringtext11                       108C     108C        3         0
                stringtext10                       1084     1084        8         0
                stringtext9                        107A     107A        A         0
                stringtext8                        1070     1070        A         0
                stringtext7                        1058     1058        E         0
                stringtext6                        1049     1049        F         0
                stringtext5                        1038     1038       11         0
                stringtext4                        1027     1027       11         0
                stringtext3                        1015     1015       12         0
                stringtext2                        1000     1000       15         0
                stringtext1                        1066     1066        A         0

        CLASS   STRING         

        CLASS   CONST          

        CLASS   ENTRY          

        CLASS   COMMON         
                cstackCOMMON                         70       70        A         1
                bssCOMMON                            7A       7A        4         1

        CLASS   BANK0          
                cstackBANK0                          20       20       43         1
                bssBANK0                             63       63        B         1
                nvBANK0                              6E       6E        2         1

        CLASS   BANK1          
                cstackBANK1                          A0       A0       4D         1
                bssBANK1                             ED       ED        3         1

        CLASS   BANK2          
                cstackBANK2                         120      120       2A         1
                dataBANK2                           16E      16E        2         1
                bssBANK2                            14A      14A       21         1
                nvBANK2                             16B      16B        3         1

        CLASS   BANK3          
                dataBANK3                           1A0      1A0       2A         1
                bssBANK3                            1CA      1CA       1D         1
                nvBANK3                             1E7      1E7        2         1

        CLASS   BANK4          
                bssBANK4                            220      220       4B         1

        CLASS   BANK5          

        CLASS   BANK6          

        CLASS   BIGRAM         

        CLASS   RAM            

        CLASS   ABS1           
                abs_s1                               7E       7E        2         1

        CLASS   SFR0           

        CLASS   SFR1           

        CLASS   SFR2           

        CLASS   SFR3           

        CLASS   SFR4           

        CLASS   SFR5           

        CLASS   SFR6           

        CLASS   SFR7           

        CLASS   SFR8           

        CLASS   SFR9           

        CLASS   SFR10          

        CLASS   SFR11          

        CLASS   SFR12          

        CLASS   SFR13          

        CLASS   SFR14          

        CLASS   SFR15          

        CLASS   SFR16          

        CLASS   SFR17          

        CLASS   SFR18          

        CLASS   SFR19          

        CLASS   SFR20          

        CLASS   SFR21          

        CLASS   SFR22          

        CLASS   SFR23          

        CLASS   SFR24          

        CLASS   SFR25          

        CLASS   SFR26          

        CLASS   SFR27          

        CLASS   SFR28          

        CLASS   SFR29          

        CLASS   SFR30          

        CLASS   SFR31          

        CLASS   CONFIG         
                config                             8007     8007        2         0

        CLASS   IDLOC          

        CLASS   EEDATA         

        CLASS   BANK31         

        CLASS   BANK30         

        CLASS   BANK29         

        CLASS   BANK28         

        CLASS   BANK27         

        CLASS   BANK26         

        CLASS   BANK25         

        CLASS   BANK24         

        CLASS   BANK23         

        CLASS   BANK22         

        CLASS   BANK21         

        CLASS   BANK20         

        CLASS   BANK19         

        CLASS   BANK18         

        CLASS   BANK17         

        CLASS   BANK16         

        CLASS   BANK15         

        CLASS   BANK14         

        CLASS   BANK13         

        CLASS   BANK12         

        CLASS   BANK11         

        CLASS   BANK10         

        CLASS   BANK9          

        CLASS   BANK8          

        CLASS   BANK7          



SEGMENTS        Name                           Load    Length   Top    Selector   Space  Class     Delta

                reset_vec                      000000  000004  000004         0       0  CODE        2
                intentry                       000004  0007FC  000800         8       0  CODE        2
                cstackBANK0                    000020  000050  000070        20       1  BANK0       1
                cstackCOMMON                   000070  00000E  00007E        70       1  COMMON      1
                cstackBANK1                    0000A0  000050  0000F0        A0       1  BANK1       1
                cstackBANK2                    000120  000050  000170       120       1  BANK2       1
                dataBANK3                      0001A0  000049  0001E9       1A0       1  BANK3       1
                bssBANK4                       000220  00004B  00026B       220       1  BANK4       1
                text46                         0008A2  000003  0008A5      1144       0  CODE        2
                text31                         0008A5  000003  0008A8      114A       0  CODE        2
                text26                         0008A8  000003  0008AB      1150       0  CODE        2
                text25                         0008AB  000003  0008AE      1156       0  CODE        2
                text29                         0008AE  000004  0008B2      115C       0  CODE        2
                text34                         0008B2  000005  0008B7      1164       0  CODE        2
                text20                         0008B7  000005  0008BC      116E       0  CODE        2
                clrtext                        0008BC  000006  0008C2      1178       0  CODE        2
                inittext                       0008C2  000006  0008C8      1184       0  CODE        2
                text36                         0008C8  000009  0008D1      1190       0  CODE        2
                text32                         0008D1  000009  0008DA      11A2       0  CODE        2
                text5                          0008DA  000009  0008E3      11B4       0  CODE        2
                text53                         0008E3  00000A  0008ED      11C6       0  CODE        2
                text15                         0008ED  00000C  0008F9      11DA       0  CODE        2
                text13                         0008F9  00000C  000905      11F2       0  CODE        2
                text28                         000905  000012  000917      120A       0  CODE        2
                text10                         000917  000012  000929      122E       0  CODE        2
                text27                         000929  000014  00093D      1252       0  CODE        2
                text4                          00093D  000015  000952      127A       0  CODE        2
                text18                         000952  000016  000968      12A4       0  CODE        2
                text45                         000968  000017  00097F      12D0       0  CODE        2
                text30                         00097F  000018  000997      12FE       0  CODE        2
                text54                         000997  00001C  0009B3      132E       0  CODE        2
                text48                         0009B3  00001C  0009CF      1366       0  CODE        2
                text3                          0009CF  00001C  0009EB      139E       0  CODE        2
                text35                         0009EB  00001D  000A08      13D6       0  CODE        2
                text17                         000A08  00001D  000A25      1410       0  CODE        2
                text51                         000A25  000020  000A45      144A       0  CODE        2
                text11                         000A45  000022  000A67      148A       0  CODE        2
                text33                         000A67  000023  000A8A      14CE       0  CODE        2
                idataBANK3                     000A8A  00002A  000AB4      1514       0  CODE        2
                text22                         000AB4  00002D  000AE1      1568       0  CODE        2
                text23                         000AE1  000035  000B16      15C2       0  CODE        2
                text44                         000B16  000038  000B4E      162C       0  CODE        2
                text7                          000B4E  00003C  000B8A      169C       0  CODE        2
                text42                         000B8A  000041  000BCB      1714       0  CODE        2
                text37                         000BCB  000041  000C0C      1796       0  CODE        2
                text41                         000C0C  000046  000C52      1818       0  CODE        2
                text39                         000C52  000046  000C98      18A4       0  CODE        2
                text52                         000C98  00004A  000CE2      1930       0  CODE        2
                text40                         000CE2  000052  000D34      19C4       0  CODE        2
                text49                         000D34  000054  000D88      1A68       0  CODE        2
                text12                         000D88  000065  000DED      1B10       0  CODE        2
                text43                         000DED  000069  000E56      1BDA       0  CODE        2
                text24                         000E56  000087  000EDD      1CAC       0  CODE        2
                text38                         000EDD  000091  000F6E      1DBA       0  CODE        2
                text1                          000F6E  000092  001000      1EDC       0  CODE        2
                stringtext2                    001000  00008F  00108F      2000       0  STRCODE     2
                config                         008007  000002  008009     1000E       0  CONFIG      2


UNUSED ADDRESS RANGES

        Name                Unused          Largest block    Delta
        BANK3            001E9-001EF               7           1
        BANK4            0026B-0026F               5           1
        BANK5            002A0-002EF              50           1
        BANK6            00320-0032F              10           1
        BIGRAM           02000-021EF             1F0           1
        CODE             00800-008A1              A2           2
                         0108F-01FFF             771
        CONST            00800-008A1              A2           2
                         0108F-01FFF             100
        EEDATA           0F000-0F0FF             100           2
        ENTRY            00800-008A1              A2           2
                         0108F-01FFF             100
        IDLOC            08000-08003               4           2
        RAM              001E9-001EF               7           1
                         0026B-0026F               5
                         002A0-002EF              50
                         00320-0032F              10
        SFR0             00000-0001F              20           1
        SFR1             00080-0009F              20           1
        SFR10            00500-0056F              70           1
        SFR11            00580-005EF              70           1
        SFR12            00600-0066F              70           1
        SFR13            00680-006EF              70           1
        SFR14            00700-0076F              70           1
        SFR15            00780-007EF              70           1
        SFR16            00800-0086F              70           1
        SFR17            00880-008EF              70           1
        SFR18            00900-0096F              70           1
        SFR19            00980-009EF              70           1
        SFR2             00100-0011F              20           1
        SFR20            00A00-00A6F              70           1
        SFR21            00A80-00AEF              70           1
        SFR22            00B00-00B6F              70           1
        SFR23            00B80-00BEF              70           1
        SFR24            00C00-00C6F              70           1
        SFR25            00C80-00CEF              70           1
        SFR26            00D00-00D6F              70           1
        SFR27            00D80-00DEF              70           1
        SFR28            00E00-00E6F              70           1
        SFR29            00E80-00EEF              70           1
        SFR3             00180-0019F              20           1
        SFR30            00F00-00F6F              70           1
        SFR31            00F80-00FEF              70           1
        SFR4             00200-0021F              20           1
        SFR5             00280-0029F              20           1
        SFR6             00300-0031F              20           1
        SFR7             00380-003EF              70           1
        SFR8             00400-0046F              70           1
        SFR9             00480-004EF              70           1
        STACK            0218B-021EF              65           1
        STRCODE          00800-008A1              A2           2
                         0108F-01FFF             F71
        STRING           00800-008A1              A2           2
                         0108F-01FFF             100

                                  Symbol Table

?_ADC_GetConversionResult                 cstackCOMMON 00070
?___awdiv                                 cstackBANK0  00020
?___awmod                                 cstackBANK0  00020
?___awtoft                                cstackBANK0  00028
?___ftadd                                 cstackBANK0  00041
?___ftdiv                                 cstackBANK0  0003E
?___ftmul                                 cstackBANK0  0002E
?___ftneg                                 cstackBANK0  0003E
?___ftpack                                cstackBANK0  00020
?___fttol                                 cstackBANK0  00020
?___lwdiv                                 cstackBANK0  00020
?___lwmod                                 cstackBANK0  00028
?___lwtoft                                cstackBANK0  00028
?___wmul                                  cstackBANK0  00020
?__doprnt                                 cstackBANK0  0002E
?_comparare                               cstackBANK0  0004E
?_printf                                  cstackBANK0  0003B
?_sprintf                                 cstackBANK0  0003B
DHT_result@x                              cstackBANK0  00032
EUSART_Write@txData                       cstackBANK0  00021
LCDByte@c                                 cstackBANK0  00025
LCDByte@hn                                cstackBANK0  00023
LCDByte@isdata                            cstackBANK0  00020
LCDByte@ln                                cstackBANK0  00024
LCDByte@temp                              cstackBANK0  00026
LCDInit@style                             cstackBANK0  00028
LCDWriteInt@F3767                         bssBANK3     001DA
LCDWriteInt@field_length                  cstackBANK0  0002B
LCDWriteInt@i                             cstackBANK0  00035
LCDWriteInt@j                             cstackBANK0  00033
LCDWriteInt@str                           cstackBANK0  0002E
LCDWriteInt@val                           cstackBANK0  00029
LCDWriteString@cc                         cstackBANK0  0002A
LCDWriteString@msg                        cstackBANK0  00027
ReadData@i                                cstackBANK0  00022
ReadData@j                                cstackBANK0  00023
TMR1_ISR@CountCallBack                    bssBANK2     0014A
TMR1_SetInterruptHandler@InterruptHandler cstackBANK0  00020
_ADCON0                                   (abs)        0009D
_ADCON0bits                               (abs)        0009D
_ADCON1                                   (abs)        0009E
_ADC_GetConversionResult                  text54       00997
_ADC_ISR                                  text53       008E3
_ADC_Initialize                           text36       008C8
_ADC_StartConversion                      text46       008A2
_ADRESH                                   (abs)        0009C
_ADRESL                                   (abs)        0009B
_ANSELA                                   (abs)        0018C
_ANSELB                                   (abs)        0018D
_ANSELD                                   (abs)        0018F
_ANSELE                                   (abs)        00190
_APFCON                                   (abs)        0011D
_BAUDCON                                  (abs)        0019F
_Check                                    bssBANK0     0006C
_CheckResponse                            text45       00968
_DHT_result                               text43       00DED
_EUSART_Initialize                        text35       009EB
_EUSART_Receive_ISR                       text52       00C98
_EUSART_Transmit_ISR                      text51       00A25
_EUSART_Write                             text21       007D8
_INTCONbits                               (abs)        0000B
_INTERRUPT_InterruptManager               intentry     00004
_LATA                                     (abs)        0010C
_LATB                                     (abs)        0010D
_LATC                                     (abs)        0010E
_LATCbits                                 (abs)        0010E
_LATD                                     (abs)        0010F
_LATE                                     (abs)        00110
_LCDByte                                  text42       00B8A
_LCDInit                                  text41       00C0C
_LCDWriteInt                              text38       00EDD
_LCDWriteString                           text37       00BCB
_OPTION_REGbits                           (abs)        00095
_OSCCON                                   (abs)        00099
_OSCILLATOR_Initialize                    text34       008B2
_OSCTUNE                                  (abs)        00098
_PIE1bits                                 (abs)        00091
_PIN_MANAGER_Initialize                   text33       00A67
_PIR1bits                                 (abs)        00011
_PORTB                                    (abs)        0000D
_PORTD                                    (abs)        0000F
_PORTDbits                                (abs)        0000F
_RCREG                                    (abs)        00199
_RCSTA                                    (abs)        0019D
_RCSTAbits                                (abs)        0019D
_RD0                                      (abs)        00078
_RD1                                      (abs)        00079
_RD3                                      (abs)        0007B
_RH                                       bssBANK2     00168
_RH_byte1                                 bssBANK0     0006D
_RH_byte2                                 bssBANK0     00069
_ReadData                                 text44       00B16
_SPBRGH                                   (abs)        0019C
_SPBRGL                                   (abs)        0019B
_SYSTEM_Initialize                        text28       00905
_StartSignal                              text27       00929
_Sum                                      bssBANK0     00068
_T1CON                                    (abs)        00018
_T1CONbits                                (abs)        00018
_T1GCON                                   (abs)        00019
_T1GCONbits                               (abs)        00019
_TMR1H                                    (abs)        00017
_TMR1L                                    (abs)        00016
_TMR1_CallBack                            text49       00D34
_TMR1_DefaultInterruptHandler             text50       007FF
_TMR1_ISR                                 text48       009B3
_TMR1_Initialize                          text30       0097F
_TMR1_InterruptHandler                    nvBANK3      001E7
_TMR1_SetInterruptHandler                 text32       008D1
_TMR1_StartTimer                          text31       008A5
_TMR1_disable                             text26       008A8
_TMR1_enable                              text25       008AB
_TRISA                                    (abs)        0008C
_TRISB                                    (abs)        0008D
_TRISC                                    (abs)        0008E
_TRISCbits                                (abs)        0008E
_TRISD                                    (abs)        0008F
_TRISDbits                                (abs)        0008F
_TRISE                                    (abs)        00090
_TXREG                                    (abs)        0019A
_TXSTA                                    (abs)        0019E
_T_byte1                                  bssBANK0     0006B
_T_byte2                                  bssBANK0     0006A
_Temp                                     bssBANK2     00169
_WDTCON                                   (abs)        00097
_WDT_Initialize                           text29       008AE
_WPUB                                     (abs)        0020D
_WPUE                                     (abs)        00210
__CFG_BOREN$OFF                           (abs)        00000
__CFG_BORV$LO                             (abs)        00000
__CFG_CLKOUTEN$OFF                        (abs)        00000
__CFG_CP$OFF                              (abs)        00000
__CFG_CPD$OFF                             (abs)        00000
__CFG_FCMEN$ON                            (abs)        00000
__CFG_FOSC$HS                             (abs)        00000
__CFG_IESO$ON                             (abs)        00000
__CFG_LVP$ON                              (abs)        00000
__CFG_MCLRE$ON                            (abs)        00000
__CFG_PLLEN$OFF                           (abs)        00000
__CFG_PWRTE$OFF                           (abs)        00000
__CFG_STVREN$ON                           (abs)        00000
__CFG_VCAPEN$OFF                          (abs)        00000
__CFG_WDTE$OFF                            (abs)        00000
__CFG_WRT$OFF                             (abs)        00000
__Habs1                                   abs1         00000
__Hbank0                                  bank0        00000
__Hbank1                                  bank1        00000
__Hbank10                                 bank10       00000
__Hbank11                                 bank11       00000
__Hbank12                                 bank12       00000
__Hbank13                                 bank13       00000
__Hbank14                                 bank14       00000
__Hbank15                                 bank15       00000
__Hbank16                                 bank16       00000
__Hbank17                                 bank17       00000
__Hbank18                                 bank18       00000
__Hbank19                                 bank19       00000
__Hbank2                                  bank2        00000
__Hbank20                                 bank20       00000
__Hbank21                                 bank21       00000
__Hbank22                                 bank22       00000
__Hbank23                                 bank23       00000
__Hbank24                                 bank24       00000
__Hbank25                                 bank25       00000
__Hbank26                                 bank26       00000
__Hbank27                                 bank27       00000
__Hbank28                                 bank28       00000
__Hbank29                                 bank29       00000
__Hbank3                                  bank3        00000
__Hbank30                                 bank30       00000
__Hbank31                                 bank31       00000
__Hbank4                                  bank4        00000
__Hbank5                                  bank5        00000
__Hbank6                                  bank6        00000
__Hbank7                                  bank7        00000
__Hbank8                                  bank8        00000
__Hbank9                                  bank9        00000
__Hbigram                                 bigram       00000
__HbssBANK0                               bssBANK0     00000
__HbssBANK1                               bssBANK1     00000
__HbssBANK2                               bssBANK2     00000
__HbssBANK3                               bssBANK3     00000
__HbssBANK4                               bssBANK4     00000
__HbssCOMMON                              bssCOMMON    00000
__Hcinit                                  cinit        0007E
__Hclrtext                                clrtext      00000
__Hcode                                   code         00000
__Hcommon                                 common       00000
__Hconfig                                 config       08009
__HcstackBANK0                            cstackBANK0  00000
__HcstackBANK1                            cstackBANK1  00000
__HcstackBANK2                            cstackBANK2  00000
__HcstackCOMMON                           cstackCOMMON 00000
__HdataBANK2                              dataBANK2    00000
__HdataBANK3                              dataBANK3    00000
__Heeprom_data                            eeprom_data  00000
__Hend_init                               end_init     0003E
__Hfunctab                                functab      00000
__HidataBANK2                             idataBANK2   00000
__HidataBANK3                             idataBANK3   00000
__Hidloc                                  idloc        00000
__Hinit                                   init         0003C
__Hinittext                               inittext     00000
__Hintentry                               intentry     0003C
__Hmaintext                               maintext     00000
__HnvBANK0                                nvBANK0      00000
__HnvBANK2                                nvBANK2      00000
__HnvBANK3                                nvBANK3      00000
__Hpowerup                                powerup      00000
__Hram                                    ram          00000
__Hreset_vec                              reset_vec    00002
__Hsfr0                                   sfr0         00000
__Hsfr1                                   sfr1         00000
__Hsfr10                                  sfr10        00000
__Hsfr11                                  sfr11        00000
__Hsfr12                                  sfr12        00000
__Hsfr13                                  sfr13        00000
__Hsfr14                                  sfr14        00000
__Hsfr15                                  sfr15        00000
__Hsfr16                                  sfr16        00000
__Hsfr17                                  sfr17        00000
__Hsfr18                                  sfr18        00000
__Hsfr19                                  sfr19        00000
__Hsfr2                                   sfr2         00000
__Hsfr20                                  sfr20        00000
__Hsfr21                                  sfr21        00000
__Hsfr22                                  sfr22        00000
__Hsfr23                                  sfr23        00000
__Hsfr24                                  sfr24        00000
__Hsfr25                                  sfr25        00000
__Hsfr26                                  sfr26        00000
__Hsfr27                                  sfr27        00000
__Hsfr28                                  sfr28        00000
__Hsfr29                                  sfr29        00000
__Hsfr3                                   sfr3         00000
__Hsfr30                                  sfr30        00000
__Hsfr31                                  sfr31        00000
__Hsfr4                                   sfr4         00000
__Hsfr5                                   sfr5         00000
__Hsfr6                                   sfr6         00000
__Hsfr7                                   sfr7         00000
__Hsfr8                                   sfr8         00000
__Hsfr9                                   sfr9         00000
__Hspace_0                                (abs)        08009
__Hspace_1                                (abs)        0026B
__Hspace_2                                (abs)        00000
__Hspace_3                                (abs)        00000
__Hstack                                  stack        00000
__Hstrings                                strings      00000
__Hstringtext1                            stringtext1  00000
__Hstringtext10                           stringtext10 00000
__Hstringtext11                           stringtext11 00000
__Hstringtext12                           stringtext12 00000
__Hstringtext2                            stringtext2  00000
__Hstringtext3                            stringtext3  00000
__Hstringtext4                            stringtext4  00000
__Hstringtext5                            stringtext5  00000
__Hstringtext6                            stringtext6  00000
__Hstringtext7                            stringtext7  00000
__Hstringtext8                            stringtext8  00000
__Hstringtext9                            stringtext9  00000
__Htext                                   text         00000
__Labs1                                   abs1         00000
__Lbank0                                  bank0        00000
__Lbank1                                  bank1        00000
__Lbank10                                 bank10       00000
__Lbank11                                 bank11       00000
__Lbank12                                 bank12       00000
__Lbank13                                 bank13       00000
__Lbank14                                 bank14       00000
__Lbank15                                 bank15       00000
__Lbank16                                 bank16       00000
__Lbank17                                 bank17       00000
__Lbank18                                 bank18       00000
__Lbank19                                 bank19       00000
__Lbank2                                  bank2        00000
__Lbank20                                 bank20       00000
__Lbank21                                 bank21       00000
__Lbank22                                 bank22       00000
__Lbank23                                 bank23       00000
__Lbank24                                 bank24       00000
__Lbank25                                 bank25       00000
__Lbank26                                 bank26       00000
__Lbank27                                 bank27       00000
__Lbank28                                 bank28       00000
__Lbank29                                 bank29       00000
__Lbank3                                  bank3        00000
__Lbank30                                 bank30       00000
__Lbank31                                 bank31       00000
__Lbank4                                  bank4        00000
__Lbank5                                  bank5        00000
__Lbank6                                  bank6        00000
__Lbank7                                  bank7        00000
__Lbank8                                  bank8        00000
__Lbank9                                  bank9        00000
__Lbigram                                 bigram       00000
__LbssBANK0                               bssBANK0     00000
__LbssBANK1                               bssBANK1     00000
__LbssBANK2                               bssBANK2     00000
__LbssBANK3                               bssBANK3     00000
__LbssBANK4                               bssBANK4     00000
__LbssCOMMON                              bssCOMMON    00000
__Lcinit                                  cinit        0003E
__Lclrtext                                clrtext      00000
__Lcode                                   code         00000
__Lcommon                                 common       00000
__Lconfig                                 config       08007
__LcstackBANK0                            cstackBANK0  00000
__LcstackBANK1                            cstackBANK1  00000
__LcstackBANK2                            cstackBANK2  00000
__LcstackCOMMON                           cstackCOMMON 00000
__LdataBANK2                              dataBANK2    00000
__LdataBANK3                              dataBANK3    00000
__Leeprom_data                            eeprom_data  00000
__Lend_init                               end_init     0003C
__Lfunctab                                functab      00000
__LidataBANK2                             idataBANK2   00000
__LidataBANK3                             idataBANK3   00000
__Lidloc                                  idloc        00000
__Linit                                   init         0003C
__Linittext                               inittext     00000
__Lintentry                               intentry     00004
__Lmaintext                               maintext     00000
__LnvBANK0                                nvBANK0      00000
__LnvBANK2                                nvBANK2      00000
__LnvBANK3                                nvBANK3      00000
__Lpowerup                                powerup      00000
__Lram                                    ram          00000
__Lreset_vec                              reset_vec    00000
__Lsfr0                                   sfr0         00000
__Lsfr1                                   sfr1         00000
__Lsfr10                                  sfr10        00000
__Lsfr11                                  sfr11        00000
__Lsfr12                                  sfr12        00000
__Lsfr13                                  sfr13        00000
__Lsfr14                                  sfr14        00000
__Lsfr15                                  sfr15        00000
__Lsfr16                                  sfr16        00000
__Lsfr17                                  sfr17        00000
__Lsfr18                                  sfr18        00000
__Lsfr19                                  sfr19        00000
__Lsfr2                                   sfr2         00000
__Lsfr20                                  sfr20        00000
__Lsfr21                                  sfr21        00000
__Lsfr22                                  sfr22        00000
__Lsfr23                                  sfr23        00000
__Lsfr24                                  sfr24        00000
__Lsfr25                                  sfr25        00000
__Lsfr26                                  sfr26        00000
__Lsfr27                                  sfr27        00000
__Lsfr28                                  sfr28        00000
__Lsfr29                                  sfr29        00000
__Lsfr3                                   sfr3         00000
__Lsfr30                                  sfr30        00000
__Lsfr31                                  sfr31        00000
__Lsfr4                                   sfr4         00000
__Lsfr5                                   sfr5         00000
__Lsfr6                                   sfr6         00000
__Lsfr7                                   sfr7         00000
__Lsfr8                                   sfr8         00000
__Lsfr9                                   sfr9         00000
__Lspace_0                                (abs)        00000
__Lspace_1                                (abs)        00000
__Lspace_2                                (abs)        00000
__Lspace_3                                (abs)        00000
__Lstack                                  stack        00000
__Lstrings                                strings      00000
__Lstringtext1                            stringtext1  00000
__Lstringtext10                           stringtext10 00000
__Lstringtext11                           stringtext11 00000
__Lstringtext12                           stringtext12 00000
__Lstringtext2                            stringtext2  00000
__Lstringtext3                            stringtext3  00000
__Lstringtext4                            stringtext4  00000
__Lstringtext5                            stringtext5  00000
__Lstringtext6                            stringtext6  00000
__Lstringtext7                            stringtext7  00000
__Lstringtext8                            stringtext8  00000
__Lstringtext9                            stringtext9  00000
__Ltext                                   text         00000
__S0                                      (abs)        08009
__S1                                      (abs)        0026B
__S2                                      (abs)        00000
__S3                                      (abs)        00000
___awdiv                                  text40       00CE2
___awdiv@counter                          cstackBANK0  00025
___awdiv@dividend                         cstackBANK0  00022
___awdiv@divisor                          cstackBANK0  00020
___awdiv@quotient                         cstackBANK0  00027
___awdiv@sign                             cstackBANK0  00026
___awmod                                  text39       00C52
___awmod@counter                          cstackBANK0  00025
___awmod@dividend                         cstackBANK0  00022
___awmod@divisor                          cstackBANK0  00020
___awmod@sign                             cstackBANK0  00026
___awtoft                                 text11       00A45
___awtoft@c                               cstackBANK0  00028
___awtoft@sign                            cstackBANK0  0002D
___bmul                                   text10       00917
___bmul@multiplicand                      cstackBANK0  00020
___bmul@multiplier                        cstackBANK0  00023
___bmul@product                           cstackBANK0  00022
___ftadd                                  text9        0035A
___ftadd@exp1                             cstackBANK0  0004D
___ftadd@exp2                             cstackBANK0  0004C
___ftadd@f1                               cstackBANK0  00041
___ftadd@f2                               cstackBANK0  00044
___ftadd@sign                             cstackBANK0  0004B
___ftdiv                                  text8        00695
___ftdiv@cntr                             cstackBANK0  00048
___ftdiv@exp                              cstackBANK0  0004C
___ftdiv@f1                               cstackBANK0  00041
___ftdiv@f2                               cstackBANK0  0003E
___ftdiv@f3                               cstackBANK0  00049
___ftdiv@sign                             cstackBANK0  0004D
___ftge                                   text7        00B4E
___ftge@ff1                               cstackBANK0  0002E
___ftge@ff2                               cstackBANK0  00031
___ftmul                                  text6        005E1
___ftmul@cntr                             cstackBANK0  0003C
___ftmul@exp                              cstackBANK0  00038
___ftmul@f1                               cstackBANK0  0002E
___ftmul@f2                               cstackBANK0  00031
___ftmul@f3_as_product                    cstackBANK0  00039
___ftmul@sign                             cstackBANK0  0003D
___ftneg                                  text5        008DA
___ftneg@f1                               cstackBANK0  0003E
___ftpack                                 text12       00D88
___ftpack@arg                             cstackBANK0  00020
___ftpack@exp                             cstackBANK0  00023
___ftpack@sign                            cstackBANK0  00024
___fttol                                  text24       00E56
___fttol@exp1                             cstackBANK0  0002D
___fttol@f1                               cstackBANK0  00020
___fttol@lval                             cstackBANK0  00029
___fttol@sign1                            cstackBANK0  00028
___int_sp                                 stack        00000
___latbits                                (abs)        00002
___lwdiv                                  text23       00AE1
___lwdiv@counter                          cstackBANK0  00027
___lwdiv@dividend                         cstackBANK0  00022
___lwdiv@divisor                          cstackBANK0  00020
___lwdiv@quotient                         cstackBANK0  00025
___lwmod                                  text22       00AB4
___lwmod@counter                          cstackBANK0  0002D
___lwmod@dividend                         cstackBANK0  0002A
___lwmod@divisor                          cstackBANK0  00028
___lwtoft                                 text4        0093D
___lwtoft@c                               cstackBANK0  00028
___sp                                     stack        00000
___wmul                                   text3        009CF
___wmul@multiplicand                      cstackBANK0  00022
___wmul@multiplier                        cstackBANK0  00020
___wmul@product                           cstackBANK0  00024
__doprnt                                  text19       00228
__doprnt@ap                               cstackBANK0  00030
__doprnt@c                                cstackBANK0  00039
__doprnt@f                                cstackBANK0  0002E
__doprnt@flag                             cstackBANK0  00035
__doprnt@pb                               cstackBANK0  0003A
__doprnt@prec                             cstackBANK0  00036
__doprnt@val                              cstackBANK0  00037
__end_of_ADC_GetConversionResult          text54       009B3
__end_of_ADC_ISR                          text53       008ED
__end_of_ADC_Initialize                   text36       008D1
__end_of_ADC_StartConversion              text46       008A5
__end_of_CheckResponse                    text45       0097F
__end_of_DHT_result                       text43       00E56
__end_of_EUSART_Initialize                text35       00A08
__end_of_EUSART_Receive_ISR               text52       00CE2
__end_of_EUSART_Transmit_ISR              text51       00A45
__end_of_EUSART_Write                     text21       007FF
__end_of_INTERRUPT_InterruptManager       intentry     0003C
__end_of_LCDByte                          text42       00BCB
__end_of_LCDInit                          text41       00C52
__end_of_LCDWriteInt                      text38       00F6E
__end_of_LCDWriteString                   text37       00C0C
__end_of_OSCILLATOR_Initialize            text34       008B7
__end_of_PIN_MANAGER_Initialize           text33       00A8A
__end_of_ReadData                         text44       00B4E
__end_of_SYSTEM_Initialize                text28       00917
__end_of_StartSignal                      text27       0093D
__end_of_TMR1_CallBack                    text49       00D88
__end_of_TMR1_DefaultInterruptHandler     text50       00800
__end_of_TMR1_ISR                         text48       009CF
__end_of_TMR1_Initialize                  text30       00997
__end_of_TMR1_SetInterruptHandler         text32       008DA
__end_of_TMR1_StartTimer                  text31       008A8
__end_of_TMR1_disable                     text26       008AB
__end_of_TMR1_enable                      text25       008AE
__end_of_WDT_Initialize                   text29       008B2
__end_of___awdiv                          text40       00D34
__end_of___awmod                          text39       00C98
__end_of___awtoft                         text11       00A67
__end_of___bmul                           text10       00929
__end_of___ftadd                          text9        00450
__end_of___ftdiv                          text8        0073E
__end_of___ftge                           text7        00B8A
__end_of___ftmul                          text6        00695
__end_of___ftneg                          text5        008E3
__end_of___ftpack                         text12       00DED
__end_of___fttol                          text24       00EDD
__end_of___lwdiv                          text23       00B16
__end_of___lwmod                          text22       00AE1
__end_of___lwtoft                         text4        00952
__end_of___wmul                           text3        009EB
__end_of__doprnt                          text19       0035A
__end_of__initialization                  cinit        0007A
__end_of_check_status_incubator           text15       008F9
__end_of_command_turn                     text13       00905
__end_of_comparare                        text2        00228
__end_of_dpowers                          stringtext1  01070
__end_of_int_gsm                          text1        01000
__end_of_main                             maintext     0052B
__end_of_printf                           text18       00968
__end_of_putch                            text20       008BC
__end_of_sms_text                         text16       007D8
__end_of_sprintf                          text17       00A25
__end_of_turn_egs                         text14       005E1
__initialization                          cinit        0003E
__pbssBANK0                               bssBANK0     00063
__pbssBANK1                               bssBANK1     000ED
__pbssBANK2                               bssBANK2     0014A
__pbssBANK3                               bssBANK3     001CA
__pbssBANK4                               bssBANK4     00220
__pbssCOMMON                              bssCOMMON    0007A
__pcstackBANK0                            cstackBANK0  00020
__pcstackBANK1                            cstackBANK1  000A0
__pcstackBANK2                            cstackBANK2  00120
__pcstackCOMMON                           cstackCOMMON 00070
__pdataBANK2                              dataBANK2    0016E
__pdataBANK3                              dataBANK3    001A0
__pidataBANK2                             idataBANK2   00002
__pidataBANK3                             idataBANK3   00A8A
__pintentry                               intentry     00004
__pmaintext                               maintext     00450
__pnvBANK0                                nvBANK0      0006E
__pnvBANK2                                nvBANK2      0016B
__pnvBANK3                                nvBANK3      001E7
__pstringtext1                            stringtext1  01066
__pstringtext10                           stringtext10 01084
__pstringtext11                           stringtext11 0108C
__pstringtext12                           stringtext12 00000
__pstringtext2                            stringtext2  01000
__pstringtext3                            stringtext3  01015
__pstringtext4                            stringtext4  01027
__pstringtext5                            stringtext5  01038
__pstringtext6                            stringtext6  01049
__pstringtext7                            stringtext7  01058
__pstringtext8                            stringtext8  01070
__pstringtext9                            stringtext9  0107A
__ptext1                                  text1        00F6E
__ptext10                                 text10       00917
__ptext11                                 text11       00A45
__ptext12                                 text12       00D88
__ptext13                                 text13       008F9
__ptext14                                 text14       0052B
__ptext15                                 text15       008ED
__ptext16                                 text16       0073E
__ptext17                                 text17       00A08
__ptext18                                 text18       00952
__ptext19                                 text19       00228
__ptext2                                  text2        0007E
__ptext20                                 text20       008B7
__ptext21                                 text21       007D8
__ptext22                                 text22       00AB4
__ptext23                                 text23       00AE1
__ptext24                                 text24       00E56
__ptext25                                 text25       008AB
__ptext26                                 text26       008A8
__ptext27                                 text27       00929
__ptext28                                 text28       00905
__ptext29                                 text29       008AE
__ptext3                                  text3        009CF
__ptext30                                 text30       0097F
__ptext31                                 text31       008A5
__ptext32                                 text32       008D1
__ptext33                                 text33       00A67
__ptext34                                 text34       008B2
__ptext35                                 text35       009EB
__ptext36                                 text36       008C8
__ptext37                                 text37       00BCB
__ptext38                                 text38       00EDD
__ptext39                                 text39       00C52
__ptext4                                  text4        0093D
__ptext40                                 text40       00CE2
__ptext41                                 text41       00C0C
__ptext42                                 text42       00B8A
__ptext43                                 text43       00DED
__ptext44                                 text44       00B16
__ptext45                                 text45       00968
__ptext46                                 text46       008A2
__ptext48                                 text48       009B3
__ptext49                                 text49       00D34
__ptext5                                  text5        008DA
__ptext50                                 text50       007FF
__ptext51                                 text51       00A25
__ptext52                                 text52       00C98
__ptext53                                 text53       008E3
__ptext54                                 text54       00997
__ptext6                                  text6        005E1
__ptext7                                  text7        00B4E
__ptext8                                  text8        00695
__ptext9                                  text9        0035A
__size_of_ADC_GetConversionResult         (abs)        00000
__size_of_ADC_ISR                         (abs)        00000
__size_of_ADC_Initialize                  (abs)        00000
__size_of_ADC_StartConversion             (abs)        00000
__size_of_CheckResponse                   (abs)        00000
__size_of_DHT_result                      (abs)        00000
__size_of_EUSART_Initialize               (abs)        00000
__size_of_EUSART_Receive_ISR              (abs)        00000
__size_of_EUSART_Transmit_ISR             (abs)        00000
__size_of_EUSART_Write                    (abs)        00000
__size_of_INTERRUPT_InterruptManager      (abs)        00000
__size_of_LCDByte                         (abs)        00000
__size_of_LCDInit                         (abs)        00000
__size_of_LCDWriteInt                     (abs)        00000
__size_of_LCDWriteString                  (abs)        00000
__size_of_OSCILLATOR_Initialize           (abs)        00000
__size_of_PIN_MANAGER_Initialize          (abs)        00000
__size_of_ReadData                        (abs)        00000
__size_of_SYSTEM_Initialize               (abs)        00000
__size_of_StartSignal                     (abs)        00000
__size_of_TMR1_CallBack                   (abs)        00000
__size_of_TMR1_DefaultInterruptHandler    (abs)        00000
__size_of_TMR1_ISR                        (abs)        00000
__size_of_TMR1_Initialize                 (abs)        00000
__size_of_TMR1_SetInterruptHandler        (abs)        00000
__size_of_TMR1_StartTimer                 (abs)        00000
__size_of_TMR1_disable                    (abs)        00000
__size_of_TMR1_enable                     (abs)        00000
__size_of_WDT_Initialize                  (abs)        00000
__size_of___awdiv                         (abs)        00000
__size_of___awmod                         (abs)        00000
__size_of___awtoft                        (abs)        00000
__size_of___bmul                          (abs)        00000
__size_of___ftadd                         (abs)        00000
__size_of___ftdiv                         (abs)        00000
__size_of___ftge                          (abs)        00000
__size_of___ftmul                         (abs)        00000
__size_of___ftneg                         (abs)        00000
__size_of___ftpack                        (abs)        00000
__size_of___fttol                         (abs)        00000
__size_of___lwdiv                         (abs)        00000
__size_of___lwmod                         (abs)        00000
__size_of___lwtoft                        (abs)        00000
__size_of___wmul                          (abs)        00000
__size_of__doprnt                         (abs)        00000
__size_of_check_status_incubator          (abs)        00000
__size_of_command_turn                    (abs)        00000
__size_of_comparare                       (abs)        00000
__size_of_int_gsm                         (abs)        00000
__size_of_main                            (abs)        00000
__size_of_printf                          (abs)        00000
__size_of_putch                           (abs)        00000
__size_of_sms_text                        (abs)        00000
__size_of_sprintf                         (abs)        00000
__size_of_turn_egs                        (abs)        00000
_check_status_incubator                   text15       008ED
_command_turn                             text13       008F9
_comparare                                text2        0007E
_count_1000_ms                            bssBANK2     0014E
_count_100_ms                             bssBANK2     00152
_count_4000_ms                            bssBANK2     0014C
_count_500_ms                             bssBANK2     00150
_dpowers                                  stringtext1  01066
_eusartRxBuffer                           bssBANK3     001CA
_eusartRxCount                            bssBANK0     00063
_eusartRxHead                             bssBANK0     00065
_eusartRxTail                             bssBANK0     00064
_eusartTxBuffer                           bssBANK3     001D2
_eusartTxBufferRemaining                  nvBANK2      0016D
_eusartTxHead                             bssBANK0     00067
_eusartTxTail                             bssBANK0     00066
_flag_1000_ms                             bssBANK2     00154
_flag_100_ms                              bssBANK3     001E5
_flag_10_ms                               bssBANK2     00156
_flag_1_ms                                bssBANK2     00158
_flag_4000_ms                             bssBANK3     001E1
_flag_500_ms                              bssBANK3     001E3
_flag_A                                   bssBANK2     0015C
_flag_B                                   bssBANK2     0015A
_flag_G                                   bssBANK2     0015E
_flag_N                                   bssBANK2     00160
_flag_directie                            nvBANK2      0016B
_int_gsm                                  text1        00F6E
_main                                     maintext     00450
_printf                                   text18       00952
_putch                                    text20       008B7
_rcreg                                    bssCOMMON    0007B
_rez_conversie                            bssBANK2     00166
_sms_text                                 text16       0073E
_sprintf                                  text17       00A08
_strKey_Counts                            bssCOMMON    0007C
_strKey_Pressed                           bssCOMMON    0007D
_strKey_Released                          bssBANK1     000EF
_temp                                     bssBANK2     00164
_timer1ReloadVal                          nvBANK0      0006E
_turn_egs                                 text14       0052B
_umiditate                                bssBANK2     00162
btemp                                     (abs)        0007E
clear_ram0                                clrtext      008BC
comparare@F3749                           dataBANK3    001A0
comparare@F3754                           bssBANK4     00220
comparare@dif                             cstackBANK0  00052
comparare@i                               cstackBANK1  000EB
comparare@j                               cstackBANK0  0005A
comparare@j_805                           cstackBANK0  0005C
comparare@res                             cstackBANK2  00120
comparare@resistor_value                  cstackBANK0  0004E
comparare@result                          cstackBANK0  00058
comparare@step                            cstackBANK0  00055
comparare@table                           cstackBANK1  000A0
end_of_initialization                     cinit        0007A
init_ram                                  inittext     008C2
int$flags                                 (abs)        0007E
intlevel0                                 functab      00000
intlevel1                                 functab      00000
intlevel2                                 functab      00000
intlevel3                                 functab      00000
intlevel4                                 functab      00000
intlevel5                                 functab      00000
main@volt                                 cstackBANK0  00060
main@x                                    cstackBANK0  0005F
printf@ap                                 cstackBANK0  0003E
printf@f                                  cstackBANK0  0003B
printf@pb                                 cstackBANK0  0003F
putch@txData                              cstackBANK0  00022
reset_vec                                 reset_vec    00000
sms_text@F3612                            bssBANK1     000EE
sms_text@F3614                            bssBANK1     000ED
sms_text@sms_index                        bssBANK3     001DF
sms_text@smstext                          cstackBANK0  00047
sms_text@umid                             cstackBANK0  00048
sprintf@ap                                cstackBANK0  00041
sprintf@f                                 cstackBANK0  0003B
sprintf@pb                                cstackBANK0  00042
sprintf@wh                                cstackBANK0  00040
stackhi                                   (abs)        021EF
stacklo                                   (abs)        0218B
start                                     init         0003C
start_initialization                      cinit        0003E
turn_egs@step_index                       bssCOMMON    0007A
turn_egs@step_nr                          dataBANK2    0016E
wtemp0                                    (abs)        0007E


FUNCTION INFORMATION:

 *************** function _main *****************
 Defined at:
		line 108 in file "main.c"
 Parameters:    Size  Location     Type
		None
 Auto vars:     Size  Location     Type
  volt            3   64[BANK0 ] float 
  x               1   63[BANK0 ] unsigned char 
 Return value:  Size  Location     Type
                  1    wreg      void 
 Registers used:
		wreg, fsr0l, fsr0h, fsr1l, fsr1h, status,2, status,0, pclath, cstack
 Tracked objects:
		On entry : 
		On exit  : 
		Unchanged: 
 Data sizes:     COMMON   BANK0   BANK1   BANK2   BANK3   BANK4   BANK5   BANK6
      Params:         0       0       0       0       0       0       0       0
      Locals:         0       4       0       0       0       0       0       0
      Temps:          0       1       0       0       0       0       0       0
      Totals:         0       5       0       0       0       0       0       0
Total ram usage:        5 bytes
 Hardware stack levels required when called:   10
 This function calls:
		_ADC_StartConversion
		_CheckResponse
		_DHT_result
		_LCDByte
		_LCDInit
		_LCDWriteInt
		_LCDWriteString
		_SYSTEM_Initialize
		_StartSignal
		_TMR1_disable
		_TMR1_enable
		___ftdiv
		___ftmul
		___fttol
		___lwtoft
		_check_status_incubator
		_command_turn
		_comparare
		_int_gsm
 This function is called by:
		Startup code after reset
 This function uses a non-reentrant model


 *************** function _int_gsm *****************
 Defined at:
		line 34 in file "gsm.c"
 Parameters:    Size  Location     Type
		None
 Auto vars:     Size  Location     Type
		None
 Return value:  Size  Location     Type
                  1    wreg      void 
 Registers used:
		wreg, fsr0l, fsr0h, fsr1l, fsr1h, status,2, status,0, pclath, cstack
 Tracked objects:
		On entry : 
		On exit  : 
		Unchanged: 
 Data sizes:     COMMON   BANK0   BANK1   BANK2   BANK3   BANK4   BANK5   BANK6
      Params:         0       0       0       0       0       0       0       0
      Locals:         0       0       0       0       0       0       0       0
      Temps:          0       2       0       0       0       0       0       0
      Totals:         0       2       0       0       0       0       0       0
Total ram usage:        2 bytes
 Hardware stack levels used:    1
 Hardware stack levels required when called:    8
 This function calls:
		_printf
		_putch
 This function is called by:
		_main
 This function uses a non-reentrant model


 *************** function _comparare *****************
 Defined at:
		line 69 in file "main.c"
 Parameters:    Size  Location     Type
  resistor_val    2   46[BANK0 ] int 
 Auto vars:     Size  Location     Type
  j               2   60[BANK0 ] int 
  j               2   58[BANK0 ] int 
  i               2   75[BANK1 ] int 
  table          75    0[BANK1 ] float [25]
  res            42    0[BANK2 ] unsigned int [21]
  step            3   53[BANK0 ] float 
  dif             3   50[BANK0 ] float 
  result          2   56[BANK0 ] int 
 Return value:  Size  Location     Type
                  2   46[BANK0 ] int 
 Registers used:
		wreg, fsr0l, fsr0h, fsr1l, fsr1h, status,2, status,0, pclath, cstack
 Tracked objects:
		On entry : 
		On exit  : 
		Unchanged: 
 Data sizes:     COMMON   BANK0   BANK1   BANK2   BANK3   BANK4   BANK5   BANK6
      Params:         0       2       0       0       0       0       0       0
      Locals:         0      12      77      42       0       0       0       0
      Temps:          0       2       0       0       0       0       0       0
      Totals:         0      16      77      42       0       0       0       0
Total ram usage:      135 bytes
 Hardware stack levels used:    1
 Hardware stack levels required when called:    6
 This function calls:
		___awtoft
		___bmul
		___ftadd
		___ftdiv
		___ftge
		___ftmul
		___ftneg
		___lwtoft
		___wmul
 This function is called by:
		_main
 This function uses a non-reentrant model


 *************** function ___wmul *****************
 Defined at:
		line 15 in file "C:\Program Files (x86)\Microchip\xc8\v1.42\sources\common\Umul16.c"
 Parameters:    Size  Location     Type
  multiplier      2    0[BANK0 ] unsigned int 
  multiplicand    2    2[BANK0 ] unsigned int 
 Auto vars:     Size  Location     Type
  product         2    4[BANK0 ] unsigned int 
 Return value:  Size  Location     Type
                  2    0[BANK0 ] unsigned int 
 Registers used:
		wreg, status,2, status,0
[...]
  temp            1    6[BANK0 ] unsigned char 
  ln              1    4[BANK0 ] unsigned char 
  hn              1    3[BANK0 ] unsigned char 
 Return value:  Size  Location     Type
                  1    wreg      void 
 Registers used:
		wreg, status,2, status,0
 Tracked objects:
		On entry : 
		On exit  : 
		Unchanged: 
 Data sizes:     COMMON   BANK0   BANK1   BANK2   BANK3   BANK4   BANK5   BANK6
      Params:         0       1       0       0       0       0       0       0
      Locals:         0       4       0       0       0       0       0       0
      Temps:          0       2       0       0       0       0       0       0
      Totals:         0       7       0       0       0       0       0       0
Total ram usage:        7 bytes
 Hardware stack levels used:    1
 Hardware stack levels required when called:    4
 This function calls:
		Nothing
 This function is called by:
		_main
		_LCDInit
		_LCDWriteString
		_LCDWriteInt
		_LCDGotoXY
 This function uses a non-reentrant model


 *************** function _DHT_result *****************
 Defined at:
		line 39 in file "dht11.c"
 Parameters:    Size  Location     Type
		None
 Auto vars:     Size  Location     Type
  x               2   18[BANK0 ] int 
 Return value:  Size  Location     Type
                  1    wreg      void 
 Registers used:
		wreg, status,2, status,0, pclath, cstack
 Tracked objects:
		On entry : 
		On exit  : 
		Unchanged: 
 Data sizes:     COMMON   BANK0   BANK1   BANK2   BANK3   BANK4   BANK5   BANK6
      Params:         0       0       0       0       0       0       0       0
      Locals:         0       2       0       0       0       0       0       0
      Temps:          0      14       0       0       0       0       0       0
      Totals:         0      16       0       0       0       0       0       0
Total ram usage:       16 bytes
 Hardware stack levels used:    1
 Hardware stack levels required when called:    5
 This function calls:
		_ReadData
 This function is called by:
		_main
 This function uses a non-reentrant model


 *************** function _ReadData *****************
 Defined at:
		line 25 in file "dht11.c"
 Parameters:    Size  Location     Type
		None
 Auto vars:     Size  Location     Type
  j               1    3[BANK0 ] unsigned char 
  i               1    2[BANK0 ] unsigned char 
 Return value:  Size  Location     Type
                  1    wreg      unsigned char 
 Registers used:
		wreg, status,2, status,0
 Tracked objects:
		On entry : 
		On exit  : 
		Unchanged: 
 Data sizes:     COMMON   BANK0   BANK1   BANK2   BANK3   BANK4   BANK5   BANK6
      Params:         0       0       0       0       0       0       0       0
      Locals:         0       2       0       0       0       0       0       0
      Temps:          0       2       0       0       0       0       0       0
      Totals:         0       4       0       0       0       0       0       0
Total ram usage:        4 bytes
 Hardware stack levels used:    1
 Hardware stack levels required when called:    4
 This function calls:
		Nothing
 This function is called by:
		_DHT_result
 This function uses a non-reentrant model


 *************** function _CheckResponse *****************
 Defined at:
		line 16 in file "dht11.c"
 Parameters:    Size  Location     Type
		None
 Auto vars:     Size  Location     Type
		None
 Return value:  Size  Location     Type
                  1    wreg      void 
 Registers used:
		wreg, status,2
 Tracked objects:
		On entry : 
		On exit  : 
		Unchanged: 
 Data sizes:     COMMON   BANK0   BANK1   BANK2   BANK3   BANK4   BANK5   BANK6
      Params:         0       0       0       0       0       0       0       0
      Locals:         0       0       0       0       0       0       0       0
      Temps:          0       0       0       0       0       0       0       0
      Totals:         0       0       0       0       0       0       0       0
Total ram usage:        0 bytes
 Hardware stack levels used:    1
 Hardware stack levels required when called:    4
 This function calls:
		Nothing
 This function is called by:
		_main
 This function uses a non-reentrant model


 *************** function _ADC_StartConversion *****************
 Defined at:
		line 92 in file "mcc_generated_files/adc.c"
 Parameters:    Size  Location     Type
		None
 Auto vars:     Size  Location     Type
		None
 Return value:  Size  Location     Type
                  1    wreg      void 
 Registers used:
		None
 Tracked objects:
		On entry : 
		On exit  : 
		Unchanged: 
 Data sizes:     COMMON   BANK0   BANK1   BANK2   BANK3   BANK4   BANK5   BANK6
      Params:         0       0       0       0       0       0       0       0
      Locals:         0       0       0       0       0       0       0       0
      Temps:          0       0       0       0       0       0       0       0
      Totals:         0       0       0       0       0       0       0       0
Total ram usage:        0 bytes
 Hardware stack levels used:    1
 Hardware stack levels required when called:    4
 This function calls:
		Nothing
 This function is called by:
		_main
 This function uses a non-reentrant model


 *************** function _INTERRUPT_InterruptManager *****************
 Defined at:
		line 51 in file "mcc_generated_files/interrupt_manager.c"
 Parameters:    Size  Location     Type
		None
 Auto vars:     Size  Location     Type
		None
 Return value:  Size  Location     Type
                  1    wreg      void 
 Registers used:
		wreg, fsr1l, fsr1h, status,2, status,0, pclath, cstack
 Tracked objects:
		On entry : 
		On exit  : 
		Unchanged: 
 Data sizes:     COMMON   BANK0   BANK1   BANK2   BANK3   BANK4   BANK5   BANK6
      Params:         0       0       0       0       0       0       0       0
      Locals:         0       0       0       0       0       0       0       0
      Temps:          1       0       0       0       0       0       0       0
      Totals:         1       0       0       0       0       0       0       0
Total ram usage:        1 bytes
 Hardware stack levels used:    1
 Hardware stack levels required when called:    3
 This function calls:
		_ADC_ISR
		_EUSART_Receive_ISR
		_EUSART_Transmit_ISR
		_TMR1_ISR
 This function is called by:
		Interrupt level 1
 This function uses a non-reentrant model


 *************** function _TMR1_ISR *****************
 Defined at:
		line 171 in file "mcc_generated_files/tmr1.c"
 Parameters:    Size  Location     Type
		None
 Auto vars:     Size  Location     Type
		None
 Return value:  Size  Location     Type
                  1    wreg      void 
 Registers used:
		wreg, status,2, status,0, pclath, cstack
 Tracked objects:
		On entry : 
		On exit  : 
		Unchanged: 
 Data sizes:     COMMON   BANK0   BANK1   BANK2   BANK3   BANK4   BANK5   BANK6
      Params:         0       0       0       0       0       0       0       0
      Locals:         0       0       0       0       0       0       0       0
      Temps:          0       0       0       0       0       0       0       0
      Totals:         0       0       0       0       0       0       0       0
Total ram usage:        0 bytes
 Hardware stack levels used:    1
 Hardware stack levels required when called:    2
 This function calls:
		_TMR1_CallBack
 This function is called by:
		_INTERRUPT_InterruptManager
 This function uses a non-reentrant model


 *************** function _TMR1_CallBack *****************
 Defined at:
		line 192 in file "mcc_generated_files/tmr1.c"
 Parameters:    Size  Location     Type
		None
 Auto vars:     Size  Location     Type
		None
 Return value:  Size  Location     Type
                  1    wreg      void 
 Registers used:
		wreg, status,2, status,0, pclath, cstack
 Tracked objects:
		On entry : 
		On exit  : 
		Unchanged: 
 Data sizes:     COMMON   BANK0   BANK1   BANK2   BANK3   BANK4   BANK5   BANK6
      Params:         0       0       0       0       0       0       0       0
      Locals:         0       0       0       0       0       0       0       0
      Temps:          0       0       0       0       0       0       0       0
      Totals:         0       0       0       0       0       0       0       0
Total ram usage:        0 bytes
 Hardware stack levels used:    1
 Hardware stack levels required when called:    1
 This function calls:
		Absolute function
		_TMR1_DefaultInterruptHandler
 This function is called by:
		_TMR1_ISR
 This function uses a non-reentrant model


 *************** function _TMR1_DefaultInterruptHandler *****************
 Defined at:
		line 231 in file "mcc_generated_files/tmr1.c"
 Parameters:    Size  Location     Type
		None
 Auto vars:     Size  Location     Type
		None
 Return value:  Size  Location     Type
                  1    wreg      void 
 Registers used:
		None
 Tracked objects:
		On entry : 
		On exit  : 
		Unchanged: 
 Data sizes:     COMMON   BANK0   BANK1   BANK2   BANK3   BANK4   BANK5   BANK6
      Params:         0       0       0       0       0       0       0       0
      Locals:         0       0       0       0       0       0       0       0
      Temps:          0       0       0       0       0       0       0       0
      Totals:         0       0       0       0       0       0       0       0
Total ram usage:        0 bytes
 Hardware stack levels used:    1
 This function calls:
		Nothing
 This function is called by:
		_TMR1_Initialize
		_TMR1_CallBack
 This function uses a non-reentrant model


 *************** function _EUSART_Transmit_ISR *****************
 Defined at:
		line 166 in file "mcc_generated_files/eusart.c"
 Parameters:    Size  Location     Type
		None
 Auto vars:     Size  Location     Type
		None
 Return value:  Size  Location     Type
                  1    wreg      void 
 Registers used:
		wreg, fsr1l, fsr1h, status,2, status,0
 Tracked objects:
		On entry : 
		On exit  : 
		Unchanged: 
 Data sizes:     COMMON   BANK0   BANK1   BANK2   BANK3   BANK4   BANK5   BANK6
      Params:         0       0       0       0       0       0       0       0
      Locals:         0       0       0       0       0       0       0       0
      Temps:          1       0       0       0       0       0       0       0
      Totals:         1       0       0       0       0       0       0       0
Total ram usage:        1 bytes
 Hardware stack levels used:    1
 This function calls:
		Nothing
 This function is called by:
		_INTERRUPT_InterruptManager
 This function uses a non-reentrant model


 *************** function _EUSART_Receive_ISR *****************
 Defined at:
		line 185 in file "mcc_generated_files/eusart.c"
 Parameters:    Size  Location     Type
		None
 Auto vars:     Size  Location     Type
		None
 Return value:  Size  Location     Type
                  1    wreg      void 
 Registers used:
		wreg, fsr1l, fsr1h, status,2, status,0
 Tracked objects:
		On entry : 
		On exit  : 
		Unchanged: 
 Data sizes:     COMMON   BANK0   BANK1   BANK2   BANK3   BANK4   BANK5   BANK6
      Params:         0       0       0       0       0       0       0       0
      Locals:         0       0       0       0       0       0       0       0
      Temps:          1       0       0       0       0       0       0       0
      Totals:         1       0       0       0       0       0       0       0
Total ram usage:        1 bytes
 Hardware stack levels used:    1
 This function calls:
		Nothing
 This function is called by:
		_INTERRUPT_InterruptManager
 This function uses a non-reentrant model


 *************** function _ADC_ISR *****************
 Defined at:
		line 136 in file "mcc_generated_files/adc.c"
 Parameters:    Size  Location     Type
		None
 Auto vars:     Size  Location     Type
		None
 Return value:  Size  Location     Type
                  1    wreg      void 
 Registers used:
		wreg, status,2, status,0, pclath, cstack
 Tracked objects:
		On entry : 
		On exit  : 
		Unchanged: 
 Data sizes:     COMMON   BANK0   BANK1   BANK2   BANK3   BANK4   BANK5   BANK6
      Params:         0       0       0       0       0       0       0       0
      Locals:         0       0       0       0       0       0       0       0
      Temps:          0       0       0       0       0       0       0       0
      Totals:         0       0       0       0       0       0       0       0
Total ram usage:        0 bytes
 Hardware stack levels used:    1
 Hardware stack levels required when called:    1
 This function calls:
		_ADC_GetConversionResult
 This function is called by:
		_INTERRUPT_InterruptManager
 This function uses a non-reentrant model


 *************** function _ADC_GetConversionResult *****************
 Defined at:
		line 105 in file "mcc_generated_files/adc.c"
 Parameters:    Size  Location     Type
		None
 Auto vars:     Size  Location     Type
		None
 Return value:  Size  Location     Type
                  2    0[COMMON] unsigned int 
 Registers used:
		wreg, status,2, status,0
 Tracked objects:
		On entry : 
		On exit  : 
		Unchanged: 
 Data sizes:     COMMON   BANK0   BANK1   BANK2   BANK3   BANK4   BANK5   BANK6
      Params:         2       0       0       0       0       0       0       0
      Locals:         0       0       0       0       0       0       0       0
      Temps:          7       0       0       0       0       0       0       0
      Totals:         9       0       0       0       0       0       0       0
Total ram usage:        9 bytes
 Hardware stack levels used:    1
 This function calls:
		Nothing
 This function is called by:
		_ADC_ISR
 This function uses a non-reentrant model



MODULE INFORMATION

Module		Function		Class		Link	Load	Size
step_motor.c
		_turn_egs      		CODE           	052B	0000	183
		_command_turn  		CODE           	08F9	0000	13

step_motor.c estimated size: 196

C:\Program Files (x86)\Microchip\xc8\v1.42\sources\common\ftmul.c
		___ftmul       		CODE           	05E1	0000	181

C:\Program Files (x86)\Microchip\xc8\v1.42\sources\common\ftmul.c estimated size: 181

C:\Program Files (x86)\Microchip\xc8\v1.42\sources\common\ftdiv.c
		___ftdiv       		CODE           	0695	0000	170

C:\Program Files (x86)\Microchip\xc8\v1.42\sources\common\ftdiv.c estimated size: 170

C:\Program Files (x86)\Microchip\xc8\v1.42\sources\common\lwdiv.c
		___lwdiv       		CODE           	0AE1	0000	54

C:\Program Files (x86)\Microchip\xc8\v1.42\sources\common\lwdiv.c estimated size: 54

C:\Program Files (x86)\Microchip\xc8\v1.42\sources\common\awdiv.c
		___awdiv       		CODE           	0CE2	0000	83

C:\Program Files (x86)\Microchip\xc8\v1.42\sources\common\awdiv.c estimated size: 83

mcc_generated_files/interrupt_manager.c
		_INTERRUPT_InterruptManager		CODE           	0004	0000	57

mcc_generated_files/interrupt_manager.c estimated size: 57

C:\Program Files (x86)\Microchip\xc8\v1.42\sources\common\Umul8.c
		___bmul        		CODE           	0917	0000	19

C:\Program Files (x86)\Microchip\xc8\v1.42\sources\common\Umul8.c estimated size: 19

C:\Program Files (x86)\Microchip\xc8\v1.42\sources\common\printf.c
		_printf        		CODE           	0952	0000	23

C:\Program Files (x86)\Microchip\xc8\v1.42\sources\common\printf.c estimated size: 23

C:\Program Files (x86)\Microchip\xc8\v1.42\sources\common\fttol.c
		___fttol       		CODE           	0E56	0000	136

C:\Program Files (x86)\Microchip\xc8\v1.42\sources\common\fttol.c estimated size: 136

C:\Program Files (x86)\Microchip\xc8\v1.42\sources\common\ftge.c
		___ftge        		CODE           	0B4E	0000	61

C:\Program Files (x86)\Microchip\xc8\v1.42\sources\common\ftge.c estimated size: 61

mcc_generated_files/pin_manager.c
		_PIN_MANAGER_Initialize		CODE           	0A67	0000	36

mcc_generated_files/pin_manager.c estimated size: 36

C:\Program Files (x86)\Microchip\xc8\v1.42\sources\common\awtoft.c
		___awtoft      		CODE           	0A45	0000	35

C:\Program Files (x86)\Microchip\xc8\v1.42\sources\common\awtoft.c estimated size: 35

C:\Program Files (x86)\Microchip\xc8\v1.42\sources\common\ftadd.c
		___ftadd       		CODE           	035A	0000	247

C:\Program Files (x86)\Microchip\xc8\v1.42\sources\common\ftadd.c estimated size: 247

gsm.c
		_sms_text      		CODE           	073E	0000	155
		_check_status_incubator		CODE           	08ED	0000	13
		_int_gsm       		CODE           	0F6E	0000	147

gsm.c estimated size: 315

mcc_generated_files/adc.c
		_ADC_Initialize		CODE           	08C8	0000	10
		_ADC_GetConversionResult		CODE           	0997	0000	29
		_ADC_StartConversion		CODE           	08A2	0000	4
		_ADC_ISR       		CODE           	08E3	0000	11

mcc_generated_files/adc.c estimated size: 54

C:\Program Files (x86)\Microchip\xc8\v1.42\sources\common\lwtoft.c
		___lwtoft      		CODE           	093D	0000	22

C:\Program Files (x86)\Microchip\xc8\v1.42\sources\common\lwtoft.c estimated size: 22

shared
		_dpowers       		STRCODE        	1066	0000	11
		__initialization		CODE           	003E	0000	61

shared estimated size: 72

C:\Program Files (x86)\Microchip\xc8\v1.42\sources\common\ftneg.c
		___ftneg       		CODE           	08DA	0000	10

C:\Program Files (x86)\Microchip\xc8\v1.42\sources\common\ftneg.c estimated size: 10

mcc_generated_files/mcc.c
		_WDT_Initialize		CODE           	08AE	0000	5
		_OSCILLATOR_Initialize		CODE           	08B2	0000	6
		_SYSTEM_Initialize		CODE           	0905	0000	19

mcc_generated_files/mcc.c estimated size: 30

C:\Program Files (x86)\Microchip\xc8\v1.42\sources\common\float.c
		___ftpack      		CODE           	0D88	0000	102

C:\Program Files (x86)\Microchip\xc8\v1.42\sources\common\float.c estimated size: 102

mcc_generated_files/tmr1.c
		_TMR1_Initialize		CODE           	097F	0000	25
		_TMR1_enable   		CODE           	08AB	0000	4
		_TMR1_SetInterruptHandler		CODE           	08D1	0000	10
		_TMR1_disable  		CODE           	08A8	0000	4
		_TMR1_DefaultInterruptHandler		CODE           	07FF	0000	2
		_TMR1_CallBack 		CODE           	0D34	0000	85
		_TMR1_StartTimer		CODE           	08A5	0000	4
		_TMR1_ISR      		CODE           	09B3	0000	29

mcc_generated_files/tmr1.c estimated size: 163

lcd_hd44780_pic16.c
		_LCDByte       		CODE           	0B8A	0000	66
		_LCDWriteInt   		CODE           	0EDD	0000	146
		_LCDInit       		CODE           	0C0C	0000	71
		_LCDWriteString		CODE           	0BCB	0000	66

lcd_hd44780_pic16.c estimated size: 349

C:\Program Files (x86)\Microchip\xc8\v1.42\sources\common\sprintf.c
		_sprintf       		CODE           	0A08	0000	30

C:\Program Files (x86)\Microchip\xc8\v1.42\sources\common\sprintf.c estimated size: 30

C:\Program Files (x86)\Microchip\xc8\v1.42\sources\common\lwmod.c
		___lwmod       		CODE           	0AB4	0000	46

C:\Program Files (x86)\Microchip\xc8\v1.42\sources\common\lwmod.c estimated size: 46

C:\Program Files (x86)\Microchip\xc8\v1.42\sources\common\doprnt.c
		__doprnt       		CODE           	0228	0000	307

C:\Program Files (x86)\Microchip\xc8\v1.42\sources\common\doprnt.c estimated size: 307

C:\Program Files (x86)\Microchip\xc8\v1.42\sources\common\awmod.c
		___awmod       		CODE           	0C52	0000	71

C:\Program Files (x86)\Microchip\xc8\v1.42\sources\common\awmod.c estimated size: 71

dht11.c
		_CheckResponse 		CODE           	0968	0000	24
		_StartSignal   		CODE           	0929	0000	21
		_DHT_result    		CODE           	0DED	0000	106
		_ReadData      		CODE           	0B16	0000	57

dht11.c estimated size: 208

mcc_generated_files/eusart.c
		_putch         		CODE           	08B7	0000	6
		_EUSART_Write  		CODE           	07D8	0000	40
		_EUSART_Transmit_ISR		CODE           	0A25	0000	33
		_EUSART_Initialize		CODE           	09EB	0000	30
		_EUSART_Receive_ISR		CODE           	0C98	0000	75

mcc_generated_files/eusart.c estimated size: 184

C:\Program Files (x86)\Microchip\xc8\v1.42\sources\common\Umul16.c
		___wmul        		CODE           	09CF	0000	29

C:\Program Files (x86)\Microchip\xc8\v1.42\sources\common\Umul16.c estimated size: 29

main.c
		_main          		CODE           	0450	0000	220
		_comparare     		CODE           	007E	0000	427

main.c estimated size: 647

