Microchip MPLAB XC8 Compiler V1.42 ()

Linker command line:

-W-3 --edf=C:\Program Files (x86)\Microchip\xc8\v1.42\dat\en_msgs.txt -cs \
  -h+dist/default/production\DHT11T.X.production.sym \
  --cmf=dist/default/production\DHT11T.X.production.cmf -z -Q16F1937 \
  -oC:\Users\Anamaria\AppData\Local\Temp\s6q8.2 \
  -Mdist/default/production/DHT11T.X.production.map -E1 -ver=XC8 \
  -ASTACK=02098h-0218bh -pstack=STACK -ACODE=00h-07FFhx4 \
  -ASTRCODE=00h-01FFFh -ASTRING=00h-0FFhx32 -ACONST=00h-0FFhx32 \
  -AENTRY=00h-0FFhx32 -ACOMMON=070h-07Fh -ABANK0=020h-06Fh \
  -ABANK1=0A0h-0EFh -ABANK2=0120h-016Fh -ABANK3=01A0h-01EFh \
  -ABANK4=0220h-026Fh -ABANK5=02A0h-02EFh -ABANK6=0320h-032Fh \
  -ABIGRAM=02000h-021EFh \
  -ARAM=020h-06Fh,0A0h-0EFh,0120h-016Fh,01A0h-01EFh,0220h-026Fh,02A0h-02EFh,0320h-032Fh \
  -AABS1=020h-07Fh,0A0h-0EFh,0120h-016Fh,01A0h-01EFh,0220h-026Fh,02A0h-02EFh,0320h-032Fh \
  -ASFR0=00h-01Fh -ASFR1=080h-09Fh -ASFR2=0100h-011Fh -ASFR3=0180h-019Fh \
  -ASFR4=0200h-021Fh -ASFR5=0280h-029Fh -ASFR6=0300h-031Fh \
  -ASFR7=0380h-03EFh -ASFR8=0400h-046Fh -ASFR9=0480h-04EFh \
  -ASFR10=0500h-056Fh -ASFR11=0580h-05EFh -ASFR12=0600h-066Fh \
  -ASFR13=0680h-06EFh -ASFR14=0700h-076Fh -ASFR15=0780h-07EFh \
  -ASFR16=0800h-086Fh -ASFR17=0880h-08EFh -ASFR18=0900h-096Fh \
  -ASFR19=0980h-09EFh -ASFR20=0A00h-0A6Fh -ASFR21=0A80h-0AEFh \
  -ASFR22=0B00h-0B6Fh -ASFR23=0B80h-0BEFh -ASFR24=0C00h-0C6Fh \
  -ASFR25=0C80h-0CEFh -ASFR26=0D00h-0D6Fh -ASFR27=0D80h-0DEFh \
  -ASFR28=0E00h-0E6Fh -ASFR29=0E80h-0EEFh -ASFR30=0F00h-0F6Fh \
  -ASFR31=0F80h-0FEFh -preset_vec=00h,intentry=04h,init,end_init \
  -ppowerup=CODE -pcinit=CODE -pfunctab=CODE -ACONFIG=08007h-08008h \
  -pconfig=CONFIG -DCONFIG=2 -AIDLOC=08000h-08003h -pidloc=IDLOC -DIDLOC=2 \
  -AEEDATA=00h-0FFh/0F000h -peeprom_data=EEDATA -DEEDATA=2 -DCODE=2 \
  -DSTRCODE=2 -DSTRING=2 -DCONST=2 -DENTRY=2 -k \
  C:\Users\Anamaria\AppData\Local\Temp\s6q8.obj \
  dist/default/production\DHT11T.X.production.obj 

Object code version is 3.11

Machine type is 16F1937



                Name                               Link     Load   Length Selector   Space Scale
C:\Users\Anamaria\AppData\Local\Temp\s6q8.obj
                end_init                             2E       2E        2        8       0
                reset_vec                             0        0        2        0       0
                config                             8007     8007        2    1000E       0
dist/default/production\DHT11T.X.production.obj
                cinit                                30       30       38        8       0
                intentry                              4        4       2A        8       0
                text6                               1D8      1D8        7      3B0       0
                text5                               17D      17D       18        8       0
                text3                               195      195       10        8       0
                text2                               1C7      1C7        A      38E       0
                text1                               162      162       1B        8       0
                maintext                             68       68       78        8       0
                cstackBANK0                          64       64        6       20       1
                cstackCOMMON                         70       70        7       70       1
                clrtext                             1B1      1B1        C        8       0
                inittext                            1A5      1A5        C        8       0
                dataBANK1                            A0       A0       48       A0       1
                dataBANK0                            20       20       3A       20       1
                bssBANK0                             5A       5A        A       20       1
                bssCOMMON                            77       77        3       70       1
                stringtext2                         1D1      1D1        7      3A2       0
                stringtext1                         1BD      1BD        A      37A       0
                idataBANK1                           E0       E0       48        8       0
                idataBANK0                          128      128       3A        8       0

TOTAL           Name                               Link     Load   Length     Space
        CLASS   STACK          

        CLASS   CODE           
                end_init                             2E       2E        2         0
                cinit                                30       30       38         0
                intentry                              4        4       2A         0
                reset_vec                             0        0        2         0
                text6                               1D8      1D8        7         0
                text5                               17D      17D       18         0
                text3                               195      195       10         0
                text2                               1C7      1C7        A         0
                text1                               162      162       1B         0
                maintext                             68       68       78         0
                clrtext                             1B1      1B1        C         0
                inittext                            1A5      1A5        C         0
                idataBANK1                           E0       E0       48         0
                idataBANK0                          128      128       3A         0

        CLASS   STRCODE        
                stringtext2                         1D1      1D1        7         0
                stringtext1                         1BD      1BD        A         0

        CLASS   STRING         

        CLASS   CONST          

        CLASS   ENTRY          

        CLASS   COMMON         
                cstackCOMMON                         70       70        7         1
                bssCOMMON                            77       77        3         1

        CLASS   BANK0          
                cstackBANK0                          64       64        6         1
                dataBANK0                            20       20       3A         1
                bssBANK0                             5A       5A        A         1

        CLASS   BANK1          
                dataBANK1                            A0       A0       48         1

        CLASS   BANK2          

        CLASS   BANK3          

        CLASS   BANK4          

        CLASS   BANK5          

        CLASS   BANK6          

        CLASS   BIGRAM         

        CLASS   RAM            

        CLASS   ABS1           
                abs_s1                               7E       7E        2         1
                abs_s1                              26C      26C        4         1
                abs_s1                              2A0      2A0       50         1
                abs_s1                              320      320       10         1
                abs_s1                             218C     218C        0         1

        CLASS   SFR0           

        CLASS   SFR1           

        CLASS   SFR2           

        CLASS   SFR3           

        CLASS   SFR4           

        CLASS   SFR5           

        CLASS   SFR6           

        CLASS   SFR7           

        CLASS   SFR8           

        CLASS   SFR9           

        CLASS   SFR10          

        CLASS   SFR11          

        CLASS   SFR12          

        CLASS   SFR13          

        CLASS   SFR14          

        CLASS   SFR15          

        CLASS   SFR16          

        CLASS   SFR17          

        CLASS   SFR18          

        CLASS   SFR19          

        CLASS   SFR20          

        CLASS   SFR21          

        CLASS   SFR22          

        CLASS   SFR23          

        CLASS   SFR24          

        CLASS   SFR25          

        CLASS   SFR26          

        CLASS   SFR27          

        CLASS   SFR28          

        CLASS   SFR29          

        CLASS   SFR30          

        CLASS   SFR31          

        CLASS   CONFIG         
                config                             8007     8007        2         0

        CLASS   IDLOC          

        CLASS   EEDATA         

        CLASS   BANK31         

        CLASS   BANK30         

        CLASS   BANK29         

        CLASS   BANK28         

        CLASS   BANK27         

        CLASS   BANK26         

        CLASS   BANK25         

        CLASS   BANK24         

        CLASS   BANK23         

        CLASS   BANK22         

        CLASS   BANK21         

        CLASS   BANK20         

        CLASS   BANK19         

        CLASS   BANK18         

        CLASS   BANK17         

        CLASS   BANK16         

        CLASS   BANK15         

        CLASS   BANK14         

        CLASS   BANK13         

        CLASS   BANK12         

        CLASS   BANK11         

        CLASS   BANK10         

        CLASS   BANK9          

        CLASS   BANK8          

        CLASS   BANK7          



SEGMENTS        Name                           Load    Length   Top    Selector   Space  Class     Delta

                reset_vec                      000000  000002  000002         0       0  CODE        2
                intentry                       000004  0001B9  0001BD         8       0  CODE        2
                dataBANK0                      000020  00004A  00006A        20       1  BANK0       1
                cstackCOMMON                   000070  00000A  00007A        70       1  COMMON      1
                dataBANK1                      0000A0  000048  0000E8        A0       1  BANK1       1
                stringtext1                    0001BD  00000A  0001C7       37A       0  STRCODE     2
                text2                          0001C7  00000A  0001D1       38E       0  CODE        2
                stringtext2                    0001D1  000007  0001D8       3A2       0  STRCODE     2
                text6                          0001D8  000007  0001DF       3B0       0  CODE        2
                config                         008007  000002  008009     1000E       0  CONFIG      2


UNUSED ADDRESS RANGES

        Name                Unused          Largest block    Delta
        BANK0            0006A-0006F               6           1
        BANK1            000E8-000EF               8           1
        BANK2            00120-0016F              50           1
        BANK3            001A0-001EF              50           1
        BANK4            00220-0026B              4C           1
        BIGRAM           02000-021EF             1F0           1
        CODE             00002-00003               2           2
                         001DF-01FFF             800
        COMMON           0007A-0007D               4           1
        CONST            00002-00003               2           2
                         001DF-01FFF             100
        EEDATA           0F000-0F0FF             100           2
        ENTRY            00002-00003               2           2
                         001DF-01FFF             100
        IDLOC            08000-08003               4           2
        RAM              0006A-0006F               6           1
                         000E8-000EF               8
                         00120-0016F              50
                         001A0-001EF              50
                         00220-0026B              4C
        SFR0             00000-0001F              20           1
        SFR1             00080-0009F              20           1
        SFR10            00500-0056F              70           1
        SFR11            00580-005EF              70           1
        SFR12            00600-0066F              70           1
        SFR13            00680-006EF              70           1
        SFR14            00700-0076F              70           1
        SFR15            00780-007EF              70           1
        SFR16            00800-0086F              70           1
        SFR17            00880-008EF              70           1
        SFR18            00900-0096F              70           1
        SFR19            00980-009EF              70           1
        SFR2             00100-0011F              20           1
        SFR20            00A00-00A6F              70           1
        SFR21            00A80-00AEF              70           1
        SFR22            00B00-00B6F              70           1
        SFR23            00B80-00BEF              70           1
        SFR24            00C00-00C6F              70           1
        SFR25            00C80-00CEF              70           1
        SFR26            00D00-00D6F              70           1
        SFR27            00D80-00DEF              70           1
        SFR28            00E00-00E6F              70           1
        SFR29            00E80-00EEF              70           1
        SFR3             00180-0019F              20           1
        SFR30            00F00-00F6F              70           1
        SFR31            00F80-00FEF              70           1
        SFR4             00200-0021F              20           1
        SFR5             00280-0029F              20           1
        SFR6             00300-0031F              20           1
        SFR7             00380-003EF              70           1
        SFR8             00400-0046F              70           1
        SFR9             00480-004EF              70           1
        STACK            02098-0218B              F4           1
        STRCODE          00002-00003               2           2
                         001DF-01FFF            1E21
        STRING           00002-00003               2           2
                         001DF-01FFF             100

                                  Symbol Table

USART_putc@c             cstackBANK0  00064
USART_puts@s             cstackBANK0  00065
_ANSELB                  (abs)        0018D
_ANSELBbits              (abs)        0018D
_AT                      dataBANK0    00057
_AT_flag                 bssCOMMON    00077
_CMGR                    dataBANK0    00033
_INTCONbits              (abs)        0000B
_ISR                     intentry     00004
_LATB                    (abs)        0010D
_PIE1bits                (abs)        00091
_PIR1bits                (abs)        00011
_RCREG                   (abs)        00199
_RCSTAbits               (abs)        0019D
_SPBRG                   (abs)        0019B
_TRISB                   (abs)        0008D
_TRISCbits               (abs)        0008E
_TXREG                   (abs)        0019A
_TXSTAbits               (abs)        0019E
_USART_init              text3        00195
_USART_putc              text2        001C7
_USART_puts              text1        00162
__CFG_BOREN$ON           (abs)        00000
__CFG_BORV$LO            (abs)        00000
__CFG_CLKOUTEN$OFF       (abs)        00000
__CFG_CP$OFF             (abs)        00000
__CFG_CPD$OFF            (abs)        00000
__CFG_FCMEN$ON           (abs)        00000
__CFG_FOSC$HS            (abs)        00000
__CFG_IESO$ON            (abs)        00000
__CFG_LVP$ON             (abs)        00000
__CFG_MCLRE$ON           (abs)        00000
__CFG_PLLEN$OFF          (abs)        00000
__CFG_PWRTE$OFF          (abs)        00000
__CFG_STVREN$ON          (abs)        00000
__CFG_VCAPEN$OFF         (abs)        00000
__CFG_WDTE$OFF           (abs)        00000
__CFG_WRT$OFF            (abs)        00000
__Habs1                  abs1         00000
__Hbank0                 bank0        00000
__Hbank1                 bank1        00000
__Hbank10                bank10       00000
__Hbank11                bank11       00000
__Hbank12                bank12       00000
__Hbank13                bank13       00000
__Hbank14                bank14       00000
__Hbank15                bank15       00000
__Hbank16                bank16       00000
__Hbank17                bank17       00000
__Hbank18                bank18       00000
__Hbank19                bank19       00000
__Hbank2                 bank2        00000
__Hbank20                bank20       00000
__Hbank21                bank21       00000
__Hbank22                bank22       00000
__Hbank23                bank23       00000
__Hbank24                bank24       00000
__Hbank25                bank25       00000
__Hbank26                bank26       00000
__Hbank27                bank27       00000
__Hbank28                bank28       00000
__Hbank29                bank29       00000
__Hbank3                 bank3        00000
__Hbank30                bank30       00000
__Hbank31                bank31       00000
__Hbank4                 bank4        00000
__Hbank5                 bank5        00000
__Hbank6                 bank6        00000
__Hbank7                 bank7        00000
__Hbank8                 bank8        00000
__Hbank9                 bank9        00000
__Hbigram                bigram       00000
__HbssBANK0              bssBANK0     00000
__HbssCOMMON             bssCOMMON    00000
__Hcinit                 cinit        00068
__Hclrtext               clrtext      00000
__Hcode                  code         00000
__Hcommon                common       00000
__Hconfig                config       08009
__HcstackBANK0           cstackBANK0  00000
__HcstackCOMMON          cstackCOMMON 00000
__HdataBANK0             dataBANK0    00000
__HdataBANK1             dataBANK1    00000
__Heeprom_data           eeprom_data  00000
__Hend_init              end_init     00030
__Hfunctab               functab      00000
__HidataBANK0            idataBANK0   00000
__HidataBANK1            idataBANK1   00000
__Hidloc                 idloc        00000
__Hinit                  init         0002E
__Hinittext              inittext     00000
__Hintentry              intentry     0002E
__Hmaintext              maintext     00000
__Hpowerup               powerup      00000
__Hram                   ram          00000
__Hreset_vec             reset_vec    00002
__Hsfr0                  sfr0         00000
__Hsfr1                  sfr1         00000
__Hsfr10                 sfr10        00000
__Hsfr11                 sfr11        00000
__Hsfr12                 sfr12        00000
__Hsfr13                 sfr13        00000
__Hsfr14                 sfr14        00000
__Hsfr15                 sfr15        00000
__Hsfr16                 sfr16        00000
__Hsfr17                 sfr17        00000
__Hsfr18                 sfr18        00000
__Hsfr19                 sfr19        00000
__Hsfr2                  sfr2         00000
__Hsfr20                 sfr20        00000
__Hsfr21                 sfr21        00000
__Hsfr22                 sfr22        00000
__Hsfr23                 sfr23        00000
__Hsfr24                 sfr24        00000
__Hsfr25                 sfr25        00000
__Hsfr26                 sfr26        00000
__Hsfr27                 sfr27        00000
__Hsfr28                 sfr28        00000
__Hsfr29                 sfr29        00000
__Hsfr3                  sfr3         00000
__Hsfr30                 sfr30        00000
__Hsfr31                 sfr31        00000
__Hsfr4                  sfr4         00000
__Hsfr5                  sfr5         00000
__Hsfr6                  sfr6         00000
__Hsfr7                  sfr7         00000
__Hsfr8                  sfr8         00000
__Hsfr9                  sfr9         00000
__Hspace_0               (abs)        08009
__Hspace_1               (abs)        000E8
__Hspace_2               (abs)        00000
__Hspace_3               (abs)        00000
__Hstack                 stack        00000
__Hstrings               strings      00000
__Hstringtext1           stringtext1  00000
__Hstringtext2           stringtext2  00000
__Hstringtext3           stringtext3  00000
__Htext                  text         00000
__Labs1                  abs1         00000
__Lbank0                 bank0        00000
__Lbank1                 bank1        00000
__Lbank10                bank10       00000
__Lbank11                bank11       00000
__Lbank12                bank12       00000
__Lbank13                bank13       00000
__Lbank14                bank14       00000
__Lbank15                bank15       00000
__Lbank16                bank16       00000
__Lbank17                bank17       00000
__Lbank18                bank18       00000
__Lbank19                bank19       00000
__Lbank2                 bank2        00000
__Lbank20                bank20       00000
__Lbank21                bank21       00000
__Lbank22                bank22       00000
__Lbank23                bank23       00000
__Lbank24                bank24       00000
__Lbank25                bank25       00000
__Lbank26                bank26       00000
__Lbank27                bank27       00000
__Lbank28                bank28       00000
__Lbank29                bank29       00000
__Lbank3                 bank3        00000
__Lbank30                bank30       00000
__Lbank31                bank31       00000
__Lbank4                 bank4        00000
__Lbank5                 bank5        00000
__Lbank6                 bank6        00000
__Lbank7                 bank7        00000
__Lbank8                 bank8        00000
__Lbank9                 bank9        00000
__Lbigram                bigram       00000
__LbssBANK0              bssBANK0     00000
__LbssCOMMON             bssCOMMON    00000
__Lcinit                 cinit        00030
__Lclrtext               clrtext      00000
__Lcode                  code         00000
__Lcommon                common       00000
__Lconfig                config       08007
__LcstackBANK0           cstackBANK0  00000
__LcstackCOMMON          cstackCOMMON 00000
__LdataBANK0             dataBANK0    00000
__LdataBANK1             dataBANK1    00000
__Leeprom_data           eeprom_data  00000
__Lend_init              end_init     0002E
__Lfunctab               functab      00000
__LidataBANK0            idataBANK0   00000
__LidataBANK1            idataBANK1   00000
__Lidloc                 idloc        00000
__Linit                  init         0002E
__Linittext              inittext     00000
__Lintentry              intentry     00004
__Lmaintext              maintext     00000
__Lpowerup               powerup      00000
__Lram                   ram          00000
__Lreset_vec             reset_vec    00000
__Lsfr0                  sfr0         00000
__Lsfr1                  sfr1         00000
__Lsfr10                 sfr10        00000
__Lsfr11                 sfr11        00000
__Lsfr12                 sfr12        00000
__Lsfr13                 sfr13        00000
__Lsfr14                 sfr14        00000
__Lsfr15                 sfr15        00000
__Lsfr16                 sfr16        00000
__Lsfr17                 sfr17        00000
__Lsfr18                 sfr18        00000
__Lsfr19                 sfr19        00000
__Lsfr2                  sfr2         00000
__Lsfr20                 sfr20        00000
__Lsfr21                 sfr21        00000
__Lsfr22                 sfr22        00000
__Lsfr23                 sfr23        00000
__Lsfr24                 sfr24        00000
__Lsfr25                 sfr25        00000
__Lsfr26                 sfr26        00000
__Lsfr27                 sfr27        00000
__Lsfr28                 sfr28        00000
__Lsfr29                 sfr29        00000
__Lsfr3                  sfr3         00000
__Lsfr30                 sfr30        00000
__Lsfr31                 sfr31        00000
__Lsfr4                  sfr4         00000
__Lsfr5                  sfr5         00000
__Lsfr6                  sfr6         00000
__Lsfr7                  sfr7         00000
__Lsfr8                  sfr8         00000
__Lsfr9                  sfr9         00000
__Lspace_0               (abs)        00000
__Lspace_1               (abs)        00000
__Lspace_2               (abs)        00000
__Lspace_3               (abs)        00000
__Lstack                 stack        00000
__Lstrings               strings      00000
__Lstringtext1           stringtext1  00000
__Lstringtext2           stringtext2  00000
__Lstringtext3           stringtext3  00000
__Ltext                  text         00000
__S0                     (abs)        08009
__S1                     (abs)        000E8
__S2                     (abs)        00000
__S3                     (abs)        00000
___int_sp                stack        00000
___latbits               (abs)        00002
___sp                    stack        00000
__end_of_ISR             intentry     0002E
__end_of_USART_init      text3        001A5
__end_of_USART_putc      text2        001D1
__end_of_USART_puts      text1        0017D
__end_of__initialization cinit        00064
__end_of_main            maintext     000E0
__end_ofi1_USART_putc    text6        001DF
__end_ofi1_USART_puts    text5        00195
__initialization         cinit        00030
__pbssBANK0              bssBANK0     0005A
__pbssBIGRAM             (abs)        0218C
__pbssCOMMON             bssCOMMON    00077
__pcstackBANK0           cstackBANK0  00064
__pcstackCOMMON          cstackCOMMON 00070
__pdataBANK0             dataBANK0    00020
__pdataBANK1             dataBANK1    000A0
__pidataBANK0            idataBANK0   00128
__pidataBANK1            idataBANK1   000E0
__pintentry              intentry     00004
__pmaintext              maintext     00068
__pstringtext1           stringtext1  001BD
__pstringtext2           stringtext2  001D1
__pstringtext3           stringtext3  00000
__ptext1                 text1        00162
__ptext2                 text2        001C7
__ptext3                 text3        00195
__ptext5                 text5        0017D
__ptext6                 text6        001D8
__size_of_ISR            (abs)        00000
__size_of_USART_init     (abs)        00000
__size_of_USART_putc     (abs)        00000
__size_of_USART_puts     (abs)        00000
__size_of_main           (abs)        00000
__size_ofi1_USART_putc   (abs)        00000
__size_ofi1_USART_puts   (abs)        00000
_main                    maintext     00068
_mesg                    dataBANK0    0004E
_mode_pin                dataBANK0    00035
_mode_text               dataBANK0    00044
_ok                      bssBANK0     0005A
_rcbuf                   (abs)        0218C
_rcindex                 bssCOMMON    00078
_receive                 dataBANK1    000D6
_t                       bssCOMMON    00079
_terminator              dataBANK0    00034
btemp                    (abs)        0007E
clear_ram0               clrtext      001B1
end_of_initialization    cinit        00064
i1USART_putc@c           cstackCOMMON 00070
i1USART_puts@s           cstackCOMMON 00071
i1_USART_putc            text6        001D8
i1_USART_puts            text5        0017D
init_ram                 inittext     001A5
int$flags                (abs)        0007E
intlevel0                functab      00000
intlevel1                functab      00000
intlevel2                functab      00000
intlevel3                functab      00000
intlevel4                functab      00000
intlevel5                functab      00000
reset_vec                reset_vec    00000
stackhi                  (abs)        0218B
stacklo                  (abs)        02098
start                    init         0002E
start_initialization     cinit        00030
wtemp0                   (abs)        0007E


FUNCTION INFORMATION:

 *************** function _main *****************
 Defined at:
		line 108 in file "main.c"
 Parameters:    Size  Location     Type
		None
 Auto vars:     Size  Location     Type
		None
 Return value:  Size  Location     Type
                  2   89[None  ] int 
 Registers used:
		wreg, fsr0l, fsr0h, status,2, status,0, pclath, cstack
 Tracked objects:
		On entry : 
		On exit  : 
		Unchanged: 
 Data sizes:     COMMON   BANK0   BANK1   BANK2   BANK3   BANK4   BANK5   BANK6
      Params:         0       0       0       0       0       0       0       0
      Locals:         0       0       0       0       0       0       0       0
      Temps:          0       2       0       0       0       0       0       0
      Totals:         0       2       0       0       0       0       0       0
Total ram usage:        2 bytes
 Hardware stack levels required when called:    5
 This function calls:
		_USART_init
		_USART_puts
 This function is called by:
		Startup code after reset
 This function uses a non-reentrant model


 *************** function _USART_puts *****************
 Defined at:
		line 92 in file "main.c"
 Parameters:    Size  Location     Type
  s               2    1[BANK0 ] PTR unsigned char 
		 -> STR_2(7), receive(18), RAM(4096), mode_text(10), 
		 -> mode_pin(15), AT(3), mesg(9), 
 Auto vars:     Size  Location     Type
		None
 Return value:  Size  Location     Type
                  1    wreg      void 
 Registers used:
		wreg, fsr0l, fsr0h, status,2, status,0, pclath, cstack
 Tracked objects:
		On entry : 
		On exit  : 
		Unchanged: 
 Data sizes:     COMMON   BANK0   BANK1   BANK2   BANK3   BANK4   BANK5   BANK6
      Params:         0       2       0       0       0       0       0       0
      Locals:         0       0       0       0       0       0       0       0
      Temps:          0       1       0       0       0       0       0       0
      Totals:         0       3       0       0       0       0       0       0
Total ram usage:        3 bytes
 Hardware stack levels used:    1
 Hardware stack levels required when called:    4
 This function calls:
		_USART_putc
 This function is called by:
		_main
		_send_sms
 This function uses a non-reentrant model


 *************** function _USART_putc *****************
 Defined at:
		line 86 in file "main.c"
 Parameters:    Size  Location     Type
  c               1    wreg     unsigned char 
 Auto vars:     Size  Location     Type
  c               1    0[BANK0 ] unsigned char 
 Return value:  Size  Location     Type
                  1    wreg      void 
 Registers used:
		wreg
 Tracked objects:
		On entry : 
		On exit  : 
		Unchanged: 
 Data sizes:     COMMON   BANK0   BANK1   BANK2   BANK3   BANK4   BANK5   BANK6
      Params:         0       0       0       0       0       0       0       0
      Locals:         0       1       0       0       0       0       0       0
      Temps:          0       0       0       0       0       0       0       0
      Totals:         0       1       0       0       0       0       0       0
Total ram usage:        1 bytes
 Hardware stack levels used:    1
 Hardware stack levels required when called:    3
 This function calls:
		Nothing
 This function is called by:
		_USART_puts
		_send_sms
 This function uses a non-reentrant model


 *************** function _USART_init *****************
 Defined at:
		line 68 in file "main.c"
 Parameters:    Size  Location     Type
		None
 Auto vars:     Size  Location     Type
		None
 Return value:  Size  Location     Type
                  1    wreg      void 
 Registers used:
		wreg
 Tracked objects:
		On entry : 
		On exit  : 
		Unchanged: 
 Data sizes:     COMMON   BANK0   BANK1   BANK2   BANK3   BANK4   BANK5   BANK6
      Params:         0       0       0       0       0       0       0       0
      Locals:         0       0       0       0       0       0       0       0
      Temps:          0       0       0       0       0       0       0       0
      Totals:         0       0       0       0       0       0       0       0
Total ram usage:        0 bytes
 Hardware stack levels used:    1
 Hardware stack levels required when called:    3
 This function calls:
		Nothing
 This function is called by:
		_main
 This function uses a non-reentrant model


 *************** function _ISR *****************
 Defined at:
		line 152 in file "main.c"
 Parameters:    Size  Location     Type
		None
 Auto vars:     Size  Location     Type
		None
 Return value:  Size  Location     Type
                  1    wreg      void 
 Registers used:
		wreg, fsr0l, fsr0h, fsr1l, fsr1h, status,2, status,0, pclath, cstack
 Tracked objects:
		On entry : 
		On exit  : 
		Unchanged: 
 Data sizes:     COMMON   BANK0   BANK1   BANK2   BANK3   BANK4   BANK5   BANK6
      Params:         0       0       0       0       0       0       0       0
      Locals:         0       0       0       0       0       0       0       0
      Temps:          3       0       0       0       0       0       0       0
      Totals:         3       0       0       0       0       0       0       0
Total ram usage:        3 bytes
 Hardware stack levels used:    1
 Hardware stack levels required when called:    2
 This function calls:
		i1_USART_puts
 This function is called by:
		Interrupt level 1
 This function uses a non-reentrant model


 *************** function i1_USART_puts *****************
 Defined at:
		line 92 in file "main.c"
 Parameters:    Size  Location     Type
  s               2    1[COMMON] PTR unsigned char 
		 -> STR_2(7), receive(18), RAM(4096), mode_text(10), 
		 -> mode_pin(15), AT(3), mesg(9), 
 Auto vars:     Size  Location     Type
		None
 Return value:  Size  Location     Type
                  1    wreg      void 
 Registers used:
		wreg, fsr0l, fsr0h, status,2, status,0, pclath, cstack
 Tracked objects:
		On entry : 
		On exit  : 
		Unchanged: 
 Data sizes:     COMMON   BANK0   BANK1   BANK2   BANK3   BANK4   BANK5   BANK6
      Params:         2       0       0       0       0       0       0       0
      Locals:         0       0       0       0       0       0       0       0
      Temps:          1       0       0       0       0       0       0       0
      Totals:         3       0       0       0       0       0       0       0
Total ram usage:        3 bytes
 Hardware stack levels used:    1
 Hardware stack levels required when called:    1
 This function calls:
		i1_USART_putc
 This function is called by:
		_ISR
 This function uses a non-reentrant model


 *************** function i1_USART_putc *****************
 Defined at:
		line 86 in file "main.c"
 Parameters:    Size  Location     Type
  c               1    wreg     unsigned char 
 Auto vars:     Size  Location     Type
  c               1    0[COMMON] unsigned char 
 Return value:  Size  Location     Type
                  1    wreg      void 
 Registers used:
		wreg
 Tracked objects:
		On entry : 
		On exit  : 
		Unchanged: 
 Data sizes:     COMMON   BANK0   BANK1   BANK2   BANK3   BANK4   BANK5   BANK6
      Params:         0       0       0       0       0       0       0       0
      Locals:         1       0       0       0       0       0       0       0
      Temps:          0       0       0       0       0       0       0       0
      Totals:         1       0       0       0       0       0       0       0
Total ram usage:        1 bytes
 Hardware stack levels used:    1
 This function calls:
		Nothing
 This function is called by:
		i1_USART_puts
 This function uses a non-reentrant model



MODULE INFORMATION

Module		Function		Class		Link	Load	Size
shared
		__initialization		CODE           	0030	0000	53
		i1_USART_putc  		CODE           	01D8	0000	8
		i1_USART_puts  		CODE           	017D	0000	25

shared estimated size: 86

main.c
		_ISR           		CODE           	0004	0000	43
		_main          		CODE           	0068	0000	121
		_USART_putc    		CODE           	01C7	0000	11
		_USART_puts    		CODE           	0162	0000	28
		_USART_init    		CODE           	0195	0000	17

main.c estimated size: 220

