Microchip MPLAB XC8 Compiler V1.42 ()

Linker command line:

-W-3 --edf=C:\Program Files (x86)\Microchip\xc8\v1.42\dat\en_msgs.txt -cs \
  -h+dist/default/debug\Usart.X.debug.sym \
  --cmf=dist/default/debug\Usart.X.debug.cmf -z -Q16F1937 \
  -oC:\Users\Anamaria\AppData\Local\Temp\s9ho.2 \
  -Mdist/default/debug/Usart.X.debug.map -E1 -ver=XC8 -ASTACK=0218Bh-021dfh \
  -pstack=STACK -ACODE=00h-07FFhx4 -ASTRCODE=00h-01FFFh \
  -ASTRING=00h-0FFhx32 -ACONST=00h-0FFhx32 -AENTRY=00h-0FFhx32 \
  -ACOMMON=070h-07Fh -ABANK0=020h-06Fh -ABANK1=0A0h-0EFh \
  -ABANK2=0120h-016Fh -ABANK3=01A0h-01EFh -ABANK4=0220h-026Fh \
  -ABANK5=02A0h-02EFh -ABIGRAM=02000h-021DFh \
  -ARAM=020h-06Fh,0A0h-0EFh,0120h-016Fh,01A0h-01EFh,0220h-026Fh,02A0h-02EFh \
  -AABS1=020h-07Fh,0A0h-0EFh,0120h-016Fh,01A0h-01EFh,0220h-026Fh,02A0h-02EFh,0320h-032Fh \
  -ASFR0=00h-01Fh -ASFR1=080h-09Fh -ASFR2=0100h-011Fh -ASFR3=0180h-019Fh \
  -ASFR4=0200h-021Fh -ASFR5=0280h-029Fh -ASFR6=0300h-036Fh \
  -ASFR7=0380h-03EFh -ASFR8=0400h-046Fh -ASFR9=0480h-04EFh \
  -ASFR10=0500h-056Fh -ASFR11=0580h-05EFh -ASFR12=0600h-066Fh \
  -ASFR13=0680h-06EFh -ASFR14=0700h-076Fh -ASFR15=0780h-07EFh \
  -ASFR16=0800h-086Fh -ASFR17=0880h-08EFh -ASFR18=0900h-096Fh \
  -ASFR19=0980h-09EFh -ASFR20=0A00h-0A6Fh -ASFR21=0A80h-0AEFh \
  -ASFR22=0B00h-0B6Fh -ASFR23=0B80h-0BEFh -ASFR24=0C00h-0C6Fh \
  -ASFR25=0C80h-0CEFh -ASFR26=0D00h-0D6Fh -ASFR27=0D80h-0DEFh \
  -ASFR28=0E00h-0E6Fh -ASFR29=0E80h-0EEFh -ASFR30=0F00h-0F6Fh \
  -ASFR31=0F80h-0FEFh -preset_vec=00h,intentry=04h,init,end_init \
  -ppowerup=CODE -pcinit=CODE -pfunctab=CODE -ACONFIG=08007h-08008h \
  -pconfig=CONFIG -DCONFIG=2 -AIDLOC=08000h-08003h -pidloc=IDLOC -DIDLOC=2 \
  -AEEDATA=00h-0FFh/0F000h -peeprom_data=EEDATA -DEEDATA=2 -DCODE=2 \
  -DSTRCODE=2 -DSTRING=2 -DCONST=2 -DENTRY=2 -k \
  C:\Users\Anamaria\AppData\Local\Temp\s9ho.obj \
  dist/default/debug\Usart.X.debug.obj 

Object code version is 3.11

Machine type is 16F1937



                Name                               Link     Load   Length Selector   Space Scale
C:\Users\Anamaria\AppData\Local\Temp\s9ho.obj
                end_init                             3C       3C        2        8       0
                reset_vec                             0        0        3        0       0
                config                             8007     8007        2    1000E       0
dist/default/debug\Usart.X.debug.obj
                cinit                                3E       3E       3D        8       0
                intentry                              4        4       38        8       0
                text45                              CAA      CAA       1C     1954       0
                text44                              BD4      BD4        3     17A8       0
                text43                              C0D      C0D        D     181A       0
                text42                              E9D      E9D       38     1D3A       0
                text41                              D1B      D1B       1E     1A36       0
                text40                                3        3        1        0       0
                text39                              F4C      F4C       4F     1E98       0
                text38                              CC6      CC6       1C     198C       0
                text36                              BD7      BD7        3     17AE       0
                text35                              BF2      BF2        9     17E4       0
                text34                              CFE      CFE       1D     19FC       0
                text33                              BE1      BE1        5     17C2       0
                text32                              D97      D97       23     1B2E       0
                text31                              BFB      BFB        9     17F6       0
                text30                              BDA      BDA        3     17B4       0
                text29                              C92      C92       18     1924       0
                text28                              BDD      BDD        4     17BA       0
                text27                              C1A      C1A       12     1834       0
                text26                              730      730       87        8       0
                text25                              DBA      DBA       26     1B74       0
                text24                              D39      D39       1E     1A72       0
                text23                              C3E      C3E       14     187C       0
                text22                              F9B      F9B       65     1F36       0
                text21                              D75      D75       22     1AEA       0
                text20                              C2C      C2C       12     1858       0
                text19                              345      345       F6        8       0
                text18                              687      687       A9        8       0
                text17                              F10      F10       3C     1E20       0
                text16                              5D3      5D3       B4        8       0
                text15                              C04      C04        9     1808       0
                text14                              C52      C52       15     18A4       0
                text13                              CE2      CE2       1C     19C4       0
                text12                               7B       7B      1AA        8       0
                text11                              E34      E34       34     1C68       0
                text10                              E68      E68       35     1CD0       0
                text9                               E07      E07       2D     1C0E       0
                text8                               DE0      DE0       27     1BC0       0
                text7                               7FB      7FB        5        8       0
                text6                               225      225      120        8       0
                text5                               C7C      C7C       16     18F8       0
                text4                               7B7      7B7       44        8       0
                text3                               C67      C67       15     18CE       0
                text2                               D57      D57       1E     1AAE       0
                text1                               51D      51D       B6        8       0
                maintext                            43B      43B       E2        8       0
                cstackBANK0                          20       20       49       20       1
                cstackCOMMON                         70       70        A       70       1
                cstackBANK1                          A0       A0       4D       A0       1
                cstackBANK2                         120      120       2A      120       1
                clrtext                             BE6      BE6        6     17CC       0
                inittext                            BEC      BEC        6     17D8       0
                bssBANK4                            220      220       4B      220       1
                dataBANK3                           1A0      1A0       3B      1A0       1
                bssBANK3                            1DB      1DB       10      1A0       1
                dataBANK2                           169      169        2      120       1
                bssBANK2                            14A      14A       1C      120       1
                bssBANK1                             ED       ED        3       A0       1
                bssBANK0                             69       69        4       20       1
                bssCOMMON                            7A       7A        4       70       1
                stringtext9                        1075     1075        3     2000       0
                stringtext8                        106B     106B        A     2000       0
                stringtext7                        1055     1055        C     2000       0
                stringtext6                        1047     1047        E     2000       0
                stringtext5                        1038     1038        F     2000       0
                stringtext4                        1027     1027       11     2000       0
                stringtext3                        1015     1015       12     2000       0
                stringtext2                        1000     1000       15     2000       0
                nvBANK2                             166      166        3      120       1
                nvBANK0                              6D       6D        2       20       1
                stringtext1                        1061     1061        A     2000       0
                idataBANK3                          ED5      ED5       3B     1DAA       0
                idataBANK2                          BD2      BD2        2     17A4       0

TOTAL           Name                               Link     Load   Length     Space
        CLASS   STACK          

        CLASS   CODE           
                end_init                             3C       3C        2         0
                cinit                                3E       3E       3D         0
                intentry                              4        4       38         0
                reset_vec                             0        0        3         0
                text45                              CAA      CAA       1C         0
                text44                              BD4      BD4        3         0
                text43                              C0D      C0D        D         0
                text42                              E9D      E9D       38         0
                text41                              D1B      D1B       1E         0
                text40                                3        3        1         0
                text39                              F4C      F4C       4F         0
                text38                              CC6      CC6       1C         0
                text36                              BD7      BD7        3         0
                text35                              BF2      BF2        9         0
                text34                              CFE      CFE       1D         0
                text33                              BE1      BE1        5         0
                text32                              D97      D97       23         0
                text31                              BFB      BFB        9         0
                text30                              BDA      BDA        3         0
                text29                              C92      C92       18         0
                text28                              BDD      BDD        4         0
                text27                              C1A      C1A       12         0
                text26                              730      730       87         0
                text25                              DBA      DBA       26         0
                text24                              D39      D39       1E         0
                text23                              C3E      C3E       14         0
                text22                              F9B      F9B       65         0
                text21                              D75      D75       22         0
                text20                              C2C      C2C       12         0
                text19                              345      345       F6         0
                text18                              687      687       A9         0
                text17                              F10      F10       3C         0
                text16                              5D3      5D3       B4         0
                text15                              C04      C04        9         0
                text14                              C52      C52       15         0
                text13                              CE2      CE2       1C         0
                text12                               7B       7B      1AA         0
                text11                              E34      E34       34         0
                text10                              E68      E68       35         0
                text9                               E07      E07       2D         0
                text8                               DE0      DE0       27         0
                text7                               7FB      7FB        5         0
                text6                               225      225      120         0
                text5                               C7C      C7C       16         0
                text4                               7B7      7B7       44         0
                text3                               C67      C67       15         0
                text2                               D57      D57       1E         0
                text1                               51D      51D       B6         0
                maintext                            43B      43B       E2         0
                clrtext                             BE6      BE6        6         0
                inittext                            BEC      BEC        6         0
                idataBANK3                          ED5      ED5       3B         0
                idataBANK2                          BD2      BD2        2         0

        CLASS   STRCODE        
                stringtext9                        1075     1075        3         0
                stringtext8                        106B     106B        A         0
                stringtext7                        1055     1055        C         0
                stringtext6                        1047     1047        E         0
                stringtext5                        1038     1038        F         0
                stringtext4                        1027     1027       11         0
                stringtext3                        1015     1015       12         0
                stringtext2                        1000     1000       15         0
                stringtext1                        1061     1061        A         0

        CLASS   STRING         

        CLASS   CONST          

        CLASS   ENTRY          

        CLASS   COMMON         
                cstackCOMMON                         70       70        A         1
                bssCOMMON                            7A       7A        4         1

        CLASS   BANK0          
                cstackBANK0                          20       20       49         1
                bssBANK0                             69       69        4         1
                nvBANK0                              6D       6D        2         1

        CLASS   BANK1          
                cstackBANK1                          A0       A0       4D         1
                bssBANK1                             ED       ED        3         1

        CLASS   BANK2          
                cstackBANK2                         120      120       2A         1
                dataBANK2                           169      169        2         1
                bssBANK2                            14A      14A       1C         1
                nvBANK2                             166      166        3         1

        CLASS   BANK3          
                dataBANK3                           1A0      1A0       3B         1
                bssBANK3                            1DB      1DB       10         1

        CLASS   BANK4          
                bssBANK4                            220      220       4B         1

        CLASS   BANK5          

        CLASS   BIGRAM         

        CLASS   RAM            

        CLASS   ABS1           
                abs_s1                               7E       7E        2         1

        CLASS   SFR0           

        CLASS   SFR1           

        CLASS   SFR2           

        CLASS   SFR3           

        CLASS   SFR4           

        CLASS   SFR5           

        CLASS   SFR6           

        CLASS   SFR7           

        CLASS   SFR8           

        CLASS   SFR9           

        CLASS   SFR10          

        CLASS   SFR11          

        CLASS   SFR12          

        CLASS   SFR13          

        CLASS   SFR14          

        CLASS   SFR15          

        CLASS   SFR16          

        CLASS   SFR17          

        CLASS   SFR18          

        CLASS   SFR19          

        CLASS   SFR20          

        CLASS   SFR21          

        CLASS   SFR22          

        CLASS   SFR23          

        CLASS   SFR24          

        CLASS   SFR25          

        CLASS   SFR26          

        CLASS   SFR27          

        CLASS   SFR28          

        CLASS   SFR29          

        CLASS   SFR30          

        CLASS   SFR31          

        CLASS   CONFIG         
                config                             8007     8007        2         0

        CLASS   IDLOC          

        CLASS   EEDATA         

        CLASS   BANK31         

        CLASS   BANK30         

        CLASS   BANK29         

        CLASS   BANK28         

        CLASS   BANK27         

        CLASS   BANK26         

        CLASS   BANK25         

        CLASS   BANK24         

        CLASS   BANK23         

        CLASS   BANK22         

        CLASS   BANK21         

        CLASS   BANK20         

        CLASS   BANK19         

        CLASS   BANK18         

        CLASS   BANK17         

        CLASS   BANK16         

        CLASS   BANK15         

        CLASS   BANK14         

        CLASS   BANK13         

        CLASS   BANK12         

        CLASS   BANK11         

        CLASS   BANK10         

        CLASS   BANK9          

        CLASS   BANK8          

        CLASS   BANK7          

        CLASS   BANK6          



SEGMENTS        Name                           Load    Length   Top    Selector   Space  Class     Delta

                reset_vec                      000000  000004  000004         0       0  CODE        2
                intentry                       000004  0007FC  000800         8       0  CODE        2
                cstackBANK0                    000020  00004F  00006F        20       1  BANK0       1
                cstackCOMMON                   000070  00000E  00007E        70       1  COMMON      1
                cstackBANK1                    0000A0  000050  0000F0        A0       1  BANK1       1
                cstackBANK2                    000120  00004B  00016B       120       1  BANK2       1
                dataBANK3                      0001A0  00004B  0001EB       1A0       1  BANK3       1
                bssBANK4                       000220  00004B  00026B       220       1  BANK4       1
                idataBANK2                     000BD2  000002  000BD4      17A4       0  CODE        2
                text44                         000BD4  000003  000BD7      17A8       0  CODE        2
                text36                         000BD7  000003  000BDA      17AE       0  CODE        2
                text30                         000BDA  000003  000BDD      17B4       0  CODE        2
                text28                         000BDD  000004  000BE1      17BA       0  CODE        2
                text33                         000BE1  000005  000BE6      17C2       0  CODE        2
                clrtext                        000BE6  000006  000BEC      17CC       0  CODE        2
                inittext                       000BEC  000006  000BF2      17D8       0  CODE        2
                text35                         000BF2  000009  000BFB      17E4       0  CODE        2
                text31                         000BFB  000009  000C04      17F6       0  CODE        2
                text15                         000C04  000009  000C0D      1808       0  CODE        2
                text43                         000C0D  00000D  000C1A      181A       0  CODE        2
                text27                         000C1A  000012  000C2C      1834       0  CODE        2
                text20                         000C2C  000012  000C3E      1858       0  CODE        2
                text23                         000C3E  000014  000C52      187C       0  CODE        2
                text14                         000C52  000015  000C67      18A4       0  CODE        2
                text3                          000C67  000015  000C7C      18CE       0  CODE        2
                text5                          000C7C  000016  000C92      18F8       0  CODE        2
                text29                         000C92  000018  000CAA      1924       0  CODE        2
                text45                         000CAA  00001C  000CC6      1954       0  CODE        2
                text38                         000CC6  00001C  000CE2      198C       0  CODE        2
                text13                         000CE2  00001C  000CFE      19C4       0  CODE        2
                text34                         000CFE  00001D  000D1B      19FC       0  CODE        2
                text41                         000D1B  00001E  000D39      1A36       0  CODE        2
                text24                         000D39  00001E  000D57      1A72       0  CODE        2
                text2                          000D57  00001E  000D75      1AAE       0  CODE        2
                text21                         000D75  000022  000D97      1AEA       0  CODE        2
                text32                         000D97  000023  000DBA      1B2E       0  CODE        2
                text25                         000DBA  000026  000DE0      1B74       0  CODE        2
                text8                          000DE0  000027  000E07      1BC0       0  CODE        2
                text9                          000E07  00002D  000E34      1C0E       0  CODE        2
                text11                         000E34  000034  000E68      1C68       0  CODE        2
                text10                         000E68  000035  000E9D      1CD0       0  CODE        2
                text42                         000E9D  000038  000ED5      1D3A       0  CODE        2
                idataBANK3                     000ED5  00003B  000F10      1DAA       0  CODE        2
                text17                         000F10  00003C  000F4C      1E20       0  CODE        2
                text39                         000F4C  00004F  000F9B      1E98       0  CODE        2
                text22                         000F9B  000065  001000      1F36       0  CODE        2
                stringtext2                    001000  000078  001078      2000       0  STRCODE     2
                config                         008007  000002  008009     1000E       0  CONFIG      2


UNUSED ADDRESS RANGES

        Name                Unused          Largest block    Delta
        BANK0            0006F-0006F               1           1
        BANK2            0016B-0016F               5           1
        BANK3            001EB-001EF               5           1
        BANK4            0026B-0026F               5           1
        BANK5            002A0-002EF              50           1
        BIGRAM           02000-021DF             1E0           1
        CODE             00800-00BD1             3D2           2
                         01078-01FFF             788
        CONST            00800-00BD1             100           2
                         01078-01FFF             100
        EEDATA           0F000-0F0FF             100           2
        ENTRY            00800-00BD1             100           2
                         01078-01FFF             100
        IDLOC            08000-08003               4           2
        RAM              0006F-0006F               1           1
                         0016B-0016F               5
                         001EB-001EF               5
                         0026B-0026F               5
                         002A0-002EF              50
        SFR0             00000-0001F              20           1
        SFR1             00080-0009F              20           1
        SFR10            00500-0056F              70           1
        SFR11            00580-005EF              70           1
        SFR12            00600-0066F              70           1
        SFR13            00680-006EF              70           1
        SFR14            00700-0076F              70           1
        SFR15            00780-007EF              70           1
        SFR16            00800-0086F              70           1
        SFR17            00880-008EF              70           1
        SFR18            00900-0096F              70           1
        SFR19            00980-009EF              70           1
        SFR2             00100-0011F              20           1
        SFR20            00A00-00A6F              70           1
        SFR21            00A80-00AEF              70           1
        SFR22            00B00-00B6F              70           1
        SFR23            00B80-00BEF              70           1
        SFR24            00C00-00C6F              70           1
        SFR25            00C80-00CEF              70           1
        SFR26            00D00-00D6F              70           1
        SFR27            00D80-00DEF              70           1
        SFR28            00E00-00E6F              70           1
        SFR29            00E80-00EEF              70           1
        SFR3             00180-0019F              20           1
        SFR30            00F00-00F6F              70           1
        SFR31            00F80-00FEF              70           1
        SFR4             00200-0021F              20           1
        SFR5             00280-0029F              20           1
        SFR6             00300-0036F              70           1
        SFR7             00380-003EF              70           1
        SFR8             00400-0046F              70           1
        SFR9             00480-004EF              70           1
        STACK            0218B-021DF              55           1
        STRCODE          00800-00BD1             3D2           2
                         01078-01FFF             F88
        STRING           00800-00BD1             100           2
                         01078-01FFF             100

                                  Symbol Table

?_ADC_GetConversionResult                 cstackCOMMON 00070
?___awtoft                                cstackBANK0  00028
?___ftadd                                 cstackBANK0  00041
?___ftdiv                                 cstackBANK0  0003E
?___ftmul                                 cstackBANK0  0002E
?___ftneg                                 cstackBANK0  0003E
?___ftpack                                cstackBANK0  00020
?___fttol                                 cstackBANK0  00020
?___lwdiv                                 cstackBANK0  00020
?___lwmod                                 cstackBANK0  00028
?___lwtoft                                cstackBANK0  00028
?___wmul                                  cstackBANK0  00020
?__doprnt                                 cstackBANK0  0002E
?_comparare                               cstackBANK0  0004E
?_printf                                  cstackBANK0  0003B
?_sprintf                                 cstackBANK0  0003B
EUSART_Write@txData                       cstackBANK0  00021
TMR1_ISR@CountCallBack                    bssBANK2     0014C
TMR1_SetInterruptHandler@InterruptHandler cstackBANK0  00020
_ADCON0                                   (abs)        0009D
_ADCON0bits                               (abs)        0009D
_ADCON1                                   (abs)        0009E
_ADC_GetConversionResult                  text45       00CAA
_ADC_ISR                                  text43       00C0D
_ADC_Initialize                           text35       00BF2
_ADC_StartConversion                      text36       00BD7
_ADRESH                                   (abs)        0009C
_ADRESL                                   (abs)        0009B
_ANSELA                                   (abs)        0018C
_ANSELB                                   (abs)        0018D
_ANSELD                                   (abs)        0018F
_ANSELE                                   (abs)        00190
_APFCON                                   (abs)        0011D
_BAUDCON                                  (abs)        0019F
_EUSART_Initialize                        text34       00CFE
_EUSART_Receive_ISR                       text42       00E9D
_EUSART_Transmit_ISR                      text41       00D1B
_EUSART_Write                             text8        00DE0
_INTCONbits                               (abs)        0000B
_INTERRUPT_InterruptManager               intentry     00004
_LATA                                     (abs)        0010C
_LATB                                     (abs)        0010D
_LATC                                     (abs)        0010E
_LATCbits                                 (abs)        0010E
_LATD                                     (abs)        0010F
_LATDbits                                 (abs)        0010F
_LATE                                     (abs)        00110
_OPTION_REGbits                           (abs)        00095
_OSCCON                                   (abs)        00099
_OSCILLATOR_Initialize                    text33       00BE1
_OSCTUNE                                  (abs)        00098
_PIE1bits                                 (abs)        00091
_PIN_MANAGER_Initialize                   text32       00D97
_PIR1bits                                 (abs)        00011
_RCREG                                    (abs)        00199
_RCSTA                                    (abs)        0019D
_RCSTAbits                                (abs)        0019D
_SPBRGH                                   (abs)        0019C
_SPBRGL                                   (abs)        0019B
_SYSTEM_Initialize                        text27       00C1A
_T1CON                                    (abs)        00018
_T1CONbits                                (abs)        00018
_T1GCON                                   (abs)        00019
_T1GCONbits                               (abs)        00019
_TMR1H                                    (abs)        00017
_TMR1L                                    (abs)        00016
_TMR1_CallBack                            text39       00F4C
_TMR1_DefaultInterruptHandler             text40       00003
_TMR1_ISR                                 text38       00CC6
_TMR1_Initialize                          text29       00C92
_TMR1_InterruptHandler                    nvBANK2      00166
_TMR1_SetInterruptHandler                 text31       00BFB
_TMR1_StartTimer                          text30       00BDA
_TRISA                                    (abs)        0008C
_TRISB                                    (abs)        0008D
_TRISC                                    (abs)        0008E
_TRISCbits                                (abs)        0008E
_TRISD                                    (abs)        0008F
_TRISE                                    (abs)        00090
_TXREG                                    (abs)        0019A
_TXSTA                                    (abs)        0019E
_WDTCON                                   (abs)        00097
_WDT_Initialize                           text28       00BDD
_WPUB                                     (abs)        0020D
_WPUE                                     (abs)        00210
__CFG_BOREN$ON                            (abs)        00000
__CFG_BORV$LO                             (abs)        00000
__CFG_CLKOUTEN$OFF                        (abs)        00000
__CFG_CP$OFF                              (abs)        00000
__CFG_CPD$OFF                             (abs)        00000
__CFG_FCMEN$ON                            (abs)        00000
__CFG_FOSC$HS                             (abs)        00000
__CFG_IESO$ON                             (abs)        00000
__CFG_LVP$ON                              (abs)        00000
__CFG_MCLRE$ON                            (abs)        00000
__CFG_PLLEN$OFF                           (abs)        00000
__CFG_PWRTE$OFF                           (abs)        00000
__CFG_STVREN$ON                           (abs)        00000
__CFG_VCAPEN$OFF                          (abs)        00000
__CFG_WDTE$OFF                            (abs)        00000
__CFG_WRT$OFF                             (abs)        00000
__Habs1                                   abs1         00000
__Hbank0                                  bank0        00000
__Hbank1                                  bank1        00000
__Hbank10                                 bank10       00000
__Hbank11                                 bank11       00000
__Hbank12                                 bank12       00000
__Hbank13                                 bank13       00000
__Hbank14                                 bank14       00000
__Hbank15                                 bank15       00000
__Hbank16                                 bank16       00000
__Hbank17                                 bank17       00000
__Hbank18                                 bank18       00000
__Hbank19                                 bank19       00000
__Hbank2                                  bank2        00000
__Hbank20                                 bank20       00000
__Hbank21                                 bank21       00000
__Hbank22                                 bank22       00000
__Hbank23                                 bank23       00000
__Hbank24                                 bank24       00000
__Hbank25                                 bank25       00000
__Hbank26                                 bank26       00000
__Hbank27                                 bank27       00000
__Hbank28                                 bank28       00000
__Hbank29                                 bank29       00000
__Hbank3                                  bank3        00000
__Hbank30                                 bank30       00000
__Hbank31                                 bank31       00000
__Hbank4                                  bank4        00000
__Hbank5                                  bank5        00000
__Hbank6                                  bank6        00000
__Hbank7                                  bank7        00000
__Hbank8                                  bank8        00000
__Hbank9                                  bank9        00000
__Hbigram                                 bigram       00000
__HbssBANK0                               bssBANK0     00000
__HbssBANK1                               bssBANK1     00000
__HbssBANK2                               bssBANK2     00000
__HbssBANK3                               bssBANK3     00000
__HbssBANK4                               bssBANK4     00000
__HbssCOMMON                              bssCOMMON    00000
__Hcinit                                  cinit        0007B
__Hclrtext                                clrtext      00000
__Hcode                                   code         00000
__Hcommon                                 common       00000
__Hconfig                                 config       08009
__HcstackBANK0                            cstackBANK0  00000
__HcstackBANK1                            cstackBANK1  00000
__HcstackBANK2                            cstackBANK2  00000
__HcstackCOMMON                           cstackCOMMON 00000
__HdataBANK2                              dataBANK2    00000
__HdataBANK3                              dataBANK3    00000
__Heeprom_data                            eeprom_data  00000
__Hend_init                               end_init     0003E
__Hfunctab                                functab      00000
__HidataBANK2                             idataBANK2   00000
__HidataBANK3                             idataBANK3   00000
__Hidloc                                  idloc        00000
__Hinit                                   init         0003C
__Hinittext                               inittext     00000
__Hintentry                               intentry     0003C
__Hmaintext                               maintext     00000
__HnvBANK0                                nvBANK0      00000
__HnvBANK2                                nvBANK2      00000
__Hpowerup                                powerup      00000
__Hram                                    ram          00000
__Hreset_vec                              reset_vec    00003
__Hsfr0                                   sfr0         00000
__Hsfr1                                   sfr1         00000
__Hsfr10                                  sfr10        00000
__Hsfr11                                  sfr11        00000
__Hsfr12                                  sfr12        00000
__Hsfr13                                  sfr13        00000
__Hsfr14                                  sfr14        00000
__Hsfr15                                  sfr15        00000
__Hsfr16                                  sfr16        00000
__Hsfr17                                  sfr17        00000
__Hsfr18                                  sfr18        00000
__Hsfr19                                  sfr19        00000
__Hsfr2                                   sfr2         00000
__Hsfr20                                  sfr20        00000
__Hsfr21                                  sfr21        00000
__Hsfr22                                  sfr22        00000
__Hsfr23                                  sfr23        00000
__Hsfr24                                  sfr24        00000
__Hsfr25                                  sfr25        00000
__Hsfr26                                  sfr26        00000
__Hsfr27                                  sfr27        00000
__Hsfr28                                  sfr28        00000
__Hsfr29                                  sfr29        00000
__Hsfr3                                   sfr3         00000
__Hsfr30                                  sfr30        00000
__Hsfr31                                  sfr31        00000
__Hsfr4                                   sfr4         00000
__Hsfr5                                   sfr5         00000
__Hsfr6                                   sfr6         00000
__Hsfr7                                   sfr7         00000
__Hsfr8                                   sfr8         00000
__Hsfr9                                   sfr9         00000
__Hspace_0                                (abs)        08009
__Hspace_1                                (abs)        0026B
__Hspace_2                                (abs)        00000
__Hspace_3                                (abs)        00000
__Hstack                                  stack        00000
__Hstrings                                strings      00000
__Hstringtext1                            stringtext1  00000
__Hstringtext10                           stringtext10 00000
__Hstringtext2                            stringtext2  00000
__Hstringtext3                            stringtext3  00000
__Hstringtext4                            stringtext4  00000
__Hstringtext5                            stringtext5  00000
__Hstringtext6                            stringtext6  00000
__Hstringtext7                            stringtext7  00000
__Hstringtext8                            stringtext8  00000
__Hstringtext9                            stringtext9  00000
__Htext                                   text         00000
__Labs1                                   abs1         00000
__Lbank0                                  bank0        00000
__Lbank1                                  bank1        00000
__Lbank10                                 bank10       00000
__Lbank11                                 bank11       00000
__Lbank12                                 bank12       00000
__Lbank13                                 bank13       00000
__Lbank14                                 bank14       00000
__Lbank15                                 bank15       00000
__Lbank16                                 bank16       00000
__Lbank17                                 bank17       00000
__Lbank18                                 bank18       00000
__Lbank19                                 bank19       00000
__Lbank2                                  bank2        00000
__Lbank20                                 bank20       00000
__Lbank21                                 bank21       00000
__Lbank22                                 bank22       00000
__Lbank23                                 bank23       00000
__Lbank24                                 bank24       00000
__Lbank25                                 bank25       00000
__Lbank26                                 bank26       00000
__Lbank27                                 bank27       00000
__Lbank28                                 bank28       00000
__Lbank29                                 bank29       00000
__Lbank3                                  bank3        00000
__Lbank30                                 bank30       00000
__Lbank31                                 bank31       00000
__Lbank4                                  bank4        00000
__Lbank5                                  bank5        00000
__Lbank6                                  bank6        00000
__Lbank7                                  bank7        00000
__Lbank8                                  bank8        00000
__Lbank9                                  bank9        00000
__Lbigram                                 bigram       00000
__LbssBANK0                               bssBANK0     00000
__LbssBANK1                               bssBANK1     00000
__LbssBANK2                               bssBANK2     00000
__LbssBANK3                               bssBANK3     00000
__LbssBANK4                               bssBANK4     00000
__LbssCOMMON                              bssCOMMON    00000
__Lcinit                                  cinit        0003E
__Lclrtext                                clrtext      00000
__Lcode                                   code         00000
__Lcommon                                 common       00000
__Lconfig                                 config       08007
__LcstackBANK0                            cstackBANK0  00000
__LcstackBANK1                            cstackBANK1  00000
__LcstackBANK2                            cstackBANK2  00000
__LcstackCOMMON                           cstackCOMMON 00000
__LdataBANK2                              dataBANK2    00000
__LdataBANK3                              dataBANK3    00000
__Leeprom_data                            eeprom_data  00000
__Lend_init                               end_init     0003C
__Lfunctab                                functab      00000
__LidataBANK2                             idataBANK2   00000
__LidataBANK3                             idataBANK3   00000
__Lidloc                                  idloc        00000
__Linit                                   init         0003C
__Linittext                               inittext     00000
__Lintentry                               intentry     00004
__Lmaintext                               maintext     00000
__LnvBANK0                                nvBANK0      00000
__LnvBANK2                                nvBANK2      00000
__Lpowerup                                powerup      00000
__Lram                                    ram          00000
__Lreset_vec                              reset_vec    00000
__Lsfr0                                   sfr0         00000
__Lsfr1                                   sfr1         00000
__Lsfr10                                  sfr10        00000
__Lsfr11                                  sfr11        00000
__Lsfr12                                  sfr12        00000
__Lsfr13                                  sfr13        00000
__Lsfr14                                  sfr14        00000
__Lsfr15                                  sfr15        00000
__Lsfr16                                  sfr16        00000
__Lsfr17                                  sfr17        00000
__Lsfr18                                  sfr18        00000
__Lsfr19                                  sfr19        00000
__Lsfr2                                   sfr2         00000
__Lsfr20                                  sfr20        00000
__Lsfr21                                  sfr21        00000
__Lsfr22                                  sfr22        00000
__Lsfr23                                  sfr23        00000
__Lsfr24                                  sfr24        00000
__Lsfr25                                  sfr25        00000
__Lsfr26                                  sfr26        00000
__Lsfr27                                  sfr27        00000
__Lsfr28                                  sfr28        00000
__Lsfr29                                  sfr29        00000
__Lsfr3                                   sfr3         00000
__Lsfr30                                  sfr30        00000
__Lsfr31                                  sfr31        00000
__Lsfr4                                   sfr4         00000
__Lsfr5                                   sfr5         00000
__Lsfr6                                   sfr6         00000
__Lsfr7                                   sfr7         00000
__Lsfr8                                   sfr8         00000
__Lsfr9                                   sfr9         00000
__Lspace_0                                (abs)        00000
__Lspace_1                                (abs)        00000
__Lspace_2                                (abs)        00000
__Lspace_3                                (abs)        00000
__Lstack                                  stack        00000
__Lstrings                                strings      00000
__Lstringtext1                            stringtext1  00000
__Lstringtext10                           stringtext10 00000
__Lstringtext2                            stringtext2  00000
__Lstringtext3                            stringtext3  00000
__Lstringtext4                            stringtext4  00000
__Lstringtext5                            stringtext5  00000
__Lstringtext6                            stringtext6  00000
__Lstringtext7                            stringtext7  00000
__Lstringtext8                            stringtext8  00000
__Lstringtext9                            stringtext9  00000
__Ltext                                   text         00000
__S0                                      (abs)        08009
__S1                                      (abs)        0026B
__S2                                      (abs)        00000
__S3                                      (abs)        00000
___awtoft                                 text21       00D75
___awtoft@c                               cstackBANK0  00028
___awtoft@sign                            cstackBANK0  0002D
___bmul                                   text20       00C2C
___bmul@multiplicand                      cstackBANK0  00020
___bmul@multiplier                        cstackBANK0  00023
___bmul@product                           cstackBANK0  00022
___ftadd                                  text19       00345
___ftadd@exp1                             cstackBANK0  0004D
___ftadd@exp2                             cstackBANK0  0004C
___ftadd@f1                               cstackBANK0  00041
___ftadd@f2                               cstackBANK0  00044
___ftadd@sign                             cstackBANK0  0004B
___ftdiv                                  text18       00687
___ftdiv@cntr                             cstackBANK0  00048
___ftdiv@exp                              cstackBANK0  0004C
___ftdiv@f1                               cstackBANK0  00041
___ftdiv@f2                               cstackBANK0  0003E
___ftdiv@f3                               cstackBANK0  00049
___ftdiv@sign                             cstackBANK0  0004D
___ftge                                   text17       00F10
___ftge@ff1                               cstackBANK0  0002E
___ftge@ff2                               cstackBANK0  00031
___ftmul                                  text16       005D3
___ftmul@cntr                             cstackBANK0  0003C
___ftmul@exp                              cstackBANK0  00038
___ftmul@f1                               cstackBANK0  0002E
___ftmul@f2                               cstackBANK0  00031
___ftmul@f3_as_product                    cstackBANK0  00039
___ftmul@sign                             cstackBANK0  0003D
___ftneg                                  text15       00C04
___ftneg@f1                               cstackBANK0  0003E
___ftpack                                 text22       00F9B
___ftpack@arg                             cstackBANK0  00020
___ftpack@exp                             cstackBANK0  00023
___ftpack@sign                            cstackBANK0  00024
___fttol                                  text26       00730
___fttol@exp1                             cstackBANK0  0002D
___fttol@f1                               cstackBANK0  00020
___fttol@lval                             cstackBANK0  00029
___fttol@sign1                            cstackBANK0  00028
___int_sp                                 stack        00000
___latbits                                (abs)        00002
___lwdiv                                  text10       00E68
___lwdiv@counter                          cstackBANK0  00027
___lwdiv@dividend                         cstackBANK0  00022
___lwdiv@divisor                          cstackBANK0  00020
___lwdiv@quotient                         cstackBANK0  00025
___lwmod                                  text9        00E07
___lwmod@counter                          cstackBANK0  0002D
___lwmod@dividend                         cstackBANK0  0002A
___lwmod@divisor                          cstackBANK0  00028
___lwtoft                                 text14       00C52
___lwtoft@c                               cstackBANK0  00028
___sp                                     stack        00000
___wmul                                   text13       00CE2
___wmul@multiplicand                      cstackBANK0  00022
___wmul@multiplier                        cstackBANK0  00020
___wmul@product                           cstackBANK0  00024
__doprnt                                  text6        00225
__doprnt@ap                               cstackBANK0  00030
__doprnt@c                                cstackBANK0  00039
__doprnt@f                                cstackBANK0  0002E
__doprnt@flag                             cstackBANK0  00035
__doprnt@pb                               cstackBANK0  0003A
__doprnt@prec                             cstackBANK0  00036
__doprnt@val                              cstackBANK0  00037
__end_of_ADC_GetConversionResult          text45       00CC6
__end_of_ADC_ISR                          text43       00C1A
__end_of_ADC_Initialize                   text35       00BFB
__end_of_ADC_StartConversion              text36       00BDA
__end_of_EUSART_Initialize                text34       00D1B
__end_of_EUSART_Receive_ISR               text42       00ED5
__end_of_EUSART_Transmit_ISR              text41       00D39
__end_of_EUSART_Write                     text8        00E07
__end_of_INTERRUPT_InterruptManager       intentry     0003C
__end_of_OSCILLATOR_Initialize            text33       00BE6
__end_of_PIN_MANAGER_Initialize           text32       00DBA
__end_of_SYSTEM_Initialize                text27       00C2C
__end_of_TMR1_CallBack                    text39       00F9B
__end_of_TMR1_DefaultInterruptHandler     text40       00004
__end_of_TMR1_ISR                         text38       00CE2
__end_of_TMR1_Initialize                  text29       00CAA
__end_of_TMR1_SetInterruptHandler         text31       00C04
__end_of_TMR1_StartTimer                  text30       00BDD
__end_of_WDT_Initialize                   text28       00BE1
__end_of___awtoft                         text21       00D97
__end_of___bmul                           text20       00C3E
__end_of___ftadd                          text19       0043B
__end_of___ftdiv                          text18       00730
__end_of___ftge                           text17       00F4C
__end_of___ftmul                          text16       00687
__end_of___ftneg                          text15       00C0D
__end_of___ftpack                         text22       01000
__end_of___fttol                          text26       007B7
__end_of___lwdiv                          text10       00E9D
__end_of___lwmod                          text9        00E34
__end_of___lwtoft                         text14       00C67
__end_of___wmul                           text13       00CFE
__end_of__doprnt                          text6        00345
__end_of__initialization                  cinit        00077
__end_of_comand_lcd                       text23       00C52
__end_of_comparare                        text12       00225
__end_of_dpowers                          stringtext1  0106B
__end_of_init_lcd                         text11       00E68
__end_of_int_gsm                          text4        007FB
__end_of_main                             maintext     0051D
__end_of_printf                           text5        00C92
__end_of_putch                            text7        00800
__end_of_send_command_byte                text24       00D57
__end_of_send_data_byte                   text3        00C7C
__end_of_send_nibble                      text25       00DE0
__end_of_sprintf                          text2        00D75
__end_of_turn_egs                         text1        005D3
__end_ofi1_ADC_StartConversion            text44       00BD7
__initialization                          cinit        0003E
__pbssBANK0                               bssBANK0     00069
__pbssBANK1                               bssBANK1     000ED
__pbssBANK2                               bssBANK2     0014A
__pbssBANK3                               bssBANK3     001DB
__pbssBANK4                               bssBANK4     00220
__pbssCOMMON                              bssCOMMON    0007A
__pcstackBANK0                            cstackBANK0  00020
__pcstackBANK1                            cstackBANK1  000A0
__pcstackBANK2                            cstackBANK2  00120
__pcstackCOMMON                           cstackCOMMON 00070
__pdataBANK2                              dataBANK2    00169
__pdataBANK3                              dataBANK3    001A0
__pidataBANK2                             idataBANK2   00BD2
__pidataBANK3                             idataBANK3   00ED5
__pintentry                               intentry     00004
__pmaintext                               maintext     0043B
__pnvBANK0                                nvBANK0      0006D
__pnvBANK2                                nvBANK2      00166
__pstringtext1                            stringtext1  01061
__pstringtext10                           stringtext10 00000
__pstringtext2                            stringtext2  01000
__pstringtext3                            stringtext3  01015
__pstringtext4                            stringtext4  01027
__pstringtext5                            stringtext5  01038
__pstringtext6                            stringtext6  01047
__pstringtext7                            stringtext7  01055
__pstringtext8                            stringtext8  0106B
__pstringtext9                            stringtext9  01075
__ptext1                                  text1        0051D
__ptext10                                 text10       00E68
__ptext11                                 text11       00E34
__ptext12                                 text12       0007B
__ptext13                                 text13       00CE2
__ptext14                                 text14       00C52
__ptext15                                 text15       00C04
__ptext16                                 text16       005D3
__ptext17                                 text17       00F10
__ptext18                                 text18       00687
__ptext19                                 text19       00345
__ptext2                                  text2        00D57
__ptext20                                 text20       00C2C
__ptext21                                 text21       00D75
__ptext22                                 text22       00F9B
__ptext23                                 text23       00C3E
__ptext24                                 text24       00D39
__ptext25                                 text25       00DBA
__ptext26                                 text26       00730
__ptext27                                 text27       00C1A
__ptext28                                 text28       00BDD
__ptext29                                 text29       00C92
__ptext3                                  text3        00C67
__ptext30                                 text30       00BDA
__ptext31                                 text31       00BFB
__ptext32                                 text32       00D97
__ptext33                                 text33       00BE1
__ptext34                                 text34       00CFE
__ptext35                                 text35       00BF2
__ptext36                                 text36       00BD7
__ptext38                                 text38       00CC6
__ptext39                                 text39       00F4C
__ptext4                                  text4        007B7
__ptext40                                 text40       00003
__ptext41                                 text41       00D1B
__ptext42                                 text42       00E9D
__ptext43                                 text43       00C0D
__ptext44                                 text44       00BD4
__ptext45                                 text45       00CAA
__ptext5                                  text5        00C7C
__ptext6                                  text6        00225
__ptext7                                  text7        007FB
__ptext8                                  text8        00DE0
__ptext9                                  text9        00E07
__size_of_ADC_GetConversionResult         (abs)        00000
__size_of_ADC_ISR                         (abs)        00000
__size_of_ADC_Initialize                  (abs)        00000
__size_of_ADC_StartConversion             (abs)        00000
__size_of_EUSART_Initialize               (abs)        00000
__size_of_EUSART_Receive_ISR              (abs)        00000
__size_of_EUSART_Transmit_ISR             (abs)        00000
__size_of_EUSART_Write                    (abs)        00000
__size_of_INTERRUPT_InterruptManager      (abs)        00000
__size_of_OSCILLATOR_Initialize           (abs)        00000
__size_of_PIN_MANAGER_Initialize          (abs)        00000
__size_of_SYSTEM_Initialize               (abs)        00000
__size_of_TMR1_CallBack                   (abs)        00000
__size_of_TMR1_DefaultInterruptHandler    (abs)        00000
__size_of_TMR1_ISR                        (abs)        00000
__size_of_TMR1_Initialize                 (abs)        00000
__size_of_TMR1_SetInterruptHandler        (abs)        00000
__size_of_TMR1_StartTimer                 (abs)        00000
__size_of_WDT_Initialize                  (abs)        00000
__size_of___awtoft                        (abs)        00000
__size_of___bmul                          (abs)        00000
__size_of___ftadd                         (abs)        00000
__size_of___ftdiv                         (abs)        00000
__size_of___ftge                          (abs)        00000
__size_of___ftmul                         (abs)        00000
__size_of___ftneg                         (abs)        00000
__size_of___ftpack                        (abs)        00000
__size_of___fttol                         (abs)        00000
__size_of___lwdiv                         (abs)        00000
__size_of___lwmod                         (abs)        00000
__size_of___lwtoft                        (abs)        00000
__size_of___wmul                          (abs)        00000
__size_of__doprnt                         (abs)        00000
__size_of_comand_lcd                      (abs)        00000
__size_of_comparare                       (abs)        00000
__size_of_init_lcd                        (abs)        00000
__size_of_int_gsm                         (abs)        00000
__size_of_main                            (abs)        00000
__size_of_printf                          (abs)        00000
__size_of_putch                           (abs)        00000
__size_of_send_command_byte               (abs)        00000
__size_of_send_data_byte                  (abs)        00000
__size_of_send_nibble                     (abs)        00000
__size_of_sprintf                         (abs)        00000
__size_of_turn_egs                        (abs)        00000
__size_ofi1_ADC_StartConversion           (abs)        00000
_comand_lcd                               text23       00C3E
_comparare                                text12       0007B
_count_1000_ms                            bssBANK2     00150
_count_100_ms                             bssBANK2     00154
_count_4000_ms                            bssBANK2     0014E
_count_500_ms                             bssBANK2     00152
_dpowers                                  stringtext1  01061
_eusartRxBuffer                           bssBANK3     001DB
_eusartRxCount                            bssBANK1     000EF
_eusartRxHead                             bssCOMMON    0007B
_eusartRxTail                             bssBANK0     0006C
_eusartTxBuffer                           bssBANK3     001E3
_eusartTxBufferRemaining                  nvBANK2      00168
_eusartTxHead                             bssCOMMON    0007D
_eusartTxTail                             bssCOMMON    0007C
_flag_1000_ms                             bssBANK2     00156
_flag_100_ms                              bssBANK2     0015A
_flag_10_ms                               bssBANK2     0015C
_flag_1_ms                                bssBANK2     0015E
_flag_4000_ms                             bssBANK1     000ED
_flag_500_ms                              bssBANK2     00158
_flag_G                                   bssBANK2     00160
_flag_N                                   bssBANK2     00162
_flag_directie                            bssBANK2     0014A
_init_lcd                                 text11       00E34
_int_gsm                                  text4        007B7
_line1                                    dataBANK3    001D3
_line2                                    dataBANK3    001CA
_main                                     maintext     0043B
_printf                                   text5        00C7C
_putch                                    text7        007FB
_rcreg                                    bssBANK0     0006B
_rez_conversie                            bssBANK2     00164
_send_command_byte                        text24       00D39
_send_data_byte                           text3        00C67
_send_nibble                              text25       00DBA
_sprintf                                  text2        00D57
_timer1ReloadVal                          nvBANK0      0006D
_turn_egs                                 text1        0051D
btemp                                     (abs)        0007E
clear_ram0                                clrtext      00BE6
comparare@F3705                           dataBANK3    001A0
comparare@F3710                           bssBANK4     00220
comparare@dif                             cstackBANK0  00052
comparare@i                               cstackBANK1  000EB
comparare@j                               cstackBANK0  0005A
comparare@j_739                           cstackBANK0  0005C
comparare@res                             cstackBANK2  00120
comparare@resistor_value                  cstackBANK0  0004E
comparare@result                          cstackBANK0  00058
comparare@step                            cstackBANK0  00055
comparare@table                           cstackBANK1  000A0
end_of_initialization                     cinit        00077
i1_ADC_StartConversion                    text44       00BD4
init_ram                                  inittext     00BEC
int$flags                                 (abs)        0007E
int_gsm@sms1_index                        bssBANK0     00069
intlevel0                                 functab      00000
intlevel1                                 functab      00000
intlevel2                                 functab      00000
intlevel3                                 functab      00000
intlevel4                                 functab      00000
intlevel5                                 functab      00000
main@n                                    cstackBANK0  00065
main@n_764                                cstackBANK0  00067
main@temp                                 cstackBANK0  00063
main@volt                                 cstackBANK0  00060
main@x                                    cstackBANK0  0005F
printf@ap                                 cstackBANK0  0003E
printf@f                                  cstackBANK0  0003B
printf@pb                                 cstackBANK0  0003F
putch@txData                              cstackBANK0  00022
reset_vec                                 reset_vec    00000
send_command_byte@byte                    cstackBANK0  00023
send_data_byte@byte                       cstackBANK0  00023
send_nibble@nibble                        cstackBANK0  00021
sprintf@ap                                cstackBANK0  00041
sprintf@f                                 cstackBANK0  0003B
sprintf@pb                                cstackBANK0  00042
sprintf@wh                                cstackBANK0  00040
stackhi                                   (abs)        021DF
stacklo                                   (abs)        0218B
start                                     init         0003C
start_initialization                      cinit        0003E
turn_egs@step_index                       bssCOMMON    0007A
turn_egs@step_nr                          dataBANK2    00169
wtemp0                                    (abs)        0007E


FUNCTION INFORMATION:

 *************** function _main *****************
 Defined at:
		line 365 in file "main.c"
 Parameters:    Size  Location     Type
		None
 Auto vars:     Size  Location     Type
  n               2   71[BANK0 ] int 
  n               2   69[BANK0 ] int 
  volt            3   64[BANK0 ] float 
  temp            2   67[BANK0 ] int 
  x               1   63[BANK0 ] unsigned char 
 Return value:  Size  Location     Type
                  1    wreg      void 
 Registers used:
		wreg, fsr0l, fsr0h, fsr1l, fsr1h, status,2, status,0, pclath, cstack
 Tracked objects:
		On entry : 
		On exit  : 
		Unchanged: 
 Data sizes:     COMMON   BANK0   BANK1   BANK2   BANK3   BANK4   BANK5
      Params:         0       0       0       0       0       0       0
      Locals:         0      10       0       0       0       0       0
      Temps:          0       1       0       0       0       0       0
      Totals:         0      11       0       0       0       0       0
Total ram usage:       11 bytes
 Hardware stack levels required when called:    9
 This function calls:
		_ADC_StartConversion
		_SYSTEM_Initialize
		___ftdiv
		___ftmul
		___fttol
		___lwtoft
		_comand_lcd
		_comparare
		_init_lcd
		_int_gsm
		_send_command_byte
		_send_data_byte
		_sprintf
		_turn_egs
 This function is called by:
		Startup code after reset
 This function uses a non-reentrant model


 *************** function _turn_egs *****************
 Defined at:
		line 141 in file "main.c"
 Parameters:    Size  Location     Type
		None
 Auto vars:     Size  Location     Type
		None
 Return value:  Size  Location     Type
                  1    wreg      void 
 Registers used:
		wreg, status,2, status,0
 Tracked objects:
		On entry : 
		On exit  : 
		Unchanged: 
 Data sizes:     COMMON   BANK0   BANK1   BANK2   BANK3   BANK4   BANK5
      Params:         0       0       0       0       0       0       0
      Locals:         0       0       0       0       0       0       0
      Temps:          0       1       0       0       0       0       0
      Totals:         0       1       0       0       0       0       0
Total ram usage:        1 bytes
 Hardware stack levels used:    1
 Hardware stack levels required when called:    4
 This function calls:
		Nothing
 This function is called by:
		_main
 This function uses a non-reentrant model


 *************** function _sprintf *****************
 Defined at:
		line 13 in file "C:\Program Files (x86)\Microchip\xc8\v1.42\sources\common\sprintf.c"
 Parameters:    Size  Location     Type
  wh              1    wreg     PTR unsigned char 
		 -> line1(8), 
  f               2   27[BANK0 ] PTR const unsigned char 
		 -> STR_9(17), 
 Auto vars:     Size  Location     Type
  wh              1   32[BANK0 ] PTR unsigned char 
		 -> line1(8), 
  pb              3   34[BANK0 ] struct __prbuf
  ap              1   33[BANK0 ] PTR void [1]
		 -> ?_sprintf(2), ?_printf(2), 
 Return value:  Size  Location     Type
                  2   27[BANK0 ] int 
 Registers used:
		wreg, fsr0l, fsr0h, fsr1l, fsr1h, status,2, status,0, pclath, cstack
 Tracked objects:
		On entry : 
		On exit  : 
		Unchanged: 
 Data sizes:     COMMON   BANK0   BANK1   BANK2   BANK3   BANK4   BANK5
      Params:         0       4       0       0       0       0       0
      Locals:         0       5       0       0       0       0       0
      Temps:          0       1       0       0       0       0       0
      Totals:         0      10       0       0       0       0       0
Total ram usage:       10 bytes
 Hardware stack levels used:    1
 Hardware stack levels required when called:    7
 This function calls:
		__doprnt
 This function is called by:
		_main
 This function uses a non-reentrant model


 *************** function _send_data_byte *****************
 Defined at:
		line 135 in file "main.c"
 Parameters:    Size  Location     Type
  byte            1    wreg     unsigned char 
 Auto vars:     Size  Location     Type
  byte            1    3[BANK0 ] unsigned char 
 Return value:  Size  Location     Type
                  1    wreg      void 
 Registers used:
		wreg, status,2, status,0, pclath, cstack
 Tracked objects:
		On entry : 
		On exit  : 
		Unchanged: 
 Data sizes:     COMMON   BANK0   BANK1   BANK2   BANK3   BANK4   BANK5
      Params:         0       0       0       0       0       0       0
      Locals:         0       1       0       0       0       0       0
      Temps:          0       1       0       0       0       0       0
      Totals:         0       2       0       0       0       0       0
Total ram usage:        2 bytes
 Hardware stack levels used:    1
 Hardware stack levels required when called:    5
 This function calls:
		_send_nibble
 This function is called by:
		_main
 This function uses a non-reentrant model


 *************** function _int_gsm *****************
 Defined at:
		line 291 in file "main.c"
 Parameters:    Size  Location     Type
		None
 Auto vars:     Size  Location     Type
		None
 Return value:  Size  Location     Type
                  1    wreg      void 
 Registers used:
		wreg, fsr0l, fsr0h, fsr1l, fsr1h, status,2, status,0, pclath, cstack
 Tracked objects:
		On entry : 
		On exit  : 
		Unchanged: 
 Data sizes:     COMMON   BANK0   BANK1   BANK2   BANK3   BANK4   BANK5
      Params:         0       0       0       0       0       0       0
      Locals:         0       0       0       0       0       0       0
      Temps:          0       1       0       0       0       0       0
      Totals:         0       1       0       0       0       0       0
Total ram usage:        1 bytes
 Hardware stack levels used:    1
 Hardware stack levels required when called:    8
 This function calls:
		_printf
		_putch
 This function is called by:
		_main
 This function uses a non-reentrant model


 *************** function _printf *****************
 Defined at:
		line 13 in file "C:\Program Files (x86)\Microchip\xc8\v1.42\sources\common\printf.c"
 Parameters:    Size  Location     Type
  f               2   27[BANK0 ] PTR const unsigned char 
		 -> STR_8(14), STR_7(18), STR_6(10), STR_5(15), 
		 -> STR_4(3), STR_3(12), STR_2(21), STR_1(14), 
 Auto vars:     Size  Location     Type
  pb              3   31[BANK0 ] struct __prbuf
  ap              1   30[BANK0 ] PTR void [1]
		 -> ?_sprintf(2), ?_printf(2), 
 Return value:  Size  Location     Type
                  2   27[BANK0 ] int 
 Registers used:
		wreg, fsr0l, fsr0h, fsr1l, fsr1h, status,2, status,0, pclath, cstack
 Tracked objects:
		On entry : 
		On exit  : 
		Unchanged: 
 Data sizes:     COMMON   BANK0   BANK1   BANK2   BANK3   BANK4   BANK5
      Params:         0       2       0       0       0       0       0
      Locals:         0       4       0       0       0       0       0
      Temps:          0       1       0       0       0       0       0
      Totals:         0       7       0       0       0       0       0
Total ram usage:        7 bytes
 Hardware stack levels used:    1
 Hardware stack levels required when called:    7
 This function calls:
		__doprnt
 This function is called by:
		_int_gsm
		_sms_text
 This function uses a non-reentrant model


 *************** function __doprnt *****************
 Defined at:
		line 458 in file "C:\Program Files (x86)\Microchip\xc8\v1.42\sources\common\doprnt.c"
 Parameters:    Size  Location     Type
  pb              1    wreg     PTR struct __prbuf
		 -> sprintf@pb(3), printf@pb(3), 
  f               2   14[BANK0 ] PTR const unsigned char 
		 -> STR_9(17), STR_8(14), STR_7(18), STR_6(10), 
		 -> STR_5(15), STR_4(3), STR_3(12), STR_2(21), 
		 -> STR_1(14), 
  ap              1   16[BANK0 ] PTR PTR void 
		 -> sprintf@ap(1), printf@ap(1), 
 Auto vars:     Size  Location     Type
  pb              1   26[BANK0 ] PTR struct __prbuf
		 -> sprintf@pb(3), printf@pb(3), 
  tmpval          4    0        struct .
  val             2   23[BANK0 ] unsigned int 
  cp              2    0        PTR const unsigned char 
  len             2    0        unsigned int 
  c               1   25[BANK0 ] char 
  prec            1   22[BANK0 ] char 
  flag            1   21[BANK0 ] unsigned char 
 Return value:  Size  Location     Type
                  2   14[BANK0 ] int 
 Registers used:
		wreg, fsr0l, fsr0h, fsr1l, fsr1h, status,2, status,0, pclath, cstack
 Tracked objects:
		On entry : 
		On exit  : 
		Unchanged: 
 Data sizes:     COMMON   BANK0   BANK1   BANK2   BANK3   BANK4   BANK5
      Params:         0       3       0       0       0       0       0
      Locals:         0       6       0       0       0       0       0
      Temps:          0       4       0       0       0       0       0
      Totals:         0      13       0       0       0       0       0
Total ram usage:       13 bytes
 Hardware stack levels used:    1
 Hardware stack levels required when called:    6
 This function calls:
		Absolute function
		___lwdiv
		___lwmod
		_putch
 This function is called by:
		_printf
		_sprintf
 This function uses a non-reentrant model


 *************** function _putch *****************
 Defined at:
		line 161 in file "mcc_generated_files/eusart.c"
 Parameters:    Size  Location     Type
  txData          1    2[BANK0 ] unsigned char 
 Auto vars:     Size  Location     Type
		None
 Return value:  Size  Location     Type
                  1    wreg      void 
 Registers used:
		wreg, fsr1l, fsr1h, status,2, status,0, pclath, cstack
 Tracked objects:
		On entry : 
		On exit  : 
		Unchanged: 
 Data sizes:     COMMON   BANK0   BANK1   BANK2   BANK3   BANK4   BANK5
      Params:         0       1       0       0       0       0       0
      Locals:         0       0       0       0       0       0       0
      Temps:          0       0       0       0       0       0       0
      Totals:         0       1       0       0       0       0       0
Total ram usage:        1 bytes
 Hardware stack levels used:    1
 Hardware stack levels required when called:    5
 This function calls:
		_EUSART_Write
 This function is called by:
		_int_gsm
		_printf
		_sms_text
		__doprnt
 This function uses a non-reentrant model


 *************** function _EUSART_Write *****************
 Defined at:
		line 133 in file "mcc_generated_files/eusart.c"
 Parameters:    Size  Location     Type
  txData          1    wreg     unsigned char 
 Auto vars:     Size  Location     Type
  txData          1    1[BANK0 ] unsigned char 
 Return value:  Size  Location     Type
                  1    wreg      void 
 Registers used:
		wreg, fsr1l, fsr1h, status,2, status,0
 Tracked objects:
		On entry : 
		On exit  : 
		Unchanged: 
 Data sizes:     COMMON   BANK0   BANK1   BANK2   BANK3   BANK4   BANK5
      Params:         0       0       0       0       0       0       0
      Locals:         0       1       0       0       0       0       0
      Temps:          0       1       0       0       0       0       0
      Totals:         0       2       0       0       0       0       0
Total ram usage:        2 bytes
 Hardware stack levels used:    1
 Hardware stack levels required when called:    4
 This function calls:
		Nothing
 This function is called by:
		_putch
 This function uses a non-reentrant model


 *************** function ___lwmod *****************
 Defined at:
		line 6 in file "C:\Program Files (x86)\Microchip\xc8\v1.42\sources\common\lwmod.c"
 Parameters:    Size  Location     Type
  divisor         2    8[BANK0 ] unsigned int 
  dividend        2   10[BANK0 ] unsigned int 
 Auto vars:     Size  Location     Type
  counter         1   13[BANK0 ] unsigned char 
 Return value:  Size  Location     Type
                  2    8[BANK0 ] unsigned int 
 Registers used:
		wreg, status,2, status,0
 Tracked objects:
		On entry : 
		On exit  : 
		Unchanged: 
 Data sizes:     COMMON   BANK0   BANK1   BANK2   BANK3   BANK4   BANK5
      Params:         0       4       0       0       0       0       0
      Locals:         0       1       0       0       0       0       0
      Temps:          0       1       0       0       0       0       0
      Totals:         0       6       0       0       0       0       0
Total ram usage:        6 bytes
 Hardware stack levels used:    1
 Hardware stack levels required when called:    4
 This function calls:
		Nothing
 This function is called by:
		__doprnt
 This function uses a non-reentrant model


 *************** function ___lwdiv *****************
 Defined at:
		line 6 in file "C:\Program Files (x86)\Microchip\xc8\v1.42\sources\common\lwdiv.c"
 Parameters:    Size  Location     Type
  divisor         2    0[BANK0 ] unsigned int 
  dividend        2    2[BANK0 ] unsigned int 
 Auto vars:     Size  Location     Type
  quotient        2    5[BANK0 ] unsigned int 
  counter         1    7[BANK0 ] unsigned char 
 Return value:  Size  Location     Type
                  2    0[BANK0 ] unsigned int 
 Registers used:
		wreg, status,2, status,0
 Tracked objects:
[...]
      Locals:         0       0       0       0       0       0       0
      Temps:          0       0       0       0       0       0       0
      Totals:         0       2       0       0       0       0       0
Total ram usage:        2 bytes
 Hardware stack levels used:    1
 Hardware stack levels required when called:    4
 This function calls:
		Nothing
 This function is called by:
		_TMR1_Initialize
 This function uses a non-reentrant model


 *************** function _PIN_MANAGER_Initialize *****************
 Defined at:
		line 52 in file "mcc_generated_files/pin_manager.c"
 Parameters:    Size  Location     Type
		None
 Auto vars:     Size  Location     Type
		None
 Return value:  Size  Location     Type
                  1    wreg      void 
 Registers used:
		wreg, status,2
 Tracked objects:
		On entry : 
		On exit  : 
		Unchanged: 
 Data sizes:     COMMON   BANK0   BANK1   BANK2   BANK3   BANK4   BANK5
      Params:         0       0       0       0       0       0       0
      Locals:         0       0       0       0       0       0       0
      Temps:          0       0       0       0       0       0       0
      Totals:         0       0       0       0       0       0       0
Total ram usage:        0 bytes
 Hardware stack levels used:    1
 Hardware stack levels required when called:    4
 This function calls:
		Nothing
 This function is called by:
		_SYSTEM_Initialize
 This function uses a non-reentrant model


 *************** function _OSCILLATOR_Initialize *****************
 Defined at:
		line 81 in file "mcc_generated_files/mcc.c"
 Parameters:    Size  Location     Type
		None
 Auto vars:     Size  Location     Type
		None
 Return value:  Size  Location     Type
                  1    wreg      void 
 Registers used:
		wreg, status,2
 Tracked objects:
		On entry : 
		On exit  : 
		Unchanged: 
 Data sizes:     COMMON   BANK0   BANK1   BANK2   BANK3   BANK4   BANK5
      Params:         0       0       0       0       0       0       0
      Locals:         0       0       0       0       0       0       0
      Temps:          0       0       0       0       0       0       0
      Totals:         0       0       0       0       0       0       0
Total ram usage:        0 bytes
 Hardware stack levels used:    1
 Hardware stack levels required when called:    4
 This function calls:
		Nothing
 This function is called by:
		_SYSTEM_Initialize
 This function uses a non-reentrant model


 *************** function _EUSART_Initialize *****************
 Defined at:
		line 76 in file "mcc_generated_files/eusart.c"
 Parameters:    Size  Location     Type
		None
 Auto vars:     Size  Location     Type
		None
 Return value:  Size  Location     Type
                  1    wreg      void 
 Registers used:
		wreg, status,2
 Tracked objects:
		On entry : 
		On exit  : 
		Unchanged: 
 Data sizes:     COMMON   BANK0   BANK1   BANK2   BANK3   BANK4   BANK5
      Params:         0       0       0       0       0       0       0
      Locals:         0       0       0       0       0       0       0
      Temps:          0       1       0       0       0       0       0
      Totals:         0       1       0       0       0       0       0
Total ram usage:        1 bytes
 Hardware stack levels used:    1
 Hardware stack levels required when called:    4
 This function calls:
		Nothing
 This function is called by:
		_SYSTEM_Initialize
 This function uses a non-reentrant model


 *************** function _ADC_Initialize *****************
 Defined at:
		line 64 in file "mcc_generated_files/adc.c"
 Parameters:    Size  Location     Type
		None
 Auto vars:     Size  Location     Type
		None
 Return value:  Size  Location     Type
                  1    wreg      void 
 Registers used:
		wreg, status,2
 Tracked objects:
		On entry : 
		On exit  : 
		Unchanged: 
 Data sizes:     COMMON   BANK0   BANK1   BANK2   BANK3   BANK4   BANK5
      Params:         0       0       0       0       0       0       0
      Locals:         0       0       0       0       0       0       0
      Temps:          0       0       0       0       0       0       0
      Totals:         0       0       0       0       0       0       0
Total ram usage:        0 bytes
 Hardware stack levels used:    1
 Hardware stack levels required when called:    4
 This function calls:
		Nothing
 This function is called by:
		_SYSTEM_Initialize
 This function uses a non-reentrant model


 *************** function _ADC_StartConversion *****************
 Defined at:
		line 92 in file "mcc_generated_files/adc.c"
 Parameters:    Size  Location     Type
		None
 Auto vars:     Size  Location     Type
		None
 Return value:  Size  Location     Type
                  1    wreg      void 
 Registers used:
		None
 Tracked objects:
		On entry : 
		On exit  : 
		Unchanged: 
 Data sizes:     COMMON   BANK0   BANK1   BANK2   BANK3   BANK4   BANK5
      Params:         0       0       0       0       0       0       0
      Locals:         0       0       0       0       0       0       0
      Temps:          0       0       0       0       0       0       0
      Totals:         0       0       0       0       0       0       0
Total ram usage:        0 bytes
 Hardware stack levels used:    1
 Hardware stack levels required when called:    4
 This function calls:
		Nothing
 This function is called by:
		_main
 This function uses a non-reentrant model


 *************** function _INTERRUPT_InterruptManager *****************
 Defined at:
		line 51 in file "mcc_generated_files/interrupt_manager.c"
 Parameters:    Size  Location     Type
		None
 Auto vars:     Size  Location     Type
		None
 Return value:  Size  Location     Type
                  1    wreg      void 
 Registers used:
		wreg, fsr1l, fsr1h, status,2, status,0, pclath, cstack
 Tracked objects:
		On entry : 
		On exit  : 
		Unchanged: 
 Data sizes:     COMMON   BANK0   BANK1   BANK2   BANK3   BANK4   BANK5
      Params:         0       0       0       0       0       0       0
      Locals:         0       0       0       0       0       0       0
      Temps:          1       0       0       0       0       0       0
      Totals:         1       0       0       0       0       0       0
Total ram usage:        1 bytes
 Hardware stack levels used:    1
 Hardware stack levels required when called:    3
 This function calls:
		_ADC_ISR
		_EUSART_Receive_ISR
		_EUSART_Transmit_ISR
		_TMR1_ISR
 This function is called by:
		Interrupt level 1
 This function uses a non-reentrant model


 *************** function _TMR1_ISR *****************
 Defined at:
		line 161 in file "mcc_generated_files/tmr1.c"
 Parameters:    Size  Location     Type
		None
 Auto vars:     Size  Location     Type
		None
 Return value:  Size  Location     Type
                  1    wreg      void 
 Registers used:
		wreg, status,2, status,0, pclath, cstack
 Tracked objects:
		On entry : 
		On exit  : 
		Unchanged: 
 Data sizes:     COMMON   BANK0   BANK1   BANK2   BANK3   BANK4   BANK5
      Params:         0       0       0       0       0       0       0
      Locals:         0       0       0       0       0       0       0
      Temps:          0       0       0       0       0       0       0
      Totals:         0       0       0       0       0       0       0
Total ram usage:        0 bytes
 Hardware stack levels used:    1
 Hardware stack levels required when called:    2
 This function calls:
		_TMR1_CallBack
 This function is called by:
		_INTERRUPT_InterruptManager
 This function uses a non-reentrant model


 *************** function _TMR1_CallBack *****************
 Defined at:
		line 182 in file "mcc_generated_files/tmr1.c"
 Parameters:    Size  Location     Type
		None
 Auto vars:     Size  Location     Type
		None
 Return value:  Size  Location     Type
                  1    wreg      void 
 Registers used:
		wreg, status,2, status,0, pclath, cstack
 Tracked objects:
		On entry : 
		On exit  : 
		Unchanged: 
 Data sizes:     COMMON   BANK0   BANK1   BANK2   BANK3   BANK4   BANK5
      Params:         0       0       0       0       0       0       0
      Locals:         0       0       0       0       0       0       0
      Temps:          0       0       0       0       0       0       0
      Totals:         0       0       0       0       0       0       0
Total ram usage:        0 bytes
 Hardware stack levels used:    1
 Hardware stack levels required when called:    1
 This function calls:
		Absolute function
		_TMR1_DefaultInterruptHandler
 This function is called by:
		_TMR1_ISR
 This function uses a non-reentrant model


 *************** function _TMR1_DefaultInterruptHandler *****************
 Defined at:
		line 221 in file "mcc_generated_files/tmr1.c"
 Parameters:    Size  Location     Type
		None
 Auto vars:     Size  Location     Type
		None
 Return value:  Size  Location     Type
                  1    wreg      void 
 Registers used:
		None
 Tracked objects:
		On entry : 
		On exit  : 
		Unchanged: 
 Data sizes:     COMMON   BANK0   BANK1   BANK2   BANK3   BANK4   BANK5
      Params:         0       0       0       0       0       0       0
      Locals:         0       0       0       0       0       0       0
      Temps:          0       0       0       0       0       0       0
      Totals:         0       0       0       0       0       0       0
Total ram usage:        0 bytes
 Hardware stack levels used:    1
 This function calls:
		Nothing
 This function is called by:
		_TMR1_Initialize
		_TMR1_CallBack
 This function uses a non-reentrant model


 *************** function _EUSART_Transmit_ISR *****************
 Defined at:
		line 166 in file "mcc_generated_files/eusart.c"
 Parameters:    Size  Location     Type
		None
 Auto vars:     Size  Location     Type
		None
 Return value:  Size  Location     Type
                  1    wreg      void 
 Registers used:
		wreg, fsr1l, fsr1h, status,2, status,0
 Tracked objects:
		On entry : 
		On exit  : 
		Unchanged: 
 Data sizes:     COMMON   BANK0   BANK1   BANK2   BANK3   BANK4   BANK5
      Params:         0       0       0       0       0       0       0
      Locals:         0       0       0       0       0       0       0
      Temps:          1       0       0       0       0       0       0
      Totals:         1       0       0       0       0       0       0
Total ram usage:        1 bytes
 Hardware stack levels used:    1
 This function calls:
		Nothing
 This function is called by:
		_INTERRUPT_InterruptManager
 This function uses a non-reentrant model


 *************** function _EUSART_Receive_ISR *****************
 Defined at:
		line 185 in file "mcc_generated_files/eusart.c"
 Parameters:    Size  Location     Type
		None
 Auto vars:     Size  Location     Type
		None
 Return value:  Size  Location     Type
                  1    wreg      void 
 Registers used:
		wreg, fsr1l, fsr1h, status,2, status,0
 Tracked objects:
		On entry : 
		On exit  : 
		Unchanged: 
 Data sizes:     COMMON   BANK0   BANK1   BANK2   BANK3   BANK4   BANK5
      Params:         0       0       0       0       0       0       0
      Locals:         0       0       0       0       0       0       0
      Temps:          1       0       0       0       0       0       0
      Totals:         1       0       0       0       0       0       0
Total ram usage:        1 bytes
 Hardware stack levels used:    1
 This function calls:
		Nothing
 This function is called by:
		_INTERRUPT_InterruptManager
 This function uses a non-reentrant model


 *************** function _ADC_ISR *****************
 Defined at:
		line 136 in file "mcc_generated_files/adc.c"
 Parameters:    Size  Location     Type
		None
 Auto vars:     Size  Location     Type
		None
 Return value:  Size  Location     Type
                  1    wreg      void 
 Registers used:
		wreg, status,2, status,0, pclath, cstack
 Tracked objects:
		On entry : 
		On exit  : 
		Unchanged: 
 Data sizes:     COMMON   BANK0   BANK1   BANK2   BANK3   BANK4   BANK5
      Params:         0       0       0       0       0       0       0
      Locals:         0       0       0       0       0       0       0
      Temps:          0       0       0       0       0       0       0
      Totals:         0       0       0       0       0       0       0
Total ram usage:        0 bytes
 Hardware stack levels used:    1
 Hardware stack levels required when called:    1
 This function calls:
		_ADC_GetConversionResult
		i1_ADC_StartConversion
 This function is called by:
		_INTERRUPT_InterruptManager
 This function uses a non-reentrant model


 *************** function i1_ADC_StartConversion *****************
 Defined at:
		line 92 in file "mcc_generated_files/adc.c"
 Parameters:    Size  Location     Type
		None
 Auto vars:     Size  Location     Type
		None
 Return value:  Size  Location     Type
                  1    wreg      void 
 Registers used:
		None
 Tracked objects:
		On entry : 
		On exit  : 
		Unchanged: 
 Data sizes:     COMMON   BANK0   BANK1   BANK2   BANK3   BANK4   BANK5
      Params:         0       0       0       0       0       0       0
      Locals:         0       0       0       0       0       0       0
      Temps:          0       0       0       0       0       0       0
      Totals:         0       0       0       0       0       0       0
Total ram usage:        0 bytes
 Hardware stack levels used:    1
 This function calls:
		Nothing
 This function is called by:
		_ADC_ISR
 This function uses a non-reentrant model


 *************** function _ADC_GetConversionResult *****************
 Defined at:
		line 105 in file "mcc_generated_files/adc.c"
 Parameters:    Size  Location     Type
		None
 Auto vars:     Size  Location     Type
		None
 Return value:  Size  Location     Type
                  2    0[COMMON] unsigned int 
 Registers used:
		wreg, status,2, status,0
 Tracked objects:
		On entry : 
		On exit  : 
		Unchanged: 
 Data sizes:     COMMON   BANK0   BANK1   BANK2   BANK3   BANK4   BANK5
      Params:         2       0       0       0       0       0       0
      Locals:         0       0       0       0       0       0       0
      Temps:          7       0       0       0       0       0       0
      Totals:         9       0       0       0       0       0       0
Total ram usage:        9 bytes
 Hardware stack levels used:    1
 This function calls:
		Nothing
 This function is called by:
		_ADC_ISR
 This function uses a non-reentrant model



MODULE INFORMATION

Module		Function		Class		Link	Load	Size
C:\Program Files (x86)\Microchip\xc8\v1.42\sources\common\ftmul.c
		___ftmul       		CODE           	05D3	0000	181

C:\Program Files (x86)\Microchip\xc8\v1.42\sources\common\ftmul.c estimated size: 181

C:\Program Files (x86)\Microchip\xc8\v1.42\sources\common\ftdiv.c
		___ftdiv       		CODE           	0687	0000	170

C:\Program Files (x86)\Microchip\xc8\v1.42\sources\common\ftdiv.c estimated size: 170

C:\Program Files (x86)\Microchip\xc8\v1.42\sources\common\lwdiv.c
		___lwdiv       		CODE           	0E68	0000	54

C:\Program Files (x86)\Microchip\xc8\v1.42\sources\common\lwdiv.c estimated size: 54

mcc_generated_files/interrupt_manager.c
		_INTERRUPT_InterruptManager		CODE           	0004	0000	57

mcc_generated_files/interrupt_manager.c estimated size: 57

C:\Program Files (x86)\Microchip\xc8\v1.42\sources\common\Umul8.c
		___bmul        		CODE           	0C2C	0000	19

C:\Program Files (x86)\Microchip\xc8\v1.42\sources\common\Umul8.c estimated size: 19

C:\Program Files (x86)\Microchip\xc8\v1.42\sources\common\printf.c
		_printf        		CODE           	0C7C	0000	23

C:\Program Files (x86)\Microchip\xc8\v1.42\sources\common\printf.c estimated size: 23

C:\Program Files (x86)\Microchip\xc8\v1.42\sources\common\fttol.c
		___fttol       		CODE           	0730	0000	136

C:\Program Files (x86)\Microchip\xc8\v1.42\sources\common\fttol.c estimated size: 136

C:\Program Files (x86)\Microchip\xc8\v1.42\sources\common\ftge.c
		___ftge        		CODE           	0F10	0000	61

C:\Program Files (x86)\Microchip\xc8\v1.42\sources\common\ftge.c estimated size: 61

mcc_generated_files/pin_manager.c
		_PIN_MANAGER_Initialize		CODE           	0D97	0000	36

mcc_generated_files/pin_manager.c estimated size: 36

C:\Program Files (x86)\Microchip\xc8\v1.42\sources\common\awtoft.c
		___awtoft      		CODE           	0D75	0000	35

C:\Program Files (x86)\Microchip\xc8\v1.42\sources\common\awtoft.c estimated size: 35

C:\Program Files (x86)\Microchip\xc8\v1.42\sources\common\ftadd.c
		___ftadd       		CODE           	0345	0000	247

C:\Program Files (x86)\Microchip\xc8\v1.42\sources\common\ftadd.c estimated size: 247

mcc_generated_files/adc.c
		_ADC_Initialize		CODE           	0BF2	0000	10
		_ADC_GetConversionResult		CODE           	0CAA	0000	29
		_ADC_StartConversion		CODE           	0BD7	0000	4
		_ADC_ISR       		CODE           	0C0D	0000	14

mcc_generated_files/adc.c estimated size: 57

C:\Program Files (x86)\Microchip\xc8\v1.42\sources\common\lwtoft.c
		___lwtoft      		CODE           	0C52	0000	22

C:\Program Files (x86)\Microchip\xc8\v1.42\sources\common\lwtoft.c estimated size: 22

shared
		_dpowers       		STRCODE        	1061	0000	11
		i1_ADC_StartConversion		CODE           	0BD4	0000	4
		__initialization		CODE           	003E	0000	58

shared estimated size: 73

C:\Program Files (x86)\Microchip\xc8\v1.42\sources\common\ftneg.c
		___ftneg       		CODE           	0C04	0000	10

C:\Program Files (x86)\Microchip\xc8\v1.42\sources\common\ftneg.c estimated size: 10

mcc_generated_files/mcc.c
		_WDT_Initialize		CODE           	0BDD	0000	5
		_OSCILLATOR_Initialize		CODE           	0BE1	0000	6
		_SYSTEM_Initialize		CODE           	0C1A	0000	19

mcc_generated_files/mcc.c estimated size: 30

C:\Program Files (x86)\Microchip\xc8\v1.42\sources\common\float.c
		___ftpack      		CODE           	0F9B	0000	102

C:\Program Files (x86)\Microchip\xc8\v1.42\sources\common\float.c estimated size: 102

mcc_generated_files/tmr1.c
		_TMR1_Initialize		CODE           	0C92	0000	25
		_TMR1_SetInterruptHandler		CODE           	0BFB	0000	10
		_TMR1_DefaultInterruptHandler		CODE           	0003	0000	2
		_TMR1_CallBack 		CODE           	0F4C	0000	80
		_TMR1_StartTimer		CODE           	0BDA	0000	4
		_TMR1_ISR      		CODE           	0CC6	0000	29

mcc_generated_files/tmr1.c estimated size: 150

C:\Program Files (x86)\Microchip\xc8\v1.42\sources\common\sprintf.c
		_sprintf       		CODE           	0D57	0000	31

C:\Program Files (x86)\Microchip\xc8\v1.42\sources\common\sprintf.c estimated size: 31

C:\Program Files (x86)\Microchip\xc8\v1.42\sources\common\lwmod.c
		___lwmod       		CODE           	0E07	0000	46

C:\Program Files (x86)\Microchip\xc8\v1.42\sources\common\lwmod.c estimated size: 46

C:\Program Files (x86)\Microchip\xc8\v1.42\sources\common\doprnt.c
		__doprnt       		CODE           	0225	0000	289

C:\Program Files (x86)\Microchip\xc8\v1.42\sources\common\doprnt.c estimated size: 289

mcc_generated_files/eusart.c
		_putch         		CODE           	07FB	0000	6
		_EUSART_Write  		CODE           	0DE0	0000	40
		_EUSART_Transmit_ISR		CODE           	0D1B	0000	31
		_EUSART_Initialize		CODE           	0CFE	0000	30
		_EUSART_Receive_ISR		CODE           	0E9D	0000	57

mcc_generated_files/eusart.c estimated size: 164

C:\Program Files (x86)\Microchip\xc8\v1.42\sources\common\Umul16.c
		___wmul        		CODE           	0CE2	0000	29

C:\Program Files (x86)\Microchip\xc8\v1.42\sources\common\Umul16.c estimated size: 29

main.c
		_turn_egs      		CODE           	051D	0000	183
		_comand_lcd    		CODE           	0C3E	0000	21
		_send_nibble   		CODE           	0DBA	0000	39
		_main          		CODE           	043B	0000	227
		_comparare     		CODE           	007B	0000	427
		_send_data_byte		CODE           	0C67	0000	22
		_init_lcd      		CODE           	0E34	0000	53
		_send_command_byte		CODE           	0D39	0000	31
		_int_gsm       		CODE           	07B7	0000	69

main.c estimated size: 1072

