Microchip MPLAB XC8 Compiler V1.42 ()

Linker command line:

-W-3 --edf=C:\Program Files (x86)\Microchip\xc8\v1.42\dat\en_msgs.txt -cs \
  -h+dist/default/debug\Usart.X.debug.sym \
  --cmf=dist/default/debug\Usart.X.debug.cmf -z -Q16F1937 \
  -oC:\Users\Anamaria\AppData\Local\Temp\s9p0.2 \
  -Mdist/default/debug/Usart.X.debug.map -E1 -ver=XC8 -ASTACK=0213Bh-021dfh \
  -pstack=STACK -ACODE=00h-07FFhx4 -ASTRCODE=00h-01FFFh \
  -ASTRING=00h-0FFhx32 -ACONST=00h-0FFhx32 -AENTRY=00h-0FFhx32 \
  -ACOMMON=070h-07Fh -ABANK0=020h-06Fh -ABANK1=0A0h-0EFh \
  -ABANK2=0120h-016Fh -ABANK3=01A0h-01EFh -ABANK4=0220h-026Fh \
  -ABANK5=02A0h-02EFh -ABIGRAM=02000h-021DFh \
  -ARAM=020h-06Fh,0A0h-0EFh,0120h-016Fh,01A0h-01EFh,0220h-026Fh,02A0h-02EFh \
  -AABS1=020h-07Fh,0A0h-0EFh,0120h-016Fh,01A0h-01EFh,0220h-026Fh,02A0h-02EFh,0320h-032Fh \
  -ASFR0=00h-01Fh -ASFR1=080h-09Fh -ASFR2=0100h-011Fh -ASFR3=0180h-019Fh \
  -ASFR4=0200h-021Fh -ASFR5=0280h-029Fh -ASFR6=0300h-036Fh \
  -ASFR7=0380h-03EFh -ASFR8=0400h-046Fh -ASFR9=0480h-04EFh \
  -ASFR10=0500h-056Fh -ASFR11=0580h-05EFh -ASFR12=0600h-066Fh \
  -ASFR13=0680h-06EFh -ASFR14=0700h-076Fh -ASFR15=0780h-07EFh \
  -ASFR16=0800h-086Fh -ASFR17=0880h-08EFh -ASFR18=0900h-096Fh \
  -ASFR19=0980h-09EFh -ASFR20=0A00h-0A6Fh -ASFR21=0A80h-0AEFh \
  -ASFR22=0B00h-0B6Fh -ASFR23=0B80h-0BEFh -ASFR24=0C00h-0C6Fh \
  -ASFR25=0C80h-0CEFh -ASFR26=0D00h-0D6Fh -ASFR27=0D80h-0DEFh \
  -ASFR28=0E00h-0E6Fh -ASFR29=0E80h-0EEFh -ASFR30=0F00h-0F6Fh \
  -ASFR31=0F80h-0FEFh -preset_vec=00h,intentry=04h,init,end_init \
  -ppowerup=CODE -pcinit=CODE -pfunctab=CODE -ACONFIG=08007h-08008h \
  -pconfig=CONFIG -DCONFIG=2 -AIDLOC=08000h-08003h -pidloc=IDLOC -DIDLOC=2 \
  -AEEDATA=00h-0FFh/0F000h -peeprom_data=EEDATA -DEEDATA=2 -DCODE=2 \
  -DSTRCODE=2 -DSTRING=2 -DCONST=2 -DENTRY=2 -k \
  C:\Users\Anamaria\AppData\Local\Temp\s9p0.obj \
  dist/default/debug\Usart.X.debug.obj 

Object code version is 3.11

Machine type is 16F1937



                Name                               Link     Load   Length Selector   Space Scale
C:\Users\Anamaria\AppData\Local\Temp\s9p0.obj
                end_init                             3C       3C        2        8       0
                reset_vec                             0        0        3        0       0
                config                             8007     8007        2    1000E       0
dist/default/debug\Usart.X.debug.obj
                cinit                                3E       3E       34        8       0
                intentry                              4        4       38        8       0
                text34                              4DA      4DA       1C        8       0
                text33                              62B      62B        3      C4A       0
                text32                              5C9      5C9        D      B92       0
                text31                              298      298       4C        8       0
                text30                              4BE      4BE       1C        8       0
                text29                              630      630        1      C4A       0
                text28                              24B      24B       4D        8       0
                text27                              4A2      4A2       1C        8       0
                text25                              628      628        3      C4A       0
                text24                              50E      50E       17        8       0
                text23                              2E4      2E4       38        8       0
                text22                              31C      31C       35        8       0
                text21                              385      385       2D        8       0
                text20                              402      402       25        8       0
                text19                              619      619        5      BEC       0
                text18                               72       72      11D        8       0
                text17                              485      485       1D        8       0
                text16                              18F      18F       64        8       0
                text15                              5FF      5FF        9      BEC       0
                text14                              468      468       1D        8       0
                text13                              614      614        5      BEC       0
                text12                              427      427       23        8       0
                text11                              5F6      5F6        9      BEC       0
                text10                              625      625        3      C4A       0
                text9                               4F6      4F6       18        8       0
                text8                               61E      61E        4      BEC       0
                text7                               589      589       12      B12       0
                text6                               563      563       14      A74       0
                text5                               3DC      3DC       26        8       0
                text4                               44A      44A       1E        8       0
                text3                               54F      54F       14      A74       0
                text2                               351      351       34        8       0
                text1                               53A      53A       15      A74       0
                maintext                            1F3      1F3       58        8       0
                cstackBANK0                          20       20       38       20       1
                cstackCOMMON                         70       70        A       70       1
                clrtext                             60E      60E        6      BEC       0
                inittext                            608      608        6      BEC       0
                bssBANK3                            1A0      1A0       4B      1A0       1
                dataBANK2                           120      120       2A      120       1
                dataBANK1                            D4       D4        2       A0       1
                bssBANK1                             A0       A0       31       A0       1
                bssBANK0                             58       58       13       20       1
                bssCOMMON                            7A       7A        4       70       1
                stringtext9                         622      622        3      C44       0
                stringtext8                         5EC      5EC        A      BAC       0
                stringtext7                         5D6      5D6        C      BAC       0
                stringtext6                         5BB      5BB        E      B36       0
                stringtext5                         5AC      5AC        F      B36       0
                stringtext4                         59B      59B       11      B36       0
                stringtext3                         577      577       12      AEE       0
                stringtext2                         525      525       15      A4A       0
                nvBANK1                              D1       D1        3       A0       1
                nvBANK0                              6B       6B        2       20       1
                stringtext1                         5E2      5E2        A      BAC       0
                idataBANK2                          3B2      3B2       2A        8       0
                idataBANK1                          62E      62E        2      C4A       0

TOTAL           Name                               Link     Load   Length     Space
        CLASS   STACK          

        CLASS   CODE           
                end_init                             3C       3C        2         0
                cinit                                3E       3E       34         0
                intentry                              4        4       38         0
                reset_vec                             0        0        3         0
                text34                              4DA      4DA       1C         0
                text33                              62B      62B        3         0
                text32                              5C9      5C9        D         0
                text31                              298      298       4C         0
                text30                              4BE      4BE       1C         0
                text29                              630      630        1         0
                text28                              24B      24B       4D         0
                text27                              4A2      4A2       1C         0
                text25                              628      628        3         0
                text24                              50E      50E       17         0
                text23                              2E4      2E4       38         0
                text22                              31C      31C       35         0
                text21                              385      385       2D         0
                text20                              402      402       25         0
                text19                              619      619        5         0
                text18                               72       72      11D         0
                text17                              485      485       1D         0
                text16                              18F      18F       64         0
                text15                              5FF      5FF        9         0
                text14                              468      468       1D         0
                text13                              614      614        5         0
                text12                              427      427       23         0
                text11                              5F6      5F6        9         0
                text10                              625      625        3         0
                text9                               4F6      4F6       18         0
                text8                               61E      61E        4         0
                text7                               589      589       12         0
                text6                               563      563       14         0
                text5                               3DC      3DC       26         0
                text4                               44A      44A       1E         0
                text3                               54F      54F       14         0
                text2                               351      351       34         0
                text1                               53A      53A       15         0
                maintext                            1F3      1F3       58         0
                clrtext                             60E      60E        6         0
                inittext                            608      608        6         0
                idataBANK2                          3B2      3B2       2A         0
                idataBANK1                          62E      62E        2         0

        CLASS   STRCODE        
                stringtext9                         622      622        3         0
                stringtext8                         5EC      5EC        A         0
                stringtext7                         5D6      5D6        C         0
                stringtext6                         5BB      5BB        E         0
                stringtext5                         5AC      5AC        F         0
                stringtext4                         59B      59B       11         0
                stringtext3                         577      577       12         0
                stringtext2                         525      525       15         0
                stringtext1                         5E2      5E2        A         0

        CLASS   STRING         

        CLASS   CONST          

        CLASS   ENTRY          

        CLASS   COMMON         
                cstackCOMMON                         70       70        A         1
                bssCOMMON                            7A       7A        4         1

        CLASS   BANK0          
                cstackBANK0                          20       20       38         1
                bssBANK0                             58       58       13         1
                nvBANK0                              6B       6B        2         1

        CLASS   BANK1          
                dataBANK1                            D4       D4        2         1
                bssBANK1                             A0       A0       31         1
                nvBANK1                              D1       D1        3         1

        CLASS   BANK2          
                dataBANK2                           120      120       2A         1

        CLASS   BANK3          
                bssBANK3                            1A0      1A0       4B         1

        CLASS   BANK4          

        CLASS   BANK5          

        CLASS   BIGRAM         

        CLASS   RAM            

        CLASS   ABS1           
                abs_s1                               7E       7E        2         1

        CLASS   SFR0           

        CLASS   SFR1           

        CLASS   SFR2           

        CLASS   SFR3           

        CLASS   SFR4           

        CLASS   SFR5           

        CLASS   SFR6           

        CLASS   SFR7           

        CLASS   SFR8           

        CLASS   SFR9           

        CLASS   SFR10          

        CLASS   SFR11          

        CLASS   SFR12          

        CLASS   SFR13          

        CLASS   SFR14          

        CLASS   SFR15          

        CLASS   SFR16          

        CLASS   SFR17          

        CLASS   SFR18          

        CLASS   SFR19          

        CLASS   SFR20          

        CLASS   SFR21          

        CLASS   SFR22          

        CLASS   SFR23          

        CLASS   SFR24          

        CLASS   SFR25          

        CLASS   SFR26          

        CLASS   SFR27          

        CLASS   SFR28          

        CLASS   SFR29          

        CLASS   SFR30          

        CLASS   SFR31          

        CLASS   CONFIG         
                config                             8007     8007        2         0

        CLASS   IDLOC          

        CLASS   EEDATA         

        CLASS   BANK31         

        CLASS   BANK30         

        CLASS   BANK29         

        CLASS   BANK28         

        CLASS   BANK27         

        CLASS   BANK26         

        CLASS   BANK25         

        CLASS   BANK24         

        CLASS   BANK23         

        CLASS   BANK22         

        CLASS   BANK21         

        CLASS   BANK20         

        CLASS   BANK19         

        CLASS   BANK18         

        CLASS   BANK17         

        CLASS   BANK16         

        CLASS   BANK15         

        CLASS   BANK14         

        CLASS   BANK13         

        CLASS   BANK12         

        CLASS   BANK11         

        CLASS   BANK10         

        CLASS   BANK9          

        CLASS   BANK8          

        CLASS   BANK7          

        CLASS   BANK6          



SEGMENTS        Name                           Load    Length   Top    Selector   Space  Class     Delta

                reset_vec                      000000  000003  000003         0       0  CODE        2
                intentry                       000004  000521  000525         8       0  CODE        2
                cstackBANK0                    000020  00004D  00006D        20       1  BANK0       1
                cstackCOMMON                   000070  00000E  00007E        70       1  COMMON      1
                bssBANK1                       0000A0  000036  0000D6        A0       1  BANK1       1
                dataBANK2                      000120  00002A  00014A       120       1  BANK2       1
                bssBANK3                       0001A0  00004B  0001EB       1A0       1  BANK3       1
                stringtext2                    000525  000015  00053A       A4A       0  STRCODE     2
                text1                          00053A  00003D  000577       A74       0  CODE        2
                stringtext3                    000577  000012  000589       AEE       0  STRCODE     2
                text7                          000589  000012  00059B       B12       0  CODE        2
                stringtext4                    00059B  00002E  0005C9       B36       0  STRCODE     2
                text32                         0005C9  00000D  0005D6       B92       0  CODE        2
                stringtext7                    0005D6  000020  0005F6       BAC       0  STRCODE     2
                text11                         0005F6  00002C  000622       BEC       0  CODE        2
                stringtext9                    000622  000003  000625       C44       0  STRCODE     2
                text10                         000625  00000C  000631       C4A       0  CODE        2
                config                         008007  000002  008009     1000E       0  CONFIG      2


UNUSED ADDRESS RANGES

        Name                Unused          Largest block    Delta
        BANK0            0006D-0006F               3           1
        BANK1            000D6-000EF              1A           1
        BANK2            0014A-0016F              26           1
        BANK3            001EB-001EF               5           1
        BANK4            00220-0026F              50           1
        BANK5            002A0-002EF              50           1
        BIGRAM           02000-021DF             1E0           1
        CODE             00003-00003               1           2
                         00631-01FFF             800
        CONST            00003-00003               1           2
                         00631-01FFF             100
        EEDATA           0F000-0F0FF             100           2
        ENTRY            00003-00003               1           2
                         00631-01FFF             100
        IDLOC            08000-08003               4           2
        RAM              0006D-0006F               3           1
                         000D6-000EF              1A
                         0014A-0016F              26
                         001EB-001EF               5
                         00220-0026F              50
                         002A0-002EF              50
        SFR0             00000-0001F              20           1
        SFR1             00080-0009F              20           1
        SFR10            00500-0056F              70           1
        SFR11            00580-005EF              70           1
        SFR12            00600-0066F              70           1
        SFR13            00680-006EF              70           1
        SFR14            00700-0076F              70           1
        SFR15            00780-007EF              70           1
        SFR16            00800-0086F              70           1
        SFR17            00880-008EF              70           1
        SFR18            00900-0096F              70           1
        SFR19            00980-009EF              70           1
        SFR2             00100-0011F              20           1
        SFR20            00A00-00A6F              70           1
        SFR21            00A80-00AEF              70           1
        SFR22            00B00-00B6F              70           1
        SFR23            00B80-00BEF              70           1
        SFR24            00C00-00C6F              70           1
        SFR25            00C80-00CEF              70           1
        SFR26            00D00-00D6F              70           1
        SFR27            00D80-00DEF              70           1
        SFR28            00E00-00E6F              70           1
        SFR29            00E80-00EEF              70           1
        SFR3             00180-0019F              20           1
        SFR30            00F00-00F6F              70           1
        SFR31            00F80-00FEF              70           1
        SFR4             00200-0021F              20           1
        SFR5             00280-0029F              20           1
        SFR6             00300-0036F              70           1
        SFR7             00380-003EF              70           1
        SFR8             00400-0046F              70           1
        SFR9             00480-004EF              70           1
        STACK            0213B-021DF              A5           1
        STRCODE          00003-00003               1           2
                         00631-01FFF            19CF
        STRING           00003-00003               1           2
                         00631-01FFF             100

                                  Symbol Table

?_ADC_GetConversionResult                 cstackCOMMON 00070
?___lwdiv                                 cstackBANK0  00020
?___lwmod                                 cstackBANK0  00028
?__doprnt                                 cstackBANK0  0002E
?_sprintf                                 cstackBANK0  0003B
EUSART_Write@txData                       cstackBANK0  00021
ReadData@i                                cstackBANK0  00022
ReadData@j                                cstackBANK0  00023
TMR1_ISR@CountCallBack                    bssBANK1     000B0
TMR1_SetInterruptHandler@InterruptHandler cstackBANK0  00020
_ADCON0                                   (abs)        0009D
_ADCON0bits                               (abs)        0009D
_ADCON1                                   (abs)        0009E
_ADC_GetConversionResult                  text34       004DA
_ADC_ISR                                  text32       005C9
_ADC_Initialize                           text15       005FF
_ADC_StartConversion                      text25       00628
_ADRESH                                   (abs)        0009C
_ADRESL                                   (abs)        0009B
_ANSELA                                   (abs)        0018C
_ANSELB                                   (abs)        0018D
_ANSELD                                   (abs)        0018F
_ANSELE                                   (abs)        00190
_APFCON                                   (abs)        0011D
_BAUDCON                                  (abs)        0019F
_Check                                    bssBANK0     00065
_CheckResponse                            text24       0050E
_DHT_result                               text16       0018F
_EUSART_Initialize                        text14       00468
_EUSART_Receive_ISR                       text31       00298
_EUSART_Transmit_ISR                      text30       004BE
_EUSART_Write                             text20       00402
_INTCONbits                               (abs)        0000B
_INTERRUPT_InterruptManager               intentry     00004
_LATA                                     (abs)        0010C
_LATB                                     (abs)        0010D
_LATC                                     (abs)        0010E
_LATCbits                                 (abs)        0010E
_LATD                                     (abs)        0010F
_LATDbits                                 (abs)        0010F
_LATE                                     (abs)        00110
_OPTION_REGbits                           (abs)        00095
_OSCCON                                   (abs)        00099
_OSCILLATOR_Initialize                    text13       00614
_OSCTUNE                                  (abs)        00098
_PIE1bits                                 (abs)        00091
_PIN_MANAGER_Initialize                   text12       00427
_PIR1bits                                 (abs)        00011
_PORTDbits                                (abs)        0000F
_RCREG                                    (abs)        00199
_RCSTA                                    (abs)        0019D
_RCSTAbits                                (abs)        0019D
_RH                                       bssBANK1     000D0
_RH_byte1                                 bssBANK0     00062
_RH_byte2                                 bssBANK0     00061
_ReadData                                 text23       002E4
_SPBRGH                                   (abs)        0019C
_SPBRGL                                   (abs)        0019B
_SYSTEM_Initialize                        text7        00589
_StartSignal                              text6        00563
_Sum                                      bssBANK0     0005E
_T1CON                                    (abs)        00018
_T1CONbits                                (abs)        00018
_T1GCON                                   (abs)        00019
_T1GCONbits                               (abs)        00019
_TMR1H                                    (abs)        00017
_TMR1L                                    (abs)        00016
_TMR1_CallBack                            text28       0024B
_TMR1_DefaultInterruptHandler             text29       00630
_TMR1_ISR                                 text27       004A2
_TMR1_Initialize                          text9        004F6
_TMR1_InterruptHandler                    nvBANK1      000D1
_TMR1_SetInterruptHandler                 text11       005F6
_TMR1_StartTimer                          text10       00625
_TRISA                                    (abs)        0008C
_TRISB                                    (abs)        0008D
_TRISC                                    (abs)        0008E
_TRISCbits                                (abs)        0008E
_TRISD                                    (abs)        0008F
_TRISDbits                                (abs)        0008F
_TRISE                                    (abs)        00090
_TXREG                                    (abs)        0019A
_TXSTA                                    (abs)        0019E
_T_byte1                                  bssBANK0     00064
_T_byte2                                  bssBANK0     00063
_Temp                                     bssBANK0     0005F
_WDTCON                                   (abs)        00097
_WDT_Initialize                           text8        0061E
_WPUB                                     (abs)        0020D
_WPUE                                     (abs)        00210
__CFG_BOREN$ON                            (abs)        00000
__CFG_BORV$LO                             (abs)        00000
__CFG_CLKOUTEN$OFF                        (abs)        00000
__CFG_CP$OFF                              (abs)        00000
__CFG_CPD$OFF                             (abs)        00000
__CFG_FCMEN$ON                            (abs)        00000
__CFG_FOSC$HS                             (abs)        00000
__CFG_IESO$ON                             (abs)        00000
__CFG_LVP$ON                              (abs)        00000
__CFG_MCLRE$ON                            (abs)        00000
__CFG_PLLEN$OFF                           (abs)        00000
__CFG_PWRTE$OFF                           (abs)        00000
__CFG_STVREN$ON                           (abs)        00000
__CFG_VCAPEN$OFF                          (abs)        00000
__CFG_WDTE$OFF                            (abs)        00000
__CFG_WRT$OFF                             (abs)        00000
__Habs1                                   abs1         00000
__Hbank0                                  bank0        00000
__Hbank1                                  bank1        00000
__Hbank10                                 bank10       00000
__Hbank11                                 bank11       00000
__Hbank12                                 bank12       00000
__Hbank13                                 bank13       00000
__Hbank14                                 bank14       00000
__Hbank15                                 bank15       00000
__Hbank16                                 bank16       00000
__Hbank17                                 bank17       00000
__Hbank18                                 bank18       00000
__Hbank19                                 bank19       00000
__Hbank2                                  bank2        00000
__Hbank20                                 bank20       00000
__Hbank21                                 bank21       00000
__Hbank22                                 bank22       00000
__Hbank23                                 bank23       00000
__Hbank24                                 bank24       00000
__Hbank25                                 bank25       00000
__Hbank26                                 bank26       00000
__Hbank27                                 bank27       00000
__Hbank28                                 bank28       00000
__Hbank29                                 bank29       00000
__Hbank3                                  bank3        00000
__Hbank30                                 bank30       00000
__Hbank31                                 bank31       00000
__Hbank4                                  bank4        00000
__Hbank5                                  bank5        00000
__Hbank6                                  bank6        00000
__Hbank7                                  bank7        00000
__Hbank8                                  bank8        00000
__Hbank9                                  bank9        00000
__Hbigram                                 bigram       00000
__HbssBANK0                               bssBANK0     00000
__HbssBANK1                               bssBANK1     00000
__HbssBANK3                               bssBANK3     00000
__HbssCOMMON                              bssCOMMON    00000
__Hcinit                                  cinit        00072
__Hclrtext                                clrtext      00000
__Hcode                                   code         00000
__Hcommon                                 common       00000
__Hconfig                                 config       08009
__HcstackBANK0                            cstackBANK0  00000
__HcstackCOMMON                           cstackCOMMON 00000
__HdataBANK1                              dataBANK1    00000
__HdataBANK2                              dataBANK2    00000
__Heeprom_data                            eeprom_data  00000
__Hend_init                               end_init     0003E
__Hfunctab                                functab      00000
__HidataBANK1                             idataBANK1   00000
__HidataBANK2                             idataBANK2   00000
__Hidloc                                  idloc        00000
__Hinit                                   init         0003C
__Hinittext                               inittext     00000
__Hintentry                               intentry     0003C
__Hmaintext                               maintext     00000
__HnvBANK0                                nvBANK0      00000
__HnvBANK1                                nvBANK1      00000
__Hpowerup                                powerup      00000
__Hram                                    ram          00000
__Hreset_vec                              reset_vec    00003
__Hsfr0                                   sfr0         00000
__Hsfr1                                   sfr1         00000
__Hsfr10                                  sfr10        00000
__Hsfr11                                  sfr11        00000
__Hsfr12                                  sfr12        00000
__Hsfr13                                  sfr13        00000
__Hsfr14                                  sfr14        00000
__Hsfr15                                  sfr15        00000
__Hsfr16                                  sfr16        00000
__Hsfr17                                  sfr17        00000
__Hsfr18                                  sfr18        00000
__Hsfr19                                  sfr19        00000
__Hsfr2                                   sfr2         00000
__Hsfr20                                  sfr20        00000
__Hsfr21                                  sfr21        00000
__Hsfr22                                  sfr22        00000
__Hsfr23                                  sfr23        00000
__Hsfr24                                  sfr24        00000
__Hsfr25                                  sfr25        00000
__Hsfr26                                  sfr26        00000
__Hsfr27                                  sfr27        00000
__Hsfr28                                  sfr28        00000
__Hsfr29                                  sfr29        00000
__Hsfr3                                   sfr3         00000
__Hsfr30                                  sfr30        00000
__Hsfr31                                  sfr31        00000
__Hsfr4                                   sfr4         00000
__Hsfr5                                   sfr5         00000
__Hsfr6                                   sfr6         00000
__Hsfr7                                   sfr7         00000
__Hsfr8                                   sfr8         00000
__Hsfr9                                   sfr9         00000
__Hspace_0                                (abs)        08009
__Hspace_1                                (abs)        001EB
__Hspace_2                                (abs)        00000
__Hspace_3                                (abs)        00000
__Hstack                                  stack        00000
__Hstrings                                strings      00000
__Hstringtext1                            stringtext1  00000
__Hstringtext10                           stringtext10 00000
__Hstringtext2                            stringtext2  00000
__Hstringtext3                            stringtext3  00000
__Hstringtext4                            stringtext4  00000
__Hstringtext5                            stringtext5  00000
__Hstringtext6                            stringtext6  00000
__Hstringtext7                            stringtext7  00000
__Hstringtext8                            stringtext8  00000
__Hstringtext9                            stringtext9  00000
__Htext                                   text         00000
__Labs1                                   abs1         00000
__Lbank0                                  bank0        00000
__Lbank1                                  bank1        00000
__Lbank10                                 bank10       00000
__Lbank11                                 bank11       00000
__Lbank12                                 bank12       00000
__Lbank13                                 bank13       00000
__Lbank14                                 bank14       00000
__Lbank15                                 bank15       00000
__Lbank16                                 bank16       00000
__Lbank17                                 bank17       00000
__Lbank18                                 bank18       00000
__Lbank19                                 bank19       00000
__Lbank2                                  bank2        00000
__Lbank20                                 bank20       00000
__Lbank21                                 bank21       00000
__Lbank22                                 bank22       00000
__Lbank23                                 bank23       00000
__Lbank24                                 bank24       00000
__Lbank25                                 bank25       00000
__Lbank26                                 bank26       00000
__Lbank27                                 bank27       00000
__Lbank28                                 bank28       00000
__Lbank29                                 bank29       00000
__Lbank3                                  bank3        00000
__Lbank30                                 bank30       00000
__Lbank31                                 bank31       00000
__Lbank4                                  bank4        00000
__Lbank5                                  bank5        00000
__Lbank6                                  bank6        00000
__Lbank7                                  bank7        00000
__Lbank8                                  bank8        00000
__Lbank9                                  bank9        00000
__Lbigram                                 bigram       00000
__LbssBANK0                               bssBANK0     00000
__LbssBANK1                               bssBANK1     00000
__LbssBANK3                               bssBANK3     00000
__LbssCOMMON                              bssCOMMON    00000
__Lcinit                                  cinit        0003E
__Lclrtext                                clrtext      00000
__Lcode                                   code         00000
__Lcommon                                 common       00000
__Lconfig                                 config       08007
__LcstackBANK0                            cstackBANK0  00000
__LcstackCOMMON                           cstackCOMMON 00000
__LdataBANK1                              dataBANK1    00000
__LdataBANK2                              dataBANK2    00000
__Leeprom_data                            eeprom_data  00000
__Lend_init                               end_init     0003C
__Lfunctab                                functab      00000
__LidataBANK1                             idataBANK1   00000
__LidataBANK2                             idataBANK2   00000
__Lidloc                                  idloc        00000
__Linit                                   init         0003C
__Linittext                               inittext     00000
__Lintentry                               intentry     00004
__Lmaintext                               maintext     00000
__LnvBANK0                                nvBANK0      00000
__LnvBANK1                                nvBANK1      00000
__Lpowerup                                powerup      00000
__Lram                                    ram          00000
__Lreset_vec                              reset_vec    00000
__Lsfr0                                   sfr0         00000
__Lsfr1                                   sfr1         00000
__Lsfr10                                  sfr10        00000
__Lsfr11                                  sfr11        00000
__Lsfr12                                  sfr12        00000
__Lsfr13                                  sfr13        00000
__Lsfr14                                  sfr14        00000
__Lsfr15                                  sfr15        00000
__Lsfr16                                  sfr16        00000
__Lsfr17                                  sfr17        00000
__Lsfr18                                  sfr18        00000
__Lsfr19                                  sfr19        00000
__Lsfr2                                   sfr2         00000
__Lsfr20                                  sfr20        00000
__Lsfr21                                  sfr21        00000
__Lsfr22                                  sfr22        00000
__Lsfr23                                  sfr23        00000
__Lsfr24                                  sfr24        00000
__Lsfr25                                  sfr25        00000
__Lsfr26                                  sfr26        00000
__Lsfr27                                  sfr27        00000
__Lsfr28                                  sfr28        00000
__Lsfr29                                  sfr29        00000
__Lsfr3                                   sfr3         00000
__Lsfr30                                  sfr30        00000
__Lsfr31                                  sfr31        00000
__Lsfr4                                   sfr4         00000
__Lsfr5                                   sfr5         00000
__Lsfr6                                   sfr6         00000
__Lsfr7                                   sfr7         00000
__Lsfr8                                   sfr8         00000
__Lsfr9                                   sfr9         00000
__Lspace_0                                (abs)        00000
__Lspace_1                                (abs)        00000
__Lspace_2                                (abs)        00000
__Lspace_3                                (abs)        00000
__Lstack                                  stack        00000
__Lstrings                                strings      00000
__Lstringtext1                            stringtext1  00000
__Lstringtext10                           stringtext10 00000
__Lstringtext2                            stringtext2  00000
__Lstringtext3                            stringtext3  00000
__Lstringtext4                            stringtext4  00000
__Lstringtext5                            stringtext5  00000
__Lstringtext6                            stringtext6  00000
__Lstringtext7                            stringtext7  00000
__Lstringtext8                            stringtext8  00000
__Lstringtext9                            stringtext9  00000
__Ltext                                   text         00000
__S0                                      (abs)        08009
__S1                                      (abs)        001EB
__S2                                      (abs)        00000
__S3                                      (abs)        00000
___int_sp                                 stack        00000
___latbits                                (abs)        00002
___lwdiv                                  text22       0031C
___lwdiv@counter                          cstackBANK0  00027
___lwdiv@dividend                         cstackBANK0  00022
___lwdiv@divisor                          cstackBANK0  00020
___lwdiv@quotient                         cstackBANK0  00025
___lwmod                                  text21       00385
___lwmod@counter                          cstackBANK0  0002D
___lwmod@dividend                         cstackBANK0  0002A
___lwmod@divisor                          cstackBANK0  00028
___sp                                     stack        00000
__doprnt                                  text18       00072
__doprnt@ap                               cstackBANK0  00030
__doprnt@c                                cstackBANK0  00039
__doprnt@f                                cstackBANK0  0002E
__doprnt@flag                             cstackBANK0  00035
__doprnt@pb                               cstackBANK0  0003A
__doprnt@prec                             cstackBANK0  00036
__doprnt@val                              cstackBANK0  00037
__end_of_ADC_GetConversionResult          text34       004F6
__end_of_ADC_ISR                          text32       005D6
__end_of_ADC_Initialize                   text15       00608
__end_of_ADC_StartConversion              text25       0062B
__end_of_CheckResponse                    text24       00525
__end_of_DHT_result                       text16       001F3
__end_of_EUSART_Initialize                text14       00485
__end_of_EUSART_Receive_ISR               text31       002E4
__end_of_EUSART_Transmit_ISR              text30       004DA
__end_of_EUSART_Write                     text20       00427
__end_of_INTERRUPT_InterruptManager       intentry     0003C
__end_of_OSCILLATOR_Initialize            text13       00619
__end_of_PIN_MANAGER_Initialize           text12       0044A
__end_of_ReadData                         text23       0031C
__end_of_SYSTEM_Initialize                text7        0059B
__end_of_StartSignal                      text6        00577
__end_of_TMR1_CallBack                    text28       00298
__end_of_TMR1_DefaultInterruptHandler     text29       00631
__end_of_TMR1_ISR                         text27       004BE
__end_of_TMR1_Initialize                  text9        0050E
__end_of_TMR1_SetInterruptHandler         text11       005FF
__end_of_TMR1_StartTimer                  text10       00628
__end_of_WDT_Initialize                   text8        00622
__end_of___lwdiv                          text22       00351
__end_of___lwmod                          text21       003B2
__end_of__doprnt                          text18       0018F
__end_of__initialization                  cinit        0006E
__end_of_comand_lcd                       text3        00563
__end_of_dpowers                          stringtext1  005EC
__end_of_init_lcd                         text2        00385
__end_of_main                             maintext     0024B
__end_of_putch                            text19       0061E
__end_of_send_command_byte                text4        00468
__end_of_send_data_byte                   text1        0054F
__end_of_send_nibble                      text5        00402
__end_of_sprintf                          text17       004A2
__end_ofi1_ADC_StartConversion            text33       0062E
__initialization                          cinit        0003E
__pbssBANK0                               bssBANK0     00058
__pbssBANK1                               bssBANK1     000A0
__pbssBANK3                               bssBANK3     001A0
__pbssCOMMON                              bssCOMMON    0007A
__pcstackBANK0                            cstackBANK0  00020
__pcstackCOMMON                           cstackCOMMON 00070
__pdataBANK1                              dataBANK1    000D4
__pdataBANK2                              dataBANK2    00120
__pidataBANK1                             idataBANK1   0062E
__pidataBANK2                             idataBANK2   003B2
__pintentry                               intentry     00004
__pmaintext                               maintext     001F3
__pnvBANK0                                nvBANK0      0006B
__pnvBANK1                                nvBANK1      000D1
__pstringtext1                            stringtext1  005E2
__pstringtext10                           stringtext10 00000
__pstringtext2                            stringtext2  00525
__pstringtext3                            stringtext3  00577
__pstringtext4                            stringtext4  0059B
__pstringtext5                            stringtext5  005AC
__pstringtext6                            stringtext6  005BB
__pstringtext7                            stringtext7  005D6
__pstringtext8                            stringtext8  005EC
__pstringtext9                            stringtext9  00622
__ptext1                                  text1        0053A
__ptext10                                 text10       00625
__ptext11                                 text11       005F6
__ptext12                                 text12       00427
__ptext13                                 text13       00614
__ptext14                                 text14       00468
__ptext15                                 text15       005FF
__ptext16                                 text16       0018F
__ptext17                                 text17       00485
__ptext18                                 text18       00072
__ptext19                                 text19       00619
__ptext2                                  text2        00351
__ptext20                                 text20       00402
__ptext21                                 text21       00385
__ptext22                                 text22       0031C
__ptext23                                 text23       002E4
__ptext24                                 text24       0050E
__ptext25                                 text25       00628
__ptext27                                 text27       004A2
__ptext28                                 text28       0024B
__ptext29                                 text29       00630
__ptext3                                  text3        0054F
__ptext30                                 text30       004BE
__ptext31                                 text31       00298
__ptext32                                 text32       005C9
__ptext33                                 text33       0062B
__ptext34                                 text34       004DA
__ptext4                                  text4        0044A
__ptext5                                  text5        003DC
__ptext6                                  text6        00563
__ptext7                                  text7        00589
__ptext8                                  text8        0061E
__ptext9                                  text9        004F6
__size_of_ADC_GetConversionResult         (abs)        00000
__size_of_ADC_ISR                         (abs)        00000
__size_of_ADC_Initialize                  (abs)        00000
__size_of_ADC_StartConversion             (abs)        00000
__size_of_CheckResponse                   (abs)        00000
__size_of_DHT_result                      (abs)        00000
__size_of_EUSART_Initialize               (abs)        00000
__size_of_EUSART_Receive_ISR              (abs)        00000
__size_of_EUSART_Transmit_ISR             (abs)        00000
__size_of_EUSART_Write                    (abs)        00000
__size_of_INTERRUPT_InterruptManager      (abs)        00000
__size_of_OSCILLATOR_Initialize           (abs)        00000
__size_of_PIN_MANAGER_Initialize          (abs)        00000
__size_of_ReadData                        (abs)        00000
__size_of_SYSTEM_Initialize               (abs)        00000
__size_of_StartSignal                     (abs)        00000
__size_of_TMR1_CallBack                   (abs)        00000
__size_of_TMR1_DefaultInterruptHandler    (abs)        00000
__size_of_TMR1_ISR                        (abs)        00000
__size_of_TMR1_Initialize                 (abs)        00000
__size_of_TMR1_SetInterruptHandler        (abs)        00000
__size_of_TMR1_StartTimer                 (abs)        00000
__size_of_WDT_Initialize                  (abs)        00000
__size_of___lwdiv                         (abs)        00000
__size_of___lwmod                         (abs)        00000
__size_of__doprnt                         (abs)        00000
__size_of_comand_lcd                      (abs)        00000
__size_of_init_lcd                        (abs)        00000
__size_of_main                            (abs)        00000
__size_of_putch                           (abs)        00000
__size_of_send_command_byte               (abs)        00000
__size_of_send_data_byte                  (abs)        00000
__size_of_send_nibble                     (abs)        00000
__size_of_sprintf                         (abs)        00000
__size_ofi1_ADC_StartConversion           (abs)        00000
_comand_lcd                               text3        0054F
_count_1000_ms                            bssBANK1     000B4
_count_100_ms                             bssBANK1     000B8
_count_4000_ms                            bssBANK1     000B2
_count_500_ms                             bssBANK1     000B6
_dpowers                                  stringtext1  005E2
_eusartRxBuffer                           bssBANK1     000A0
_eusartRxCount                            bssBANK0     00067
_eusartRxHead                             bssBANK0     00069
_eusartRxTail                             bssBANK0     00068
_eusartTxBuffer                           bssBANK1     000A8
_eusartTxBufferRemaining                  nvBANK1      000D3
_eusartTxHead                             bssCOMMON    0007D
_eusartTxTail                             bssCOMMON    0007C
_flag_1000_ms                             bssBANK1     000BC
_flag_100_ms                              bssBANK1     000C0
_flag_10_ms                               bssBANK1     000C2
_flag_1_ms                                bssBANK1     000C4
_flag_4000_ms                             bssBANK1     000BA
_flag_500_ms                              bssBANK1     000BE
_flag_A                                   bssBANK1     000C8
_flag_B                                   bssBANK1     000C6
_flag_G                                   bssBANK1     000CA
_flag_N                                   bssBANK1     000CC
_flag_directie                            bssBANK0     0005C
_init_lcd                                 text2        00351
_line2                                    bssBANK0     0006A
_main                                     maintext     001F3
_putch                                    text19       00619
_rcreg                                    bssCOMMON    0007B
_rez_conversie                            bssBANK1     000CE
_send_command_byte                        text4        0044A
_send_data_byte                           text1        0053A
_send_nibble                              text5        003DC
_sprintf                                  text17       00485
_timer1ReloadVal                          nvBANK0      0006B
btemp                                     (abs)        0007E
clear_ram0                                clrtext      0060E
comparare@F3724                           dataBANK2    00120
comparare@F3729                           bssBANK3     001A0
end_of_initialization                     cinit        0006E
i1_ADC_StartConversion                    text33       0062B
init_ram                                  inittext     00608
int$flags                                 (abs)        0007E
int_gsm@sms1_index                        bssBANK0     00058
intlevel0                                 functab      00000
intlevel1                                 functab      00000
intlevel2                                 functab      00000
intlevel3                                 functab      00000
intlevel4                                 functab      00000
intlevel5                                 functab      00000
main@incubator_state                      cstackBANK0  00055
main@n                                    cstackBANK0  00056
main@x                                    cstackBANK0  00054
putch@txData                              cstackBANK0  00022
reset_vec                                 reset_vec    00000
send_command_byte@byte                    cstackBANK0  00023
send_data_byte@byte                       cstackBANK0  00023
send_nibble@nibble                        cstackBANK0  00021
sms_text@sms_index                        bssBANK0     0005A
sprintf@ap                                cstackBANK0  00041
sprintf@f                                 cstackBANK0  0003B
sprintf@pb                                cstackBANK0  00042
sprintf@wh                                cstackBANK0  00040
stackhi                                   (abs)        021DF
stacklo                                   (abs)        0213B
start                                     init         0003C
start_initialization                      cinit        0003E
turn_egs@step_index                       bssCOMMON    0007A
turn_egs@step_nr                          dataBANK1    000D4
wtemp0                                    (abs)        0007E


FUNCTION INFORMATION:

 *************** function _main *****************
 Defined at:
		line 429 in file "main.c"
 Parameters:    Size  Location     Type
		None
 Auto vars:     Size  Location     Type
  n               2   54[BANK0 ] int 
  volt            3    0        float 
  temp            2    0        int 
  incubator_st    1   53[BANK0 ] unsigned char 
  x               1   52[BANK0 ] unsigned char 
 Return value:  Size  Location     Type
                  1    wreg      void 
 Registers used:
		wreg, fsr0l, fsr0h, fsr1l, fsr1h, status,2, status,0, pclath, cstack
 Tracked objects:
		On entry : 
		On exit  : 
		Unchanged: 
 Data sizes:     COMMON   BANK0   BANK1   BANK2   BANK3   BANK4   BANK5
      Params:         0       0       0       0       0       0       0
      Locals:         0       4       0       0       0       0       0
      Temps:          0       1       0       0       0       0       0
      Totals:         0       5       0       0       0       0       0
Total ram usage:        5 bytes
 Hardware stack levels required when called:    9
 This function calls:
		_ADC_StartConversion
		_CheckResponse
		_DHT_result
		_SYSTEM_Initialize
		_StartSignal
		_comand_lcd
		_init_lcd
		_send_command_byte
		_send_data_byte
 This function is called by:
		Startup code after reset
 This function uses a non-reentrant model


 *************** function _send_data_byte *****************
 Defined at:
		line 145 in file "main.c"
 Parameters:    Size  Location     Type
  byte            1    wreg     unsigned char 
 Auto vars:     Size  Location     Type
  byte            1    3[BANK0 ] unsigned char 
 Return value:  Size  Location     Type
                  1    wreg      void 
 Registers used:
		wreg, status,2, status,0, pclath, cstack
 Tracked objects:
		On entry : 
		On exit  : 
		Unchanged: 
 Data sizes:     COMMON   BANK0   BANK1   BANK2   BANK3   BANK4   BANK5
      Params:         0       0       0       0       0       0       0
      Locals:         0       1       0       0       0       0       0
      Temps:          0       1       0       0       0       0       0
      Totals:         0       2       0       0       0       0       0
Total ram usage:        2 bytes
 Hardware stack levels used:    1
 Hardware stack levels required when called:    5
 This function calls:
		_send_nibble
 This function is called by:
		_main
 This function uses a non-reentrant model


 *************** function _init_lcd *****************
 Defined at:
		line 88 in file "main.c"
 Parameters:    Size  Location     Type
		None
 Auto vars:     Size  Location     Type
		None
 Return value:  Size  Location     Type
                  1    wreg      void 
 Registers used:
		wreg, status,2, status,0, pclath, cstack
 Tracked objects:
		On entry : 
		On exit  : 
		Unchanged: 
 Data sizes:     COMMON   BANK0   BANK1   BANK2   BANK3   BANK4   BANK5
      Params:         0       0       0       0       0       0       0
      Locals:         0       0       0       0       0       0       0
      Temps:          0       1       0       0       0       0       0
      Totals:         0       1       0       0       0       0       0
Total ram usage:        1 bytes
 Hardware stack levels used:    1
 Hardware stack levels required when called:    5
 This function calls:
		_send_nibble
 This function is called by:
		_main
 This function uses a non-reentrant model


 *************** function _comand_lcd *****************
 Defined at:
		line 106 in file "main.c"
 Parameters:    Size  Location     Type
		None
 Auto vars:     Size  Location     Type
		None
 Return value:  Size  Location     Type
                  1    wreg      void 
 Registers used:
		wreg, status,2, status,0, pclath, cstack
 Tracked objects:
		On entry : 
		On exit  : 
		Unchanged: 
 Data sizes:     COMMON   BANK0   BANK1   BANK2   BANK3   BANK4   BANK5
      Params:         0       0       0       0       0       0       0
      Locals:         0       0       0       0       0       0       0
      Temps:          0       0       0       0       0       0       0
      Totals:         0       0       0       0       0       0       0
Total ram usage:        0 bytes
 Hardware stack levels used:    1
 Hardware stack levels required when called:    6
 This function calls:
		_send_command_byte
 This function is called by:
		_main
 This function uses a non-reentrant model


 *************** function _send_command_byte *****************
 Defined at:
		line 136 in file "main.c"
 Parameters:    Size  Location     Type
  byte            1    wreg     unsigned char 
 Auto vars:     Size  Location     Type
  byte            1    3[BANK0 ] unsigned char 
 Return value:  Size  Location     Type
                  1    wreg      void 
 Registers used:
		wreg, status,2, status,0, pclath, cstack
 Tracked objects:
		On entry : 
		On exit  : 
		Unchanged: 
 Data sizes:     COMMON   BANK0   BANK1   BANK2   BANK3   BANK4   BANK5
      Params:         0       0       0       0       0       0       0
      Locals:         0       1       0       0       0       0       0
      Temps:          0       1       0       0       0       0       0
      Totals:         0       2       0       0       0       0       0
Total ram usage:        2 bytes
 Hardware stack levels used:    1
 Hardware stack levels required when called:    5
 This function calls:
		_send_nibble
 This function is called by:
		_comand_lcd
		_main
 This function uses a non-reentrant model


 *************** function _send_nibble *****************
 Defined at:
		line 116 in file "main.c"
 Parameters:    Size  Location     Type
  nibble          1    wreg     unsigned char 
 Auto vars:     Size  Location     Type
  nibble          1    1[BANK0 ] unsigned char 
 Return value:  Size  Location     Type
                  1    wreg      void 
 Registers used:
		wreg, status,2, status,0
 Tracked objects:
		On entry : 
		On exit  : 
		Unchanged: 
 Data sizes:     COMMON   BANK0   BANK1   BANK2   BANK3   BANK4   BANK5
      Params:         0       0       0       0       0       0       0
      Locals:         0       1       0       0       0       0       0
      Temps:          0       1       0       0       0       0       0
      Totals:         0       2       0       0       0       0       0
Total ram usage:        2 bytes
 Hardware stack levels used:    1
 Hardware stack levels required when called:    4
 This function calls:
		Nothing
 This function is called by:
		_init_lcd
		_send_command_byte
		_send_data_byte
 This function uses a non-reentrant model


 *************** function _StartSignal *****************
 Defined at:
		line 376 in file "main.c"
 Parameters:    Size  Location     Type
		None
 Auto vars:     Size  Location     Type
		None
 Return value:  Size  Location     Type
                  1    wreg      void 
 Registers used:
		wreg
 Tracked objects:
		On entry : 
		On exit  : 
		Unchanged: 
 Data sizes:     COMMON   BANK0   BANK1   BANK2   BANK3   BANK4   BANK5
      Params:         0       0       0       0       0       0       0
      Locals:         0       0       0       0       0       0       0
      Temps:          0       1       0       0       0       0       0
      Totals:         0       1       0       0       0       0       0
Total ram usage:        1 bytes
 Hardware stack levels used:    1
 Hardware stack levels required when called:    4
 This function calls:
		Nothing
 This function is called by:
		_main
 This function uses a non-reentrant model


 *************** function _SYSTEM_Initialize *****************
 Defined at:
		line 70 in file "mcc_generated_files/mcc.c"
 Parameters:    Size  Location     Type
		None
 Auto vars:     Size  Location     Type
		None
 Return value:  Size  Location     Type
                  1    wreg      void 
 Registers used:
		wreg, status,2, status,0, pclath, cstack
 Tracked objects:
		On entry : 
		On exit  : 
		Unchanged: 
 Data sizes:     COMMON   BANK0   BANK1   BANK2   BANK3   BANK4   BANK5
      Params:         0       0       0       0       0       0       0
      Locals:         0       0       0       0       0       0       0
      Temps:          0       0       0       0       0       0       0
      Totals:         0       0       0       0       0       0       0
Total ram usage:        0 bytes
 Hardware stack levels used:    1
 Hardware stack levels required when called:    6
 This function calls:
		_ADC_Initialize
		_EUSART_Initialize
		_OSCILLATOR_Initialize
		_PIN_MANAGER_Initialize
		_TMR1_Initialize
		_WDT_Initialize
 This function is called by:
		_main
 This function uses a non-reentrant model


 *************** function _WDT_Initialize *****************
 Defined at:
		line 89 in file "mcc_generated_files/mcc.c"
 Parameters:    Size  Location     Type
		None
 Auto vars:     Size  Location     Type
		None
 Return value:  Size  Location     Type
                  1    wreg      void 
 Registers used:
		wreg
 Tracked objects:
		On entry : 
		On exit  : 
		Unchanged: 
 Data sizes:     COMMON   BANK0   BANK1   BANK2   BANK3   BANK4   BANK5
      Params:         0       0       0       0       0       0       0
      Locals:         0       0       0       0       0       0       0
      Temps:          0       0       0       0       0       0       0
      Totals:         0       0       0       0       0       0       0
Total ram usage:        0 bytes
 Hardware stack levels used:    1
 Hardware stack levels required when called:    4
 This function calls:
		Nothing
 This function is called by:
		_SYSTEM_Initialize
 This function uses a non-reentrant model


 *************** function _TMR1_Initialize *****************
 Defined at:
		line 64 in file "mcc_generated_files/tmr1.c"
 Parameters:    Size  Location     Type
		None
 Auto vars:     Size  Location     Type
		None
 Return value:  Size  Location     Type
                  1    wreg      void 
 Registers used:
		wreg, status,2, status,0, pclath, cstack
 Tracked objects:
		On entry : 
		On exit  : 
		Unchanged: 
 Data sizes:     COMMON   BANK0   BANK1   BANK2   BANK3   BANK4   BANK5
      Params:         0       0       0       0       0       0       0
      Locals:         0       0       0       0       0       0       0
      Temps:          0       0       0       0       0       0       0
      Totals:         0       0       0       0       0       0       0
Total ram usage:        0 bytes
 Hardware stack levels used:    1
 Hardware stack levels required when called:    5
 This function calls:
		_TMR1_SetInterruptHandler
		_TMR1_StartTimer
 This function is called by:
		_SYSTEM_Initialize
 This function uses a non-reentrant model


 *************** function _TMR1_StartTimer *****************
 Defined at:
		line 96 in file "mcc_generated_files/tmr1.c"
 Parameters:    Size  Location     Type
		None
 Auto vars:     Size  Location     Type
		None
 Return value:  Size  Location     Type
                  1    wreg      void 
 Registers used:
		None
 Tracked objects:
		On entry : 
		On exit  : 
		Unchanged: 
 Data sizes:     COMMON   BANK0   BANK1   BANK2   BANK3   BANK4   BANK5
      Params:         0       0       0       0       0       0       0
      Locals:         0       0       0       0       0       0       0
      Temps:          0       0       0       0       0       0       0
      Totals:         0       0       0       0       0       0       0
Total ram usage:        0 bytes
 Hardware stack levels used:    1
 Hardware stack levels required when called:    4
 This function calls:
		Nothing
 This function is called by:
		_TMR1_Initialize
 This function uses a non-reentrant model


 *************** function _TMR1_SetInterruptHandler *****************
 Defined at:
		line 217 in file "mcc_generated_files/tmr1.c"
 Parameters:    Size  Location     Type
  InterruptHan    2    0[BANK0 ] PTR FTN()void 
		 -> TMR1_DefaultInterruptHandler(1), 
 Auto vars:     Size  Location     Type
		None
 Return value:  Size  Location     Type
                  1    wreg      void 
 Registers used:
		wreg
 Tracked objects:
		On entry : 
		On exit  : 
		Unchanged: 
 Data sizes:     COMMON   BANK0   BANK1   BANK2   BANK3   BANK4   BANK5
      Params:         0       2       0       0       0       0       0
      Locals:         0       0       0       0       0       0       0
      Temps:          0       0       0       0       0       0       0
      Totals:         0       2       0       0       0       0       0
Total ram usage:        2 bytes
 Hardware stack levels used:    1
 Hardware stack levels required when called:    4
 This function calls:
		Nothing
 This function is called by:
		_TMR1_Initialize
 This function uses a non-reentrant model


 *************** function _PIN_MANAGER_Initialize *****************
 Defined at:
		line 52 in file "mcc_generated_files/pin_manager.c"
 Parameters:    Size  Location     Type
		None
 Auto vars:     Size  Location     Type
		None
 Return value:  Size  Location     Type
                  1    wreg      void 
 Registers used:
		wreg, status,2
 Tracked objects:
		On entry : 
		On exit  : 
		Unchanged: 
 Data sizes:     COMMON   BANK0   BANK1   BANK2   BANK3   BANK4   BANK5
      Params:         0       0       0       0       0       0       0
      Locals:         0       0       0       0       0       0       0
      Temps:          0       0       0       0       0       0       0
      Totals:         0       0       0       0       0       0       0
Total ram usage:        0 bytes
 Hardware stack levels used:    1
 Hardware stack levels required when called:    4
 This function calls:
		Nothing
 This function is called by:
		_SYSTEM_Initialize
 This function uses a non-reentrant model


 *************** function _OSCILLATOR_Initialize *****************
 Defined at:
		line 81 in file "mcc_generated_files/mcc.c"
 Parameters:    Size  Location     Type
		None
 Auto vars:     Size  Location     Type
		None
 Return value:  Size  Location     Type
                  1    wreg      void 
 Registers used:
		wreg, status,2
 Tracked objects:
		On entry : 
		On exit  : 
		Unchanged: 
 Data sizes:     COMMON   BANK0   BANK1   BANK2   BANK3   BANK4   BANK5
      Params:         0       0       0       0       0       0       0
      Locals:         0       0       0       0       0       0       0
      Temps:          0       0       0       0       0       0       0
      Totals:         0       0       0       0       0       0       0
Total ram usage:        0 bytes
 Hardware stack levels used:    1
 Hardware stack levels required when called:    4
 This function calls:
		Nothing
 This function is called by:
		_SYSTEM_Initialize
 This function uses a non-reentrant model


 *************** function _EUSART_Initialize *****************
 Defined at:
		line 76 in file "mcc_generated_files/eusart.c"
 Parameters:    Size  Location     Type
		None
 Auto vars:     Size  Location     Type
		None
 Return value:  Size  Location     Type
                  1    wreg      void 
 Registers used:
		wreg, status,2
 Tracked objects:
		On entry : 
		On exit  : 
		Unchanged: 
 Data sizes:     COMMON   BANK0   BANK1   BANK2   BANK3   BANK4   BANK5
      Params:         0       0       0       0       0       0       0
      Locals:         0       0       0       0       0       0       0
      Temps:          0       1       0       0       0       0       0
      Totals:         0       1       0       0       0       0       0
Total ram usage:        1 bytes
 Hardware stack levels used:    1
 Hardware stack levels required when called:    4
 This function calls:
		Nothing
 This function is called by:
		_SYSTEM_Initialize
 This function uses a non-reentrant model


 *************** function _ADC_Initialize *****************
 Defined at:
		line 64 in file "mcc_generated_files/adc.c"
 Parameters:    Size  Location     Type
		None
 Auto vars:     Size  Location     Type
		None
 Return value:  Size  Location     Type
                  1    wreg      void 
 Registers used:
		wreg, status,2
 Tracked objects:
		On entry : 
		On exit  : 
		Unchanged: 
 Data sizes:     COMMON   BANK0   BANK1   BANK2   BANK3   BANK4   BANK5
      Params:         0       0       0       0       0       0       0
      Locals:         0       0       0       0       0       0       0
      Temps:          0       0       0       0       0       0       0
      Totals:         0       0       0       0       0       0       0
Total ram usage:        0 bytes
 Hardware stack levels used:    1
 Hardware stack levels required when called:    4
 This function calls:
		Nothing
 This function is called by:
		_SYSTEM_Initialize
 This function uses a non-reentrant model


 *************** function _DHT_result *****************
 Defined at:
		line 409 in file "main.c"
 Parameters:    Size  Location     Type
		None
 Auto vars:     Size  Location     Type
		None
 Return value:  Size  Location     Type
                  1    wreg      void 
 Registers used:
		wreg, fsr0l, fsr0h, fsr1l, fsr1h, status,2, status,0, pclath, cstack
 Tracked objects:
		On entry : 
		On exit  : 
		Unchanged: 
 Data sizes:     COMMON   BANK0   BANK1   BANK2   BANK3   BANK4   BANK5
      Params:         0       0       0       0       0       0       0
      Locals:         0       0       0       0       0       0       0
      Temps:          0      14       0       0       0       0       0
      Totals:         0      14       0       0       0       0       0
Total ram usage:       14 bytes
 Hardware stack levels used:    1
 Hardware stack levels required when called:    8
 This function calls:
		_ReadData
		_sprintf
 This function is called by:
		_main
 This function uses a non-reentrant model


 *************** function _sprintf *****************
 Defined at:
		line 13 in file "C:\Program Files (x86)\Microchip\xc8\v1.42\sources\common\sprintf.c"
 Parameters:    Size  Location     Type
  wh              1    wreg     PTR unsigned char 
		 -> line2(1), 
  f               2   27[BANK0 ] PTR const unsigned char 
		 -> STR_9(17), 
 Auto vars:     Size  Location     Type
  wh              1   32[BANK0 ] PTR unsigned char 
		 -> line2(1), 
  pb              3   34[BANK0 ] struct __prbuf
  ap              1   33[BANK0 ] PTR void [1]
		 -> ?_sprintf(2), ?_printf(2), 
 Return value:  Size  Location     Type
                  2   27[BANK0 ] int 
 Registers used:
		wreg, fsr0l, fsr0h, fsr1l, fsr1h, status,2, status,0, pclath, cstack
 Tracked objects:
		On entry : 
		On exit  : 
		Unchanged: 
 Data sizes:     COMMON   BANK0   BANK1   BANK2   BANK3   BANK4   BANK5
      Params:         0       4       0       0       0       0       0
      Locals:         0       5       0       0       0       0       0
      Temps:          0       1       0       0       0       0       0
      Totals:         0      10       0       0       0       0       0
Total ram usage:       10 bytes
 Hardware stack levels used:    1
 Hardware stack levels required when called:    7
 This function calls:
		__doprnt
 This function is called by:
		_DHT_result
 This function uses a non-reentrant model


 *************** function __doprnt *****************
 Defined at:
		line 458 in file "C:\Program Files (x86)\Microchip\xc8\v1.42\sources\common\doprnt.c"
 Parameters:    Size  Location     Type
  pb              1    wreg     PTR struct __prbuf
		 -> sprintf@pb(3), printf@pb(3), 
  f               2   14[BANK0 ] PTR const unsigned char 
		 -> STR_9(17), STR_8(14), STR_7(18), STR_6(10), 
		 -> STR_5(15), STR_4(3), STR_3(12), STR_2(21), 
		 -> STR_1(14), 
  ap              1   16[BANK0 ] PTR PTR void 
		 -> sprintf@ap(1), printf@ap(1), 
 Auto vars:     Size  Location     Type
  pb              1   26[BANK0 ] PTR struct __prbuf
		 -> sprintf@pb(3), printf@pb(3), 
  tmpval          4    0        struct .
  val             2   23[BANK0 ] unsigned int 
  cp              2    0        PTR const unsigned char 
  len             2    0        unsigned int 
  c               1   25[BANK0 ] char 
  prec            1   22[BANK0 ] char 
  flag            1   21[BANK0 ] unsigned char 
 Return value:  Size  Location     Type
                  2   14[BANK0 ] int 
 Registers used:
		wreg, fsr0l, fsr0h, fsr1l, fsr1h, status,2, status,0, pclath, cstack
 Tracked objects:
		On entry : 
		On exit  : 
		Unchanged: 
 Data sizes:     COMMON   BANK0   BANK1   BANK2   BANK3   BANK4   BANK5
      Params:         0       3       0       0       0       0       0
      Locals:         0       6       0       0       0       0       0
      Temps:          0       4       0       0       0       0       0
      Totals:         0      13       0       0       0       0       0
Total ram usage:       13 bytes
 Hardware stack levels used:    1
 Hardware stack levels required when called:    6
 This function calls:
		Absolute function
		___lwdiv
		___lwmod
		_putch
 This function is called by:
		_sprintf
		_printf
 This function uses a non-reentrant model


 *************** function _putch *****************
 Defined at:
		line 161 in file "mcc_generated_files/eusart.c"
 Parameters:    Size  Location     Type
  txData          1    2[BANK0 ] unsigned char 
 Auto vars:     Size  Location     Type
		None
 Return value:  Size  Location     Type
                  1    wreg      void 
 Registers used:
		wreg, fsr1l, fsr1h, status,2, status,0, pclath, cstack
 Tracked objects:
		On entry : 
		On exit  : 
		Unchanged: 
 Data sizes:     COMMON   BANK0   BANK1   BANK2   BANK3   BANK4   BANK5
      Params:         0       1       0       0       0       0       0
      Locals:         0       0       0       0       0       0       0
      Temps:          0       0       0       0       0       0       0
      Totals:         0       1       0       0       0       0       0
Total ram usage:        1 bytes
 Hardware stack levels used:    1
 Hardware stack levels required when called:    5
 This function calls:
		_EUSART_Write
 This function is called by:
		_sms_text
		_int_gsm
		__doprnt
		_printf
 This function uses a non-reentrant model


 *************** function _EUSART_Write *****************
 Defined at:
		line 133 in file "mcc_generated_files/eusart.c"
 Parameters:    Size  Location     Type
  txData          1    wreg     unsigned char 
 Auto vars:     Size  Location     Type
  txData          1    1[BANK0 ] unsigned char 
 Return value:  Size  Location     Type
                  1    wreg      void 
 Registers used:
		wreg, fsr1l, fsr1h, status,2, status,0
 Tracked objects:
		On entry : 
		On exit  : 
		Unchanged: 
 Data sizes:     COMMON   BANK0   BANK1   BANK2   BANK3   BANK4   BANK5
      Params:         0       0       0       0       0       0       0
      Locals:         0       1       0       0       0       0       0
      Temps:          0       1       0       0       0       0       0
      Totals:         0       2       0       0       0       0       0
Total ram usage:        2 bytes
 Hardware stack levels used:    1
 Hardware stack levels required when called:    4
 This function calls:
		Nothing
 This function is called by:
		_putch
 This function uses a non-reentrant model


 *************** function ___lwmod *****************
 Defined at:
		line 6 in file "C:\Program Files (x86)\Microchip\xc8\v1.42\sources\common\lwmod.c"
 Parameters:    Size  Location     Type
  divisor         2    8[BANK0 ] unsigned int 
  dividend        2   10[BANK0 ] unsigned int 
 Auto vars:     Size  Location     Type
  counter         1   13[BANK0 ] unsigned char 
 Return value:  Size  Location     Type
                  2    8[BANK0 ] unsigned int 
 Registers used:
		wreg, status,2, status,0
 Tracked objects:
		On entry : 
		On exit  : 
		Unchanged: 
 Data sizes:     COMMON   BANK0   BANK1   BANK2   BANK3   BANK4   BANK5
      Params:         0       4       0       0       0       0       0
      Locals:         0       1       0       0       0       0       0
      Temps:          0       1       0       0       0       0       0
      Totals:         0       6       0       0       0       0       0
Total ram usage:        6 bytes
 Hardware stack levels used:    1
 Hardware stack levels required when called:    4
 This function calls:
		Nothing
 This function is called by:
		__doprnt
 This function uses a non-reentrant model


 *************** function ___lwdiv *****************
 Defined at:
		line 6 in file "C:\Program Files (x86)\Microchip\xc8\v1.42\sources\common\lwdiv.c"
 Parameters:    Size  Location     Type
  divisor         2    0[BANK0 ] unsigned int 
  dividend        2    2[BANK0 ] unsigned int 
 Auto vars:     Size  Location     Type
  quotient        2    5[BANK0 ] unsigned int 
  counter         1    7[BANK0 ] unsigned char 
 Return value:  Size  Location     Type
                  2    0[BANK0 ] unsigned int 
 Registers used:
		wreg, status,2, status,0
 Tracked objects:
		On entry : 
		On exit  : 
		Unchanged: 
 Data sizes:     COMMON   BANK0   BANK1   BANK2   BANK3   BANK4   BANK5
      Params:         0       4       0       0       0       0       0
      Locals:         0       3       0       0       0       0       0
      Temps:          0       1       0       0       0       0       0
      Totals:         0       8       0       0       0       0       0
Total ram usage:        8 bytes
 Hardware stack levels used:    1
 Hardware stack levels required when called:    4
 This function calls:
		Nothing
 This function is called by:
		__doprnt
 This function uses a non-reentrant model


 *************** function _ReadData *****************
 Defined at:
		line 394 in file "main.c"
 Parameters:    Size  Location     Type
		None
 Auto vars:     Size  Location     Type
  j               1    3[BANK0 ] unsigned char 
  i               1    2[BANK0 ] unsigned char 
 Return value:  Size  Location     Type
                  1    wreg      unsigned char 
 Registers used:
		wreg, status,2, status,0
 Tracked objects:
		On entry : 
		On exit  : 
		Unchanged: 
 Data sizes:     COMMON   BANK0   BANK1   BANK2   BANK3   BANK4   BANK5
      Params:         0       0       0       0       0       0       0
      Locals:         0       2       0       0       0       0       0
      Temps:          0       2       0       0       0       0       0
      Totals:         0       4       0       0       0       0       0
Total ram usage:        4 bytes
 Hardware stack levels used:    1
 Hardware stack levels required when called:    4
 This function calls:
		Nothing
 This function is called by:
		_DHT_result
 This function uses a non-reentrant model


 *************** function _CheckResponse *****************
 Defined at:
		line 386 in file "main.c"
 Parameters:    Size  Location     Type
		None
 Auto vars:     Size  Location     Type
		None
 Return value:  Size  Location     Type
                  1    wreg      void 
 Registers used:
		wreg, status,2
 Tracked objects:
		On entry : 
		On exit  : 
		Unchanged: 
 Data sizes:     COMMON   BANK0   BANK1   BANK2   BANK3   BANK4   BANK5
      Params:         0       0       0       0       0       0       0
      Locals:         0       0       0       0       0       0       0
      Temps:          0       0       0       0       0       0       0
      Totals:         0       0       0       0       0       0       0
Total ram usage:        0 bytes
 Hardware stack levels used:    1
 Hardware stack levels required when called:    4
 This function calls:
		Nothing
 This function is called by:
		_main
 This function uses a non-reentrant model


 *************** function _ADC_StartConversion *****************
 Defined at:
		line 92 in file "mcc_generated_files/adc.c"
 Parameters:    Size  Location     Type
		None
 Auto vars:     Size  Location     Type
		None
 Return value:  Size  Location     Type
                  1    wreg      void 
 Registers used:
		None
 Tracked objects:
		On entry : 
		On exit  : 
		Unchanged: 
 Data sizes:     COMMON   BANK0   BANK1   BANK2   BANK3   BANK4   BANK5
      Params:         0       0       0       0       0       0       0
      Locals:         0       0       0       0       0       0       0
      Temps:          0       0       0       0       0       0       0
      Totals:         0       0       0       0       0       0       0
Total ram usage:        0 bytes
 Hardware stack levels used:    1
 Hardware stack levels required when called:    4
 This function calls:
		Nothing
 This function is called by:
		_main
 This function uses a non-reentrant model


 *************** function _INTERRUPT_InterruptManager *****************
 Defined at:
		line 51 in file "mcc_generated_files/interrupt_manager.c"
 Parameters:    Size  Location     Type
		None
 Auto vars:     Size  Location     Type
		None
 Return value:  Size  Location     Type
                  1    wreg      void 
 Registers used:
		wreg, fsr1l, fsr1h, status,2, status,0, pclath, cstack
 Tracked objects:
		On entry : 
		On exit  : 
		Unchanged: 
 Data sizes:     COMMON   BANK0   BANK1   BANK2   BANK3   BANK4   BANK5
      Params:         0       0       0       0       0       0       0
      Locals:         0       0       0       0       0       0       0
      Temps:          1       0       0       0       0       0       0
      Totals:         1       0       0       0       0       0       0
Total ram usage:        1 bytes
 Hardware stack levels used:    1
 Hardware stack levels required when called:    3
 This function calls:
		_ADC_ISR
		_EUSART_Receive_ISR
		_EUSART_Transmit_ISR
		_TMR1_ISR
 This function is called by:
		Interrupt level 1
 This function uses a non-reentrant model


 *************** function _TMR1_ISR *****************
 Defined at:
		line 161 in file "mcc_generated_files/tmr1.c"
 Parameters:    Size  Location     Type
		None
 Auto vars:     Size  Location     Type
		None
 Return value:  Size  Location     Type
                  1    wreg      void 
 Registers used:
		wreg, status,2, status,0, pclath, cstack
 Tracked objects:
		On entry : 
		On exit  : 
		Unchanged: 
 Data sizes:     COMMON   BANK0   BANK1   BANK2   BANK3   BANK4   BANK5
      Params:         0       0       0       0       0       0       0
      Locals:         0       0       0       0       0       0       0
      Temps:          0       0       0       0       0       0       0
      Totals:         0       0       0       0       0       0       0
Total ram usage:        0 bytes
 Hardware stack levels used:    1
 Hardware stack levels required when called:    2
 This function calls:
		_TMR1_CallBack
 This function is called by:
		_INTERRUPT_InterruptManager
 This function uses a non-reentrant model


 *************** function _TMR1_CallBack *****************
 Defined at:
		line 182 in file "mcc_generated_files/tmr1.c"
 Parameters:    Size  Location     Type
		None
 Auto vars:     Size  Location     Type
		None
 Return value:  Size  Location     Type
                  1    wreg      void 
 Registers used:
		wreg, status,2, status,0, pclath, cstack
 Tracked objects:
		On entry : 
		On exit  : 
		Unchanged: 
 Data sizes:     COMMON   BANK0   BANK1   BANK2   BANK3   BANK4   BANK5
      Params:         0       0       0       0       0       0       0
      Locals:         0       0       0       0       0       0       0
      Temps:          0       0       0       0       0       0       0
      Totals:         0       0       0       0       0       0       0
Total ram usage:        0 bytes
 Hardware stack levels used:    1
 Hardware stack levels required when called:    1
 This function calls:
		Absolute function
		_TMR1_DefaultInterruptHandler
 This function is called by:
		_TMR1_ISR
 This function uses a non-reentrant model


 *************** function _TMR1_DefaultInterruptHandler *****************
 Defined at:
		line 221 in file "mcc_generated_files/tmr1.c"
 Parameters:    Size  Location     Type
		None
 Auto vars:     Size  Location     Type
		None
 Return value:  Size  Location     Type
                  1    wreg      void 
 Registers used:
		None
 Tracked objects:
		On entry : 
		On exit  : 
		Unchanged: 
 Data sizes:     COMMON   BANK0   BANK1   BANK2   BANK3   BANK4   BANK5
      Params:         0       0       0       0       0       0       0
      Locals:         0       0       0       0       0       0       0
      Temps:          0       0       0       0       0       0       0
      Totals:         0       0       0       0       0       0       0
Total ram usage:        0 bytes
 Hardware stack levels used:    1
 This function calls:
		Nothing
 This function is called by:
		_TMR1_Initialize
		_TMR1_CallBack
 This function uses a non-reentrant model


 *************** function _EUSART_Transmit_ISR *****************
 Defined at:
		line 166 in file "mcc_generated_files/eusart.c"
 Parameters:    Size  Location     Type
		None
 Auto vars:     Size  Location     Type
		None
 Return value:  Size  Location     Type
                  1    wreg      void 
 Registers used:
		wreg, fsr1l, fsr1h, status,2, status,0
 Tracked objects:
		On entry : 
		On exit  : 
		Unchanged: 
 Data sizes:     COMMON   BANK0   BANK1   BANK2   BANK3   BANK4   BANK5
      Params:         0       0       0       0       0       0       0
      Locals:         0       0       0       0       0       0       0
      Temps:          1       0       0       0       0       0       0
      Totals:         1       0       0       0       0       0       0
Total ram usage:        1 bytes
 Hardware stack levels used:    1
 This function calls:
		Nothing
 This function is called by:
		_INTERRUPT_InterruptManager
 This function uses a non-reentrant model


 *************** function _EUSART_Receive_ISR *****************
 Defined at:
		line 185 in file "mcc_generated_files/eusart.c"
 Parameters:    Size  Location     Type
		None
 Auto vars:     Size  Location     Type
		None
 Return value:  Size  Location     Type
                  1    wreg      void 
 Registers used:
		wreg, fsr1l, fsr1h, status,2, status,0
 Tracked objects:
		On entry : 
		On exit  : 
		Unchanged: 
 Data sizes:     COMMON   BANK0   BANK1   BANK2   BANK3   BANK4   BANK5
      Params:         0       0       0       0       0       0       0
      Locals:         0       0       0       0       0       0       0
      Temps:          1       0       0       0       0       0       0
      Totals:         1       0       0       0       0       0       0
Total ram usage:        1 bytes
 Hardware stack levels used:    1
 This function calls:
		Nothing
 This function is called by:
		_INTERRUPT_InterruptManager
 This function uses a non-reentrant model


 *************** function _ADC_ISR *****************
 Defined at:
		line 136 in file "mcc_generated_files/adc.c"
 Parameters:    Size  Location     Type
		None
 Auto vars:     Size  Location     Type
		None
 Return value:  Size  Location     Type
                  1    wreg      void 
 Registers used:
		wreg, status,2, status,0, pclath, cstack
 Tracked objects:
		On entry : 
		On exit  : 
		Unchanged: 
 Data sizes:     COMMON   BANK0   BANK1   BANK2   BANK3   BANK4   BANK5
      Params:         0       0       0       0       0       0       0
      Locals:         0       0       0       0       0       0       0
      Temps:          0       0       0       0       0       0       0
      Totals:         0       0       0       0       0       0       0
Total ram usage:        0 bytes
 Hardware stack levels used:    1
 Hardware stack levels required when called:    1
 This function calls:
		_ADC_GetConversionResult
		i1_ADC_StartConversion
 This function is called by:
		_INTERRUPT_InterruptManager
 This function uses a non-reentrant model


 *************** function i1_ADC_StartConversion *****************
 Defined at:
		line 92 in file "mcc_generated_files/adc.c"
 Parameters:    Size  Location     Type
		None
 Auto vars:     Size  Location     Type
		None
 Return value:  Size  Location     Type
                  1    wreg      void 
 Registers used:
		None
 Tracked objects:
		On entry : 
		On exit  : 
		Unchanged: 
 Data sizes:     COMMON   BANK0   BANK1   BANK2   BANK3   BANK4   BANK5
      Params:         0       0       0       0       0       0       0
      Locals:         0       0       0       0       0       0       0
      Temps:          0       0       0       0       0       0       0
      Totals:         0       0       0       0       0       0       0
Total ram usage:        0 bytes
 Hardware stack levels used:    1
 This function calls:
		Nothing
 This function is called by:
		_ADC_ISR
 This function uses a non-reentrant model


 *************** function _ADC_GetConversionResult *****************
 Defined at:
		line 105 in file "mcc_generated_files/adc.c"
 Parameters:    Size  Location     Type
		None
 Auto vars:     Size  Location     Type
		None
 Return value:  Size  Location     Type
                  2    0[COMMON] unsigned int 
 Registers used:
		wreg, status,2, status,0
 Tracked objects:
		On entry : 
		On exit  : 
		Unchanged: 
 Data sizes:     COMMON   BANK0   BANK1   BANK2   BANK3   BANK4   BANK5
      Params:         2       0       0       0       0       0       0
      Locals:         0       0       0       0       0       0       0
      Temps:          7       0       0       0       0       0       0
      Totals:         9       0       0       0       0       0       0
Total ram usage:        9 bytes
 Hardware stack levels used:    1
 This function calls:
		Nothing
 This function is called by:
		_ADC_ISR
 This function uses a non-reentrant model



MODULE INFORMATION

Module		Function		Class		Link	Load	Size
C:\Program Files (x86)\Microchip\xc8\v1.42\sources\common\lwdiv.c
		___lwdiv       		CODE           	031C	0000	54

C:\Program Files (x86)\Microchip\xc8\v1.42\sources\common\lwdiv.c estimated size: 54

mcc_generated_files/interrupt_manager.c
		_INTERRUPT_InterruptManager		CODE           	0004	0000	57

mcc_generated_files/interrupt_manager.c estimated size: 57

mcc_generated_files/pin_manager.c
		_PIN_MANAGER_Initialize		CODE           	0427	0000	36

mcc_generated_files/pin_manager.c estimated size: 36

mcc_generated_files/adc.c
		_ADC_Initialize		CODE           	05FF	0000	10
		_ADC_GetConversionResult		CODE           	04DA	0000	29
		_ADC_StartConversion		CODE           	0628	0000	4
		_ADC_ISR       		CODE           	05C9	0000	14

mcc_generated_files/adc.c estimated size: 57

shared
		_dpowers       		STRCODE        	05E2	0000	11
		i1_ADC_StartConversion		CODE           	062B	0000	4
		__initialization		CODE           	003E	0000	49

shared estimated size: 64

mcc_generated_files/mcc.c
		_WDT_Initialize		CODE           	061E	0000	5
		_OSCILLATOR_Initialize		CODE           	0614	0000	6
		_SYSTEM_Initialize		CODE           	0589	0000	19

mcc_generated_files/mcc.c estimated size: 30

mcc_generated_files/tmr1.c
		_TMR1_Initialize		CODE           	04F6	0000	25
		_TMR1_SetInterruptHandler		CODE           	05F6	0000	10
		_TMR1_DefaultInterruptHandler		CODE           	0630	0000	2
		_TMR1_CallBack 		CODE           	024B	0000	78
		_TMR1_StartTimer		CODE           	0625	0000	4
		_TMR1_ISR      		CODE           	04A2	0000	29

mcc_generated_files/tmr1.c estimated size: 148

C:\Program Files (x86)\Microchip\xc8\v1.42\sources\common\sprintf.c
		_sprintf       		CODE           	0485	0000	30

C:\Program Files (x86)\Microchip\xc8\v1.42\sources\common\sprintf.c estimated size: 30

C:\Program Files (x86)\Microchip\xc8\v1.42\sources\common\lwmod.c
		___lwmod       		CODE           	0385	0000	46

C:\Program Files (x86)\Microchip\xc8\v1.42\sources\common\lwmod.c estimated size: 46

C:\Program Files (x86)\Microchip\xc8\v1.42\sources\common\doprnt.c
		__doprnt       		CODE           	0072	0000	286

C:\Program Files (x86)\Microchip\xc8\v1.42\sources\common\doprnt.c estimated size: 286

mcc_generated_files/eusart.c
		_putch         		CODE           	0619	0000	6
		_EUSART_Write  		CODE           	0402	0000	38
		_EUSART_Transmit_ISR		CODE           	04BE	0000	29
		_EUSART_Initialize		CODE           	0468	0000	30
		_EUSART_Receive_ISR		CODE           	0298	0000	77

mcc_generated_files/eusart.c estimated size: 180

main.c
		_CheckResponse 		CODE           	050E	0000	24
		_StartSignal   		CODE           	0563	0000	21
		_comand_lcd    		CODE           	054F	0000	21
		_send_nibble   		CODE           	03DC	0000	39
		_main          		CODE           	01F3	0000	89
		_send_data_byte		CODE           	053A	0000	22
		_DHT_result    		CODE           	018F	0000	101
		_init_lcd      		CODE           	0351	0000	53
		_ReadData      		CODE           	02E4	0000	57
		_send_command_byte		CODE           	044A	0000	31

main.c estimated size: 458

